<?xml version="1.0" encoding="UTF-8"?>
<testsuites>
  <testsuite name="/app/phpunit.xml" tests="862" assertions="5420" errors="0" failures="0" skipped="0" time="100.441194">
    <testsuite name="Unit" tests="317" assertions="1187" errors="0" failures="0" skipped="0" time="9.569161">
      <testsuite name="Tests\Unit\ExampleTest" file="/app/tests/Unit/ExampleTest.php" tests="1" assertions="1" errors="0" failures="0" skipped="0" time="0.613898">
        <testcase name="test_that_true_is_true" file="/app/tests/Unit/ExampleTest.php" line="11" class="Tests\Unit\ExampleTest" classname="Tests.Unit.ExampleTest" assertions="1" time="0.613898"/>
      </testsuite>
      <testsuite name="Tests\Unit\Playground\Models\Model\ModelTest" file="/app/vendor/gammamatrix/playground/tests/Unit/Models/Model/ModelTest.php" tests="5" assertions="5" errors="0" failures="0" skipped="0" time="0.375167">
        <testcase name="test_WithChildren_children_returns_HasMany" file="/app/vendor/gammamatrix/playground/tests/Unit/Models/Model/ModelTest.php" line="19" class="Tests\Unit\Playground\Models\Model\ModelTest" classname="Tests.Unit.Playground.Models.Model.ModelTest" assertions="1" time="0.277286"/>
        <testcase name="test_WithCreator_creator_returns_HasOne" file="/app/vendor/gammamatrix/playground/tests/Unit/Models/Model/ModelTest.php" line="26" class="Tests\Unit\Playground\Models\Model\ModelTest" classname="Tests.Unit.Playground.Models.Model.ModelTest" assertions="1" time="0.030185"/>
        <testcase name="test_WithModifier_modifier_returns_HasOne" file="/app/vendor/gammamatrix/playground/tests/Unit/Models/Model/ModelTest.php" line="33" class="Tests\Unit\Playground\Models\Model\ModelTest" classname="Tests.Unit.Playground.Models.Model.ModelTest" assertions="1" time="0.021965"/>
        <testcase name="test_WithOwner_owner_returns_HasOne" file="/app/vendor/gammamatrix/playground/tests/Unit/Models/Model/ModelTest.php" line="40" class="Tests\Unit\Playground\Models\Model\ModelTest" classname="Tests.Unit.Playground.Models.Model.ModelTest" assertions="1" time="0.021964"/>
        <testcase name="test_WithParent_parent_returns_HasOne" file="/app/vendor/gammamatrix/playground/tests/Unit/Models/Model/ModelTest.php" line="47" class="Tests\Unit\Playground\Models\Model\ModelTest" classname="Tests.Unit.Playground.Models.Model.ModelTest" assertions="1" time="0.023767"/>
      </testsuite>
      <testsuite name="Tests\Unit\Playground\Models\Scopes\ScopeFilterColumns\ModelTest" file="/app/vendor/gammamatrix/playground/tests/Unit/Models/Scopes/ScopeFilterColumns/ModelTest.php" tests="15" assertions="150" errors="0" failures="0" skipped="0" time="0.372202">
        <testcase name="test_scopeFilterColumns_returns_query_without_columns_or_filters" file="/app/vendor/gammamatrix/playground/tests/Unit/Models/Scopes/ScopeFilterColumns/ModelTest.php" line="36" class="Tests\Unit\Playground\Models\Scopes\ScopeFilterColumns\ModelTest" classname="Tests.Unit.Playground.Models.Scopes.ScopeFilterColumns.ModelTest" assertions="2" time="0.025572"/>
        <testcase name="test_scopeFilterColumns_returns_query_without_filters" file="/app/vendor/gammamatrix/playground/tests/Unit/Models/Scopes/ScopeFilterColumns/ModelTest.php" line="52" class="Tests\Unit\Playground\Models\Scopes\ScopeFilterColumns\ModelTest" classname="Tests.Unit.Playground.Models.Scopes.ScopeFilterColumns.ModelTest" assertions="4" time="0.022480"/>
        <testcase name="test_scopeFilterColumns_returns_query_with_invalid_column" file="/app/vendor/gammamatrix/playground/tests/Unit/Models/Scopes/ScopeFilterColumns/ModelTest.php" line="75" class="Tests\Unit\Playground\Models\Scopes\ScopeFilterColumns\ModelTest" classname="Tests.Unit.Playground.Models.Scopes.ScopeFilterColumns.ModelTest" assertions="4" time="0.022741"/>
        <testcase name="test_scopeFilterColumns_returns_query_with_filters_without_meta_for_strings" file="/app/vendor/gammamatrix/playground/tests/Unit/Models/Scopes/ScopeFilterColumns/ModelTest.php" line="105" class="Tests\Unit\Playground\Models\Scopes\ScopeFilterColumns\ModelTest" classname="Tests.Unit.Playground.Models.Scopes.ScopeFilterColumns.ModelTest" assertions="8" time="0.023718"/>
        <testcase name="test_scopeFilterColumns_returns_query_with_null_comparison_and_ignore" file="/app/vendor/gammamatrix/playground/tests/Unit/Models/Scopes/ScopeFilterColumns/ModelTest.php" line="143" class="Tests\Unit\Playground\Models\Scopes\ScopeFilterColumns\ModelTest" classname="Tests.Unit.Playground.Models.Scopes.ScopeFilterColumns.ModelTest" assertions="4" time="0.023094"/>
        <testcase name="test_scopeFilterColumns_returns_query_with_comparison" file="/app/vendor/gammamatrix/playground/tests/Unit/Models/Scopes/ScopeFilterColumns/ModelTest.php" line="174" class="Tests\Unit\Playground\Models\Scopes\ScopeFilterColumns\ModelTest" classname="Tests.Unit.Playground.Models.Scopes.ScopeFilterColumns.ModelTest" assertions="6" time="0.023475"/>
        <testcase name="test_scopeFilterColumns_with_boolean_filter_type_and_null_value" file="/app/vendor/gammamatrix/playground/tests/Unit/Models/Scopes/ScopeFilterColumns/ModelTest.php" line="206" class="Tests\Unit\Playground\Models\Scopes\ScopeFilterColumns\ModelTest" classname="Tests.Unit.Playground.Models.Scopes.ScopeFilterColumns.ModelTest" assertions="6" time="0.023722"/>
        <testcase name="test_scopeFilterColumns_with_boolean_filter_type_and_true_value" file="/app/vendor/gammamatrix/playground/tests/Unit/Models/Scopes/ScopeFilterColumns/ModelTest.php" line="240" class="Tests\Unit\Playground\Models\Scopes\ScopeFilterColumns\ModelTest" classname="Tests.Unit.Playground.Models.Scopes.ScopeFilterColumns.ModelTest" assertions="6" time="0.024904"/>
        <testcase name="test_scopeFilterColumns_with_boolean_filter_type_and_false_value" file="/app/vendor/gammamatrix/playground/tests/Unit/Models/Scopes/ScopeFilterColumns/ModelTest.php" line="274" class="Tests\Unit\Playground\Models\Scopes\ScopeFilterColumns\ModelTest" classname="Tests.Unit.Playground.Models.Scopes.ScopeFilterColumns.ModelTest" assertions="6" time="0.024185"/>
        <testcase name="test_scopeFilterColumns_with_filter_operator_without_operator_and_default_to_like" file="/app/vendor/gammamatrix/playground/tests/Unit/Models/Scopes/ScopeFilterColumns/ModelTest.php" line="308" class="Tests\Unit\Playground\Models\Scopes\ScopeFilterColumns\ModelTest" classname="Tests.Unit.Playground.Models.Scopes.ScopeFilterColumns.ModelTest" assertions="6" time="0.024220"/>
        <testcase name="test_scopeFilterColumns_with_filter_operators" file="/app/vendor/gammamatrix/playground/tests/Unit/Models/Scopes/ScopeFilterColumns/ModelTest.php" line="342" class="Tests\Unit\Playground\Models\Scopes\ScopeFilterColumns\ModelTest" classname="Tests.Unit.Playground.Models.Scopes.ScopeFilterColumns.ModelTest" assertions="74" time="0.031962"/>
        <testcase name="test_scopeFilterColumns_with_between_filter_operator_without_single_parameter_and_ignore_between" file="/app/vendor/gammamatrix/playground/tests/Unit/Models/Scopes/ScopeFilterColumns/ModelTest.php" line="429" class="Tests\Unit\Playground\Models\Scopes\ScopeFilterColumns\ModelTest" classname="Tests.Unit.Playground.Models.Scopes.ScopeFilterColumns.ModelTest" assertions="4" time="0.025970"/>
        <testcase name="test_scopeFilterColumns_with_between_filter_operator" file="/app/vendor/gammamatrix/playground/tests/Unit/Models/Scopes/ScopeFilterColumns/ModelTest.php" line="462" class="Tests\Unit\Playground\Models\Scopes\ScopeFilterColumns\ModelTest" classname="Tests.Unit.Playground.Models.Scopes.ScopeFilterColumns.ModelTest" assertions="8" time="0.025176"/>
        <testcase name="test_scopeFilterColumns_with_not_between_filter_operator_without_single_parameter_and_ignore_between" file="/app/vendor/gammamatrix/playground/tests/Unit/Models/Scopes/ScopeFilterColumns/ModelTest.php" line="499" class="Tests\Unit\Playground\Models\Scopes\ScopeFilterColumns\ModelTest" classname="Tests.Unit.Playground.Models.Scopes.ScopeFilterColumns.ModelTest" assertions="4" time="0.024879"/>
        <testcase name="test_scopeFilterColumns_with_not_between_filter_operator" file="/app/vendor/gammamatrix/playground/tests/Unit/Models/Scopes/ScopeFilterColumns/ModelTest.php" line="532" class="Tests\Unit\Playground\Models\Scopes\ScopeFilterColumns\ModelTest" classname="Tests.Unit.Playground.Models.Scopes.ScopeFilterColumns.ModelTest" assertions="8" time="0.026104"/>
      </testsuite>
      <testsuite name="Tests\Unit\Playground\Models\Scopes\ScopeFilterDates\ModelTest" file="/app/vendor/gammamatrix/playground/tests/Unit/Models/Scopes/ScopeFilterDates/ModelTest.php" tests="18" assertions="160" errors="0" failures="0" skipped="0" time="0.447267">
        <testcase name="test_scopeFilterDates_returns_query_without_dates_or_filters" file="/app/vendor/gammamatrix/playground/tests/Unit/Models/Scopes/ScopeFilterDates/ModelTest.php" line="36" class="Tests\Unit\Playground\Models\Scopes\ScopeFilterDates\ModelTest" classname="Tests.Unit.Playground.Models.Scopes.ScopeFilterDates.ModelTest" assertions="2" time="0.021974"/>
        <testcase name="test_scopeFilterDates_returns_query_without_filters" file="/app/vendor/gammamatrix/playground/tests/Unit/Models/Scopes/ScopeFilterDates/ModelTest.php" line="52" class="Tests\Unit\Playground\Models\Scopes\ScopeFilterDates\ModelTest" classname="Tests.Unit.Playground.Models.Scopes.ScopeFilterDates.ModelTest" assertions="4" time="0.022387"/>
        <testcase name="test_scopeFilterDates_returns_query_with_invalid_column" file="/app/vendor/gammamatrix/playground/tests/Unit/Models/Scopes/ScopeFilterDates/ModelTest.php" line="75" class="Tests\Unit\Playground\Models\Scopes\ScopeFilterDates\ModelTest" classname="Tests.Unit.Playground.Models.Scopes.ScopeFilterDates.ModelTest" assertions="4" time="0.022712"/>
        <testcase name="test_scopeFilterDates_returns_query_with_filters_without_meta_for_strings" file="/app/vendor/gammamatrix/playground/tests/Unit/Models/Scopes/ScopeFilterDates/ModelTest.php" line="105" class="Tests\Unit\Playground\Models\Scopes\ScopeFilterDates\ModelTest" classname="Tests.Unit.Playground.Models.Scopes.ScopeFilterDates.ModelTest" assertions="6" time="0.023535"/>
        <testcase name="test_scopeFilterDates_returns_query_with_null_comparison_and_ignore" file="/app/vendor/gammamatrix/playground/tests/Unit/Models/Scopes/ScopeFilterDates/ModelTest.php" line="140" class="Tests\Unit\Playground\Models\Scopes\ScopeFilterDates\ModelTest" classname="Tests.Unit.Playground.Models.Scopes.ScopeFilterDates.ModelTest" assertions="4" time="0.023031"/>
        <testcase name="test_scopeFilterDates_returns_query_with_null_comparison_and_allow" file="/app/vendor/gammamatrix/playground/tests/Unit/Models/Scopes/ScopeFilterDates/ModelTest.php" line="175" class="Tests\Unit\Playground\Models\Scopes\ScopeFilterDates\ModelTest" classname="Tests.Unit.Playground.Models.Scopes.ScopeFilterDates.ModelTest" assertions="4" time="0.023326"/>
        <testcase name="test_scopeFilterDates_returns_query_with_comparison" file="/app/vendor/gammamatrix/playground/tests/Unit/Models/Scopes/ScopeFilterDates/ModelTest.php" line="210" class="Tests\Unit\Playground\Models\Scopes\ScopeFilterDates\ModelTest" classname="Tests.Unit.Playground.Models.Scopes.ScopeFilterDates.ModelTest" assertions="6" time="0.024065"/>
        <testcase name="test_scopeFilterDates_returns_query_with_wildcard" file="/app/vendor/gammamatrix/playground/tests/Unit/Models/Scopes/ScopeFilterDates/ModelTest.php" line="243" class="Tests\Unit\Playground\Models\Scopes\ScopeFilterDates\ModelTest" classname="Tests.Unit.Playground.Models.Scopes.ScopeFilterDates.ModelTest" assertions="6" time="0.023823"/>
        <testcase name="test_scopeFilterDates_returns_query_with_operator_wildcard" file="/app/vendor/gammamatrix/playground/tests/Unit/Models/Scopes/ScopeFilterDates/ModelTest.php" line="275" class="Tests\Unit\Playground\Models\Scopes\ScopeFilterDates\ModelTest" classname="Tests.Unit.Playground.Models.Scopes.ScopeFilterDates.ModelTest" assertions="6" time="0.024025"/>
        <testcase name="test_scopeFilterDates_returns_query_with_object_value_and_ignore" file="/app/vendor/gammamatrix/playground/tests/Unit/Models/Scopes/ScopeFilterDates/ModelTest.php" line="309" class="Tests\Unit\Playground\Models\Scopes\ScopeFilterDates\ModelTest" classname="Tests.Unit.Playground.Models.Scopes.ScopeFilterDates.ModelTest" assertions="4" time="0.024020"/>
        <testcase name="test_scopeFilterDates_returns_query_with_unnullable_value_and_ignore" file="/app/vendor/gammamatrix/playground/tests/Unit/Models/Scopes/ScopeFilterDates/ModelTest.php" line="342" class="Tests\Unit\Playground\Models\Scopes\ScopeFilterDates\ModelTest" classname="Tests.Unit.Playground.Models.Scopes.ScopeFilterDates.ModelTest" assertions="4" time="0.025553"/>
        <testcase name="test_scopeFilterDates_returns_query_with_invalid_operator_and_use_like" file="/app/vendor/gammamatrix/playground/tests/Unit/Models/Scopes/ScopeFilterDates/ModelTest.php" line="374" class="Tests\Unit\Playground\Models\Scopes\ScopeFilterDates\ModelTest" classname="Tests.Unit.Playground.Models.Scopes.ScopeFilterDates.ModelTest" assertions="6" time="0.025002"/>
        <testcase name="test_scopeFilterDates_returns_query_with_invalid_parsable_value_and_ignore" file="/app/vendor/gammamatrix/playground/tests/Unit/Models/Scopes/ScopeFilterDates/ModelTest.php" line="412" class="Tests\Unit\Playground\Models\Scopes\ScopeFilterDates\ModelTest" classname="Tests.Unit.Playground.Models.Scopes.ScopeFilterDates.ModelTest" assertions="4" time="0.025129"/>
        <testcase name="test_scopeFilterDates_returns_query_with_short_date_and_gte_operator" file="/app/vendor/gammamatrix/playground/tests/Unit/Models/Scopes/ScopeFilterDates/ModelTest.php" line="445" class="Tests\Unit\Playground\Models\Scopes\ScopeFilterDates\ModelTest" classname="Tests.Unit.Playground.Models.Scopes.ScopeFilterDates.ModelTest" assertions="6" time="0.025185"/>
        <testcase name="test_scopeFilterDates_returns_query_with_phrase_date_and_automatically_parse" file="/app/vendor/gammamatrix/playground/tests/Unit/Models/Scopes/ScopeFilterDates/ModelTest.php" line="480" class="Tests\Unit\Playground\Models\Scopes\ScopeFilterDates\ModelTest" classname="Tests.Unit.Playground.Models.Scopes.ScopeFilterDates.ModelTest" assertions="6" time="0.027319"/>
        <testcase name="test_scopeFilterDates_with_between_filter_operator_with_parse" file="/app/vendor/gammamatrix/playground/tests/Unit/Models/Scopes/ScopeFilterDates/ModelTest.php" line="518" class="Tests\Unit\Playground\Models\Scopes\ScopeFilterDates\ModelTest" classname="Tests.Unit.Playground.Models.Scopes.ScopeFilterDates.ModelTest" assertions="7" time="0.026227"/>
        <testcase name="test_scopeFilterDates_with_not_between_filter_operator_with_parse" file="/app/vendor/gammamatrix/playground/tests/Unit/Models/Scopes/ScopeFilterDates/ModelTest.php" line="563" class="Tests\Unit\Playground\Models\Scopes\ScopeFilterDates\ModelTest" classname="Tests.Unit.Playground.Models.Scopes.ScopeFilterDates.ModelTest" assertions="7" time="0.026209"/>
        <testcase name="test_scopeFilterDates_with_filter_operators" file="/app/vendor/gammamatrix/playground/tests/Unit/Models/Scopes/ScopeFilterDates/ModelTest.php" line="608" class="Tests\Unit\Playground\Models\Scopes\ScopeFilterDates\ModelTest" classname="Tests.Unit.Playground.Models.Scopes.ScopeFilterDates.ModelTest" assertions="74" time="0.033745"/>
      </testsuite>
      <testsuite name="Tests\Unit\Playground\Models\Scopes\ScopeFilterFlags\ModelTest" file="/app/vendor/gammamatrix/playground/tests/Unit/Models/Scopes/ScopeFilterFlags/ModelTest.php" tests="3" assertions="14" errors="0" failures="0" skipped="0" time="0.067370">
        <testcase name="test_scopeFilterFlags_returns_query_without_flags_or_filters" file="/app/vendor/gammamatrix/playground/tests/Unit/Models/Scopes/ScopeFilterFlags/ModelTest.php" line="36" class="Tests\Unit\Playground\Models\Scopes\ScopeFilterFlags\ModelTest" classname="Tests.Unit.Playground.Models.Scopes.ScopeFilterFlags.ModelTest" assertions="2" time="0.021928"/>
        <testcase name="test_scopeFilterFlags_returns_query_without_filters" file="/app/vendor/gammamatrix/playground/tests/Unit/Models/Scopes/ScopeFilterFlags/ModelTest.php" line="52" class="Tests\Unit\Playground\Models\Scopes\ScopeFilterFlags\ModelTest" classname="Tests.Unit.Playground.Models.Scopes.ScopeFilterFlags.ModelTest" assertions="4" time="0.022464"/>
        <testcase name="test_scopeFilterFlags_returns_query_with_filters" file="/app/vendor/gammamatrix/playground/tests/Unit/Models/Scopes/ScopeFilterFlags/ModelTest.php" line="75" class="Tests\Unit\Playground\Models\Scopes\ScopeFilterFlags\ModelTest" classname="Tests.Unit.Playground.Models.Scopes.ScopeFilterFlags.ModelTest" assertions="8" time="0.022978"/>
      </testsuite>
      <testsuite name="Tests\Unit\Playground\Models\Scopes\ScopeFilterIds\ModelTest" file="/app/vendor/gammamatrix/playground/tests/Unit/Models/Scopes/ScopeFilterIds/ModelTest.php" tests="11" assertions="70" errors="0" failures="0" skipped="0" time="0.283765">
        <testcase name="test_scopeFilterIds_returns_query_without_ids_or_filters" file="/app/vendor/gammamatrix/playground/tests/Unit/Models/Scopes/ScopeFilterIds/ModelTest.php" line="36" class="Tests\Unit\Playground\Models\Scopes\ScopeFilterIds\ModelTest" classname="Tests.Unit.Playground.Models.Scopes.ScopeFilterIds.ModelTest" assertions="2" time="0.022090"/>
        <testcase name="test_scopeFilterIds_returns_query_without_filters" file="/app/vendor/gammamatrix/playground/tests/Unit/Models/Scopes/ScopeFilterIds/ModelTest.php" line="52" class="Tests\Unit\Playground\Models\Scopes\ScopeFilterIds\ModelTest" classname="Tests.Unit.Playground.Models.Scopes.ScopeFilterIds.ModelTest" assertions="4" time="0.022428"/>
        <testcase name="test_scopeFilterIds_returns_query_with_invalid_column" file="/app/vendor/gammamatrix/playground/tests/Unit/Models/Scopes/ScopeFilterIds/ModelTest.php" line="75" class="Tests\Unit\Playground\Models\Scopes\ScopeFilterIds\ModelTest" classname="Tests.Unit.Playground.Models.Scopes.ScopeFilterIds.ModelTest" assertions="4" time="0.023437"/>
        <testcase name="test_scopeFilterIds_returns_query_with_null_comparison" file="/app/vendor/gammamatrix/playground/tests/Unit/Models/Scopes/ScopeFilterIds/ModelTest.php" line="105" class="Tests\Unit\Playground\Models\Scopes\ScopeFilterIds\ModelTest" classname="Tests.Unit.Playground.Models.Scopes.ScopeFilterIds.ModelTest" assertions="4" time="0.023475"/>
        <testcase name="test_scopeFilterIds_returns_query_with_comparison" file="/app/vendor/gammamatrix/playground/tests/Unit/Models/Scopes/ScopeFilterIds/ModelTest.php" line="136" class="Tests\Unit\Playground\Models\Scopes\ScopeFilterIds\ModelTest" classname="Tests.Unit.Playground.Models.Scopes.ScopeFilterIds.ModelTest" assertions="6" time="0.023633"/>
        <testcase name="test_scopeFilterIds_returns_query_with_filters_array" file="/app/vendor/gammamatrix/playground/tests/Unit/Models/Scopes/ScopeFilterIds/ModelTest.php" line="168" class="Tests\Unit\Playground\Models\Scopes\ScopeFilterIds\ModelTest" classname="Tests.Unit.Playground.Models.Scopes.ScopeFilterIds.ModelTest" assertions="10" time="0.041753"/>
        <testcase name="test_scopeFilterIds_returns_query_with_filters_with_integer" file="/app/vendor/gammamatrix/playground/tests/Unit/Models/Scopes/ScopeFilterIds/ModelTest.php" line="218" class="Tests\Unit\Playground\Models\Scopes\ScopeFilterIds\ModelTest" classname="Tests.Unit.Playground.Models.Scopes.ScopeFilterIds.ModelTest" assertions="6" time="0.023673"/>
        <testcase name="test_scopeFilterIds_returns_query_with_array_of_ids_without_type" file="/app/vendor/gammamatrix/playground/tests/Unit/Models/Scopes/ScopeFilterIds/ModelTest.php" line="259" class="Tests\Unit\Playground\Models\Scopes\ScopeFilterIds\ModelTest" classname="Tests.Unit.Playground.Models.Scopes.ScopeFilterIds.ModelTest" assertions="10" time="0.025664"/>
        <testcase name="test_scopeFilterIds_returns_query_with_array_of_uuids_for_integer_type_ids_and_ignore" file="/app/vendor/gammamatrix/playground/tests/Unit/Models/Scopes/ScopeFilterIds/ModelTest.php" line="307" class="Tests\Unit\Playground\Models\Scopes\ScopeFilterIds\ModelTest" classname="Tests.Unit.Playground.Models.Scopes.ScopeFilterIds.ModelTest" assertions="4" time="0.025585"/>
        <testcase name="test_scopeFilterIds_returns_query_with_array_of_integer_ids_ignore_duplicate_id" file="/app/vendor/gammamatrix/playground/tests/Unit/Models/Scopes/ScopeFilterIds/ModelTest.php" line="348" class="Tests\Unit\Playground\Models\Scopes\ScopeFilterIds\ModelTest" classname="Tests.Unit.Playground.Models.Scopes.ScopeFilterIds.ModelTest" assertions="8" time="0.025316"/>
        <testcase name="test_scopeFilterIds_returns_query_with_filters_with_null_and_string_and_array" file="/app/vendor/gammamatrix/playground/tests/Unit/Models/Scopes/ScopeFilterIds/ModelTest.php" line="394" class="Tests\Unit\Playground\Models\Scopes\ScopeFilterIds\ModelTest" classname="Tests.Unit.Playground.Models.Scopes.ScopeFilterIds.ModelTest" assertions="12" time="0.026711"/>
      </testsuite>
      <testsuite name="Tests\Unit\Playground\Models\Scopes\ScopeFilterTrash\ModelTest" file="/app/vendor/gammamatrix/playground/tests/Unit/Models/Scopes/ScopeFilterTrash/ModelTest.php" tests="3" assertions="6" errors="0" failures="0" skipped="0" time="0.067780">
        <testcase name="test_scopeFilterTrash_returns_query_with_empty_visibility" file="/app/vendor/gammamatrix/playground/tests/Unit/Models/Scopes/ScopeFilterTrash/ModelTest.php" line="36" class="Tests\Unit\Playground\Models\Scopes\ScopeFilterTrash\ModelTest" classname="Tests.Unit.Playground.Models.Scopes.ScopeFilterTrash.ModelTest" assertions="2" time="0.021803"/>
        <testcase name="test_scopeFilterTrash_returns_query_with_trash" file="/app/vendor/gammamatrix/playground/tests/Unit/Models/Scopes/ScopeFilterTrash/ModelTest.php" line="52" class="Tests\Unit\Playground\Models\Scopes\ScopeFilterTrash\ModelTest" classname="Tests.Unit.Playground.Models.Scopes.ScopeFilterTrash.ModelTest" assertions="2" time="0.023692"/>
        <testcase name="test_scopeFilterTrash_returns_query_with_only_trash" file="/app/vendor/gammamatrix/playground/tests/Unit/Models/Scopes/ScopeFilterTrash/ModelTest.php" line="70" class="Tests\Unit\Playground\Models\Scopes\ScopeFilterTrash\ModelTest" classname="Tests.Unit.Playground.Models.Scopes.ScopeFilterTrash.ModelTest" assertions="2" time="0.022285"/>
      </testsuite>
      <testsuite name="Tests\Unit\Playground\Models\Scopes\ScopeSort\ModelTest" file="/app/vendor/gammamatrix/playground/tests/Unit/Models/Scopes/ScopeSort/ModelTest.php" tests="11" assertions="23" errors="0" failures="0" skipped="0" time="0.257699">
        <testcase name="test_scopeSort_returns_query_with_empty_sort" file="/app/vendor/gammamatrix/playground/tests/Unit/Models/Scopes/ScopeSort/ModelTest.php" line="36" class="Tests\Unit\Playground\Models\Scopes\ScopeSort\ModelTest" classname="Tests.Unit.Playground.Models.Scopes.ScopeSort.ModelTest" assertions="3" time="0.022896"/>
        <testcase name="test_scopeSort_returns_query_with_array_boolean_sort_asc" file="/app/vendor/gammamatrix/playground/tests/Unit/Models/Scopes/ScopeSort/ModelTest.php" line="54" class="Tests\Unit\Playground\Models\Scopes\ScopeSort\ModelTest" classname="Tests.Unit.Playground.Models.Scopes.ScopeSort.ModelTest" assertions="2" time="0.022565"/>
        <testcase name="test_scopeSort_returns_query_with_array_boolean_sort_desc" file="/app/vendor/gammamatrix/playground/tests/Unit/Models/Scopes/ScopeSort/ModelTest.php" line="74" class="Tests\Unit\Playground\Models\Scopes\ScopeSort\ModelTest" classname="Tests.Unit.Playground.Models.Scopes.ScopeSort.ModelTest" assertions="2" time="0.022705"/>
        <testcase name="test_scopeSort_returns_query_with_array_boolean_sort_pair" file="/app/vendor/gammamatrix/playground/tests/Unit/Models/Scopes/ScopeSort/ModelTest.php" line="94" class="Tests\Unit\Playground\Models\Scopes\ScopeSort\ModelTest" classname="Tests.Unit.Playground.Models.Scopes.ScopeSort.ModelTest" assertions="2" time="0.022812"/>
        <testcase name="test_scopeSort_returns_query_with_array_boolean_sort_triplet" file="/app/vendor/gammamatrix/playground/tests/Unit/Models/Scopes/ScopeSort/ModelTest.php" line="115" class="Tests\Unit\Playground\Models\Scopes\ScopeSort\ModelTest" classname="Tests.Unit.Playground.Models.Scopes.ScopeSort.ModelTest" assertions="2" time="0.023179"/>
        <testcase name="test_scopeSort_returns_query_with_csv_sort_asc" file="/app/vendor/gammamatrix/playground/tests/Unit/Models/Scopes/ScopeSort/ModelTest.php" line="137" class="Tests\Unit\Playground\Models\Scopes\ScopeSort\ModelTest" classname="Tests.Unit.Playground.Models.Scopes.ScopeSort.ModelTest" assertions="2" time="0.023295"/>
        <testcase name="test_scopeSort_returns_query_with_csv_sort_desc" file="/app/vendor/gammamatrix/playground/tests/Unit/Models/Scopes/ScopeSort/ModelTest.php" line="153" class="Tests\Unit\Playground\Models\Scopes\ScopeSort\ModelTest" classname="Tests.Unit.Playground.Models.Scopes.ScopeSort.ModelTest" assertions="2" time="0.023655"/>
        <testcase name="test_scopeSort_returns_query_with_simple_array_asc" file="/app/vendor/gammamatrix/playground/tests/Unit/Models/Scopes/ScopeSort/ModelTest.php" line="178" class="Tests\Unit\Playground\Models\Scopes\ScopeSort\ModelTest" classname="Tests.Unit.Playground.Models.Scopes.ScopeSort.ModelTest" assertions="2" time="0.023729"/>
        <testcase name="test_scopeSort_returns_query_with_simple_array_desc" file="/app/vendor/gammamatrix/playground/tests/Unit/Models/Scopes/ScopeSort/ModelTest.php" line="196" class="Tests\Unit\Playground\Models\Scopes\ScopeSort\ModelTest" classname="Tests.Unit.Playground.Models.Scopes.ScopeSort.ModelTest" assertions="2" time="0.024833"/>
        <testcase name="test_scopeSort_returns_query_with_hash_array_asc" file="/app/vendor/gammamatrix/playground/tests/Unit/Models/Scopes/ScopeSort/ModelTest.php" line="214" class="Tests\Unit\Playground\Models\Scopes\ScopeSort\ModelTest" classname="Tests.Unit.Playground.Models.Scopes.ScopeSort.ModelTest" assertions="2" time="0.023933"/>
        <testcase name="test_scopeSort_returns_query_with_hash_array_desc" file="/app/vendor/gammamatrix/playground/tests/Unit/Models/Scopes/ScopeSort/ModelTest.php" line="234" class="Tests\Unit\Playground\Models\Scopes\ScopeSort\ModelTest" classname="Tests.Unit.Playground.Models.Scopes.ScopeSort.ModelTest" assertions="2" time="0.024098"/>
      </testsuite>
      <testsuite name="Tests\Unit\Playground\Models\User\ModelTest" file="/app/vendor/gammamatrix/playground/tests/Unit/Models/User/ModelTest.php" tests="4" assertions="39" errors="0" failures="0" skipped="0" time="0.156142">
        <testcase name="test_add_has_and_remove_Abilities" file="/app/vendor/gammamatrix/playground/tests/Unit/Models/User/ModelTest.php" line="17" class="Tests\Unit\Playground\Models\User\ModelTest" classname="Tests.Unit.Playground.Models.User.ModelTest" assertions="9" time="0.083573"/>
        <testcase name="test_add_has_and_remove_Privileges" file="/app/vendor/gammamatrix/playground/tests/Unit/Models/User/ModelTest.php" line="51" class="Tests\Unit\Playground\Models\User\ModelTest" classname="Tests.Unit.Playground.Models.User.ModelTest" assertions="9" time="0.022515"/>
        <testcase name="test_add_has_and_remove_Roles" file="/app/vendor/gammamatrix/playground/tests/Unit/Models/User/ModelTest.php" line="85" class="Tests\Unit\Playground\Models\User\ModelTest" classname="Tests.Unit.Playground.Models.User.ModelTest" assertions="15" time="0.026526"/>
        <testcase name="test_isAdmin_with_admins_and_users" file="/app/vendor/gammamatrix/playground/tests/Unit/Models/User/ModelTest.php" line="146" class="Tests\Unit\Playground\Models\User\ModelTest" classname="Tests.Unit.Playground.Models.User.ModelTest" assertions="6" time="0.023528"/>
      </testsuite>
      <testsuite name="Tests\Unit\Playground\ServiceProvider\InstanceTest" file="/app/vendor/gammamatrix/playground/tests/Unit/ServiceProvider/InstanceTest.php" tests="5" assertions="9" errors="0" failures="0" skipped="0" time="0.113576">
        <testcase name="test_version_matches" file="/app/vendor/gammamatrix/playground/tests/Unit/ServiceProvider/InstanceTest.php" line="19" class="Tests\Unit\Playground\ServiceProvider\InstanceTest" classname="Tests.Unit.Playground.ServiceProvider.InstanceTest" assertions="3" time="0.020952"/>
        <testcase name="test_userPrimaryKeyType_with_empty_model" file="/app/vendor/gammamatrix/playground/tests/Unit/ServiceProvider/InstanceTest.php" line="28" class="Tests\Unit\Playground\ServiceProvider\InstanceTest" classname="Tests.Unit.Playground.ServiceProvider.InstanceTest" assertions="1" time="0.023125"/>
        <testcase name="test_userPrimaryKeyType_with_incrementing_model" file="/app/vendor/gammamatrix/playground/tests/Unit/ServiceProvider/InstanceTest.php" line="42" class="Tests\Unit\Playground\ServiceProvider\InstanceTest" classname="Tests.Unit.Playground.ServiceProvider.InstanceTest" assertions="1" time="0.022023"/>
        <testcase name="test_userPrimaryKeyType_with_uuid_model" file="/app/vendor/gammamatrix/playground/tests/Unit/ServiceProvider/InstanceTest.php" line="56" class="Tests\Unit\Playground\ServiceProvider\InstanceTest" classname="Tests.Unit.Playground.ServiceProvider.InstanceTest" assertions="1" time="0.024335"/>
        <testcase name="test_userPrimaryKeyType_with_exception" file="/app/vendor/gammamatrix/playground/tests/Unit/ServiceProvider/InstanceTest.php" line="70" class="Tests\Unit\Playground\ServiceProvider\InstanceTest" classname="Tests.Unit.Playground.ServiceProvider.InstanceTest" assertions="3" time="0.023140"/>
      </testsuite>
      <testsuite name="Tests\Unit\Playground\Auth\Console\Commands\HashPassword\CommandTest" file="/app/vendor/gammamatrix/playground-auth/tests/Unit/Console/Commands/HashPassword/CommandTest.php" tests="3" assertions="5" errors="0" failures="0" skipped="0" time="0.165179">
        <testcase name="test_command_auth_hash_password_with_json" file="/app/vendor/gammamatrix/playground-auth/tests/Unit/Console/Commands/HashPassword/CommandTest.php" line="17" class="Tests\Unit\Playground\Auth\Console\Commands\HashPassword\CommandTest" classname="Tests.Unit.Playground.Auth.Console.Commands.HashPassword.CommandTest" assertions="2" time="0.115564"/>
        <testcase name="test_command_auth_hash_password" file="/app/vendor/gammamatrix/playground-auth/tests/Unit/Console/Commands/HashPassword/CommandTest.php" line="29" class="Tests\Unit\Playground\Auth\Console\Commands\HashPassword\CommandTest" classname="Tests.Unit.Playground.Auth.Console.Commands.HashPassword.CommandTest" assertions="1" time="0.025884"/>
        <testcase name="test_command_auth_hash_password_without_argument_and_fail" file="/app/vendor/gammamatrix/playground-auth/tests/Unit/Console/Commands/HashPassword/CommandTest.php" line="38" class="Tests\Unit\Playground\Auth\Console\Commands\HashPassword\CommandTest" classname="Tests.Unit.Playground.Auth.Console.Commands.HashPassword.CommandTest" assertions="2" time="0.023731"/>
      </testsuite>
      <testsuite name="Tests\Unit\Playground\Auth\Policies\ModelPolicy\AbstractRoleTest" file="/app/vendor/gammamatrix/playground-auth/tests/Unit/Policies/ModelPolicy/AbstractRoleTest.php" tests="24" assertions="30" errors="0" failures="0" skipped="0" time="0.730100">
        <testcase name="test_create_without_role" file="/app/vendor/gammamatrix/playground-auth/tests/Unit/Policies/ModelPolicy/AbstractRoleTest.php" line="32" class="Tests\Unit\Playground\Auth\Policies\ModelPolicy\AbstractRoleTest" classname="Tests.Unit.Playground.Auth.Policies.ModelPolicy.AbstractRoleTest" assertions="1" time="0.113867"/>
        <testcase name="test_create_with_admin" file="/app/vendor/gammamatrix/playground-auth/tests/Unit/Policies/ModelPolicy/AbstractRoleTest.php" line="44" class="Tests\Unit\Playground\Auth\Policies\ModelPolicy\AbstractRoleTest" classname="Tests.Unit.Playground.Auth.Policies.ModelPolicy.AbstractRoleTest" assertions="1" time="0.024159"/>
        <testcase name="test_delete_without_role" file="/app/vendor/gammamatrix/playground-auth/tests/Unit/Policies/ModelPolicy/AbstractRoleTest.php" line="63" class="Tests\Unit\Playground\Auth\Policies\ModelPolicy\AbstractRoleTest" classname="Tests.Unit.Playground.Auth.Policies.ModelPolicy.AbstractRoleTest" assertions="1" time="0.024633"/>
        <testcase name="test_delete_with_admin" file="/app/vendor/gammamatrix/playground-auth/tests/Unit/Policies/ModelPolicy/AbstractRoleTest.php" line="77" class="Tests\Unit\Playground\Auth\Policies\ModelPolicy\AbstractRoleTest" classname="Tests.Unit.Playground.Auth.Policies.ModelPolicy.AbstractRoleTest" assertions="1" time="0.024356"/>
        <testcase name="test_delete_locked_with_admin" file="/app/vendor/gammamatrix/playground-auth/tests/Unit/Policies/ModelPolicy/AbstractRoleTest.php" line="99" class="Tests\Unit\Playground\Auth\Policies\ModelPolicy\AbstractRoleTest" classname="Tests.Unit.Playground.Auth.Policies.ModelPolicy.AbstractRoleTest" assertions="4" time="0.027799"/>
        <testcase name="test_detail_without_role" file="/app/vendor/gammamatrix/playground-auth/tests/Unit/Policies/ModelPolicy/AbstractRoleTest.php" line="136" class="Tests\Unit\Playground\Auth\Policies\ModelPolicy\AbstractRoleTest" classname="Tests.Unit.Playground.Auth.Policies.ModelPolicy.AbstractRoleTest" assertions="1" time="0.025157"/>
        <testcase name="test_detail_with_admin" file="/app/vendor/gammamatrix/playground-auth/tests/Unit/Policies/ModelPolicy/AbstractRoleTest.php" line="150" class="Tests\Unit\Playground\Auth\Policies\ModelPolicy\AbstractRoleTest" classname="Tests.Unit.Playground.Auth.Policies.ModelPolicy.AbstractRoleTest" assertions="1" time="0.025789"/>
        <testcase name="test_edit_without_role" file="/app/vendor/gammamatrix/playground-auth/tests/Unit/Policies/ModelPolicy/AbstractRoleTest.php" line="172" class="Tests\Unit\Playground\Auth\Policies\ModelPolicy\AbstractRoleTest" classname="Tests.Unit.Playground.Auth.Policies.ModelPolicy.AbstractRoleTest" assertions="1" time="0.025673"/>
        <testcase name="test_edit_with_admin" file="/app/vendor/gammamatrix/playground-auth/tests/Unit/Policies/ModelPolicy/AbstractRoleTest.php" line="186" class="Tests\Unit\Playground\Auth\Policies\ModelPolicy\AbstractRoleTest" classname="Tests.Unit.Playground.Auth.Policies.ModelPolicy.AbstractRoleTest" assertions="1" time="0.025572"/>
        <testcase name="test_forceDelete_without_role" file="/app/vendor/gammamatrix/playground-auth/tests/Unit/Policies/ModelPolicy/AbstractRoleTest.php" line="208" class="Tests\Unit\Playground\Auth\Policies\ModelPolicy\AbstractRoleTest" classname="Tests.Unit.Playground.Auth.Policies.ModelPolicy.AbstractRoleTest" assertions="1" time="0.025854"/>
        <testcase name="test_forceDelete_with_admin" file="/app/vendor/gammamatrix/playground-auth/tests/Unit/Policies/ModelPolicy/AbstractRoleTest.php" line="222" class="Tests\Unit\Playground\Auth\Policies\ModelPolicy\AbstractRoleTest" classname="Tests.Unit.Playground.Auth.Policies.ModelPolicy.AbstractRoleTest" assertions="1" time="0.025564"/>
        <testcase name="test_lock_without_role" file="/app/vendor/gammamatrix/playground-auth/tests/Unit/Policies/ModelPolicy/AbstractRoleTest.php" line="244" class="Tests\Unit\Playground\Auth\Policies\ModelPolicy\AbstractRoleTest" classname="Tests.Unit.Playground.Auth.Policies.ModelPolicy.AbstractRoleTest" assertions="1" time="0.026446"/>
        <testcase name="test_lock_with_admin" file="/app/vendor/gammamatrix/playground-auth/tests/Unit/Policies/ModelPolicy/AbstractRoleTest.php" line="258" class="Tests\Unit\Playground\Auth\Policies\ModelPolicy\AbstractRoleTest" classname="Tests.Unit.Playground.Auth.Policies.ModelPolicy.AbstractRoleTest" assertions="1" time="0.026092"/>
        <testcase name="test_manage_without_role" file="/app/vendor/gammamatrix/playground-auth/tests/Unit/Policies/ModelPolicy/AbstractRoleTest.php" line="280" class="Tests\Unit\Playground\Auth\Policies\ModelPolicy\AbstractRoleTest" classname="Tests.Unit.Playground.Auth.Policies.ModelPolicy.AbstractRoleTest" assertions="1" time="0.026842"/>
        <testcase name="test_manage_with_admin" file="/app/vendor/gammamatrix/playground-auth/tests/Unit/Policies/ModelPolicy/AbstractRoleTest.php" line="294" class="Tests\Unit\Playground\Auth\Policies\ModelPolicy\AbstractRoleTest" classname="Tests.Unit.Playground.Auth.Policies.ModelPolicy.AbstractRoleTest" assertions="1" time="0.026595"/>
        <testcase name="test_restore_without_role" file="/app/vendor/gammamatrix/playground-auth/tests/Unit/Policies/ModelPolicy/AbstractRoleTest.php" line="316" class="Tests\Unit\Playground\Auth\Policies\ModelPolicy\AbstractRoleTest" classname="Tests.Unit.Playground.Auth.Policies.ModelPolicy.AbstractRoleTest" assertions="1" time="0.028792"/>
        <testcase name="test_restore_with_admin" file="/app/vendor/gammamatrix/playground-auth/tests/Unit/Policies/ModelPolicy/AbstractRoleTest.php" line="330" class="Tests\Unit\Playground\Auth\Policies\ModelPolicy\AbstractRoleTest" classname="Tests.Unit.Playground.Auth.Policies.ModelPolicy.AbstractRoleTest" assertions="1" time="0.026891"/>
        <testcase name="test_store_without_role" file="/app/vendor/gammamatrix/playground-auth/tests/Unit/Policies/ModelPolicy/AbstractRoleTest.php" line="352" class="Tests\Unit\Playground\Auth\Policies\ModelPolicy\AbstractRoleTest" classname="Tests.Unit.Playground.Auth.Policies.ModelPolicy.AbstractRoleTest" assertions="1" time="0.027681"/>
        <testcase name="test_store_with_admin" file="/app/vendor/gammamatrix/playground-auth/tests/Unit/Policies/ModelPolicy/AbstractRoleTest.php" line="364" class="Tests\Unit\Playground\Auth\Policies\ModelPolicy\AbstractRoleTest" classname="Tests.Unit.Playground.Auth.Policies.ModelPolicy.AbstractRoleTest" assertions="1" time="0.027302"/>
        <testcase name="test_update_without_role" file="/app/vendor/gammamatrix/playground-auth/tests/Unit/Policies/ModelPolicy/AbstractRoleTest.php" line="384" class="Tests\Unit\Playground\Auth\Policies\ModelPolicy\AbstractRoleTest" classname="Tests.Unit.Playground.Auth.Policies.ModelPolicy.AbstractRoleTest" assertions="1" time="0.030508"/>
        <testcase name="test_update_with_admin" file="/app/vendor/gammamatrix/playground-auth/tests/Unit/Policies/ModelPolicy/AbstractRoleTest.php" line="398" class="Tests\Unit\Playground\Auth\Policies\ModelPolicy\AbstractRoleTest" classname="Tests.Unit.Playground.Auth.Policies.ModelPolicy.AbstractRoleTest" assertions="1" time="0.027843"/>
        <testcase name="test_update_locked_with_admin" file="/app/vendor/gammamatrix/playground-auth/tests/Unit/Policies/ModelPolicy/AbstractRoleTest.php" line="420" class="Tests\Unit\Playground\Auth\Policies\ModelPolicy\AbstractRoleTest" classname="Tests.Unit.Playground.Auth.Policies.ModelPolicy.AbstractRoleTest" assertions="4" time="0.028125"/>
        <testcase name="test_unlock_without_role" file="/app/vendor/gammamatrix/playground-auth/tests/Unit/Policies/ModelPolicy/AbstractRoleTest.php" line="457" class="Tests\Unit\Playground\Auth\Policies\ModelPolicy\AbstractRoleTest" classname="Tests.Unit.Playground.Auth.Policies.ModelPolicy.AbstractRoleTest" assertions="1" time="0.028364"/>
        <testcase name="test_unlock_with_admin" file="/app/vendor/gammamatrix/playground-auth/tests/Unit/Policies/ModelPolicy/AbstractRoleTest.php" line="471" class="Tests\Unit\Playground\Auth\Policies\ModelPolicy\AbstractRoleTest" classname="Tests.Unit.Playground.Auth.Policies.ModelPolicy.AbstractRoleTest" assertions="1" time="0.030197"/>
      </testsuite>
      <testsuite name="Tests\Unit\Playground\Auth\Policies\Policy\AbstractTest" file="/app/vendor/gammamatrix/playground-auth/tests/Unit/Policies/Policy/AbstractTest.php" tests="7" assertions="7" errors="0" failures="0" skipped="0" time="0.173470">
        <testcase name="test_before_with_root" file="/app/vendor/gammamatrix/playground-auth/tests/Unit/Policies/Policy/AbstractTest.php" line="32" class="Tests\Unit\Playground\Auth\Policies\Policy\AbstractTest" classname="Tests.Unit.Playground.Auth.Policies.Policy.AbstractTest" assertions="1" time="0.024026"/>
        <testcase name="test_before_with_root_as_secondary_fails" file="/app/vendor/gammamatrix/playground-auth/tests/Unit/Policies/Policy/AbstractTest.php" line="53" class="Tests\Unit\Playground\Auth\Policies\Policy\AbstractTest" classname="Tests.Unit.Playground.Auth.Policies.Policy.AbstractTest" assertions="1" time="0.023567"/>
        <testcase name="test_index_without_role" file="/app/vendor/gammamatrix/playground-auth/tests/Unit/Policies/Policy/AbstractTest.php" line="77" class="Tests\Unit\Playground\Auth\Policies\Policy\AbstractTest" classname="Tests.Unit.Playground.Auth.Policies.Policy.AbstractTest" assertions="1" time="0.026503"/>
        <testcase name="test_index_with_admin" file="/app/vendor/gammamatrix/playground-auth/tests/Unit/Policies/Policy/AbstractTest.php" line="89" class="Tests\Unit\Playground\Auth\Policies\Policy\AbstractTest" classname="Tests.Unit.Playground.Auth.Policies.Policy.AbstractTest" assertions="1" time="0.024308"/>
        <testcase name="test_view_without_role" file="/app/vendor/gammamatrix/playground-auth/tests/Unit/Policies/Policy/AbstractTest.php" line="108" class="Tests\Unit\Playground\Auth\Policies\Policy\AbstractTest" classname="Tests.Unit.Playground.Auth.Policies.Policy.AbstractTest" assertions="1" time="0.024872"/>
        <testcase name="test_view_with_admin" file="/app/vendor/gammamatrix/playground-auth/tests/Unit/Policies/Policy/AbstractTest.php" line="120" class="Tests\Unit\Playground\Auth\Policies\Policy\AbstractTest" classname="Tests.Unit.Playground.Auth.Policies.Policy.AbstractTest" assertions="1" time="0.024737"/>
        <testcase name="test_view_with_admin_in_roles" file="/app/vendor/gammamatrix/playground-auth/tests/Unit/Policies/Policy/AbstractTest.php" line="141" class="Tests\Unit\Playground\Auth\Policies\Policy\AbstractTest" classname="Tests.Unit.Playground.Auth.Policies.Policy.AbstractTest" assertions="1" time="0.025456"/>
      </testsuite>
      <testsuite name="Tests\Unit\Playground\Auth\Policies\PolicyTrait\TraitTest" file="/app/vendor/gammamatrix/playground-auth/tests/Unit/Policies/PolicyTrait/TraitTest.php" tests="11" assertions="15" errors="0" failures="0" skipped="0" time="0.264207">
        <testcase name="test_getEntity" file="/app/vendor/gammamatrix/playground-auth/tests/Unit/Policies/PolicyTrait/TraitTest.php" line="20" class="Tests\Unit\Playground\Auth\Policies\PolicyTrait\TraitTest" classname="Tests.Unit.Playground.Auth.Policies.PolicyTrait.TraitTest" assertions="1" time="0.022171"/>
        <testcase name="test_getPackage" file="/app/vendor/gammamatrix/playground-auth/tests/Unit/Policies/PolicyTrait/TraitTest.php" line="26" class="Tests\Unit\Playground\Auth\Policies\PolicyTrait\TraitTest" classname="Tests.Unit.Playground.Auth.Policies.PolicyTrait.TraitTest" assertions="1" time="0.021500"/>
        <testcase name="test_hasToken" file="/app/vendor/gammamatrix/playground-auth/tests/Unit/Policies/PolicyTrait/TraitTest.php" line="32" class="Tests\Unit\Playground\Auth\Policies\PolicyTrait\TraitTest" classname="Tests.Unit.Playground.Auth.Policies.PolicyTrait.TraitTest" assertions="1" time="0.021469"/>
        <testcase name="test_getToken" file="/app/vendor/gammamatrix/playground-auth/tests/Unit/Policies/PolicyTrait/TraitTest.php" line="38" class="Tests\Unit\Playground\Auth\Policies\PolicyTrait\TraitTest" classname="Tests.Unit.Playground.Auth.Policies.PolicyTrait.TraitTest" assertions="1" time="0.021532"/>
        <testcase name="test_setToken" file="/app/vendor/gammamatrix/playground-auth/tests/Unit/Policies/PolicyTrait/TraitTest.php" line="44" class="Tests\Unit\Playground\Auth\Policies\PolicyTrait\TraitTest" classname="Tests.Unit.Playground.Auth.Policies.PolicyTrait.TraitTest" assertions="1" time="0.021857"/>
        <testcase name="test_verify_does_not_log_when_app_debugging_is_disabled" file="/app/vendor/gammamatrix/playground-auth/tests/Unit/Policies/PolicyTrait/TraitTest.php" line="50" class="Tests\Unit\Playground\Auth\Policies\PolicyTrait\TraitTest" classname="Tests.Unit.Playground.Auth.Policies.PolicyTrait.TraitTest" assertions="2" time="0.027022"/>
        <testcase name="test_verify_does_not_log_when_auth_debugging_is_disabled" file="/app/vendor/gammamatrix/playground-auth/tests/Unit/Policies/PolicyTrait/TraitTest.php" line="77" class="Tests\Unit\Playground\Auth\Policies\PolicyTrait\TraitTest" classname="Tests.Unit.Playground.Auth.Policies.PolicyTrait.TraitTest" assertions="2" time="0.024902"/>
        <testcase name="test_verify_logs_with_debugging_enabled" file="/app/vendor/gammamatrix/playground-auth/tests/Unit/Policies/PolicyTrait/TraitTest.php" line="104" class="Tests\Unit\Playground\Auth\Policies\PolicyTrait\TraitTest" classname="Tests.Unit.Playground.Auth.Policies.PolicyTrait.TraitTest" assertions="3" time="0.026538"/>
        <testcase name="test_verify_privileges" file="/app/vendor/gammamatrix/playground-auth/tests/Unit/Policies/PolicyTrait/TraitTest.php" line="140" class="Tests\Unit\Playground\Auth\Policies\PolicyTrait\TraitTest" classname="Tests.Unit.Playground.Auth.Policies.PolicyTrait.TraitTest" assertions="1" time="0.025778"/>
        <testcase name="test_verify_roles" file="/app/vendor/gammamatrix/playground-auth/tests/Unit/Policies/PolicyTrait/TraitTest.php" line="161" class="Tests\Unit\Playground\Auth\Policies\PolicyTrait\TraitTest" classname="Tests.Unit.Playground.Auth.Policies.PolicyTrait.TraitTest" assertions="1" time="0.026090"/>
        <testcase name="test_verify_user" file="/app/vendor/gammamatrix/playground-auth/tests/Unit/Policies/PolicyTrait/TraitTest.php" line="182" class="Tests\Unit\Playground\Auth\Policies\PolicyTrait\TraitTest" classname="Tests.Unit.Playground.Auth.Policies.PolicyTrait.TraitTest" assertions="1" time="0.025349"/>
      </testsuite>
      <testsuite name="Tests\Unit\Playground\Auth\Policies\PrivilegeTrait\TraitTest" file="/app/vendor/gammamatrix/playground-auth/tests/Unit/Policies/PrivilegeTrait/TraitTest.php" tests="9" assertions="9" errors="0" failures="0" skipped="0" time="0.223477">
        <testcase name="test_privilege_PrivilegePolicy_without_parameter" file="/app/vendor/gammamatrix/playground-auth/tests/Unit/Policies/PrivilegeTrait/TraitTest.php" line="23" class="Tests\Unit\Playground\Auth\Policies\PrivilegeTrait\TraitTest" classname="Tests.Unit.Playground.Auth.Policies.PrivilegeTrait.TraitTest" assertions="1" time="0.021486"/>
        <testcase name="test_privilege_PrivilegeModelPolicy_without_parameter" file="/app/vendor/gammamatrix/playground-auth/tests/Unit/Policies/PrivilegeTrait/TraitTest.php" line="32" class="Tests\Unit\Playground\Auth\Policies\PrivilegeTrait\TraitTest" classname="Tests.Unit.Playground.Auth.Policies.PrivilegeTrait.TraitTest" assertions="1" time="0.021532"/>
        <testcase name="test_privilege_UserPolicy_without_parameter" file="/app/vendor/gammamatrix/playground-auth/tests/Unit/Policies/PrivilegeTrait/TraitTest.php" line="41" class="Tests\Unit\Playground\Auth\Policies\PrivilegeTrait\TraitTest" classname="Tests.Unit.Playground.Auth.Policies.PrivilegeTrait.TraitTest" assertions="1" time="0.023340"/>
        <testcase name="test_privilege_with_package_and_without_parameter" file="/app/vendor/gammamatrix/playground-auth/tests/Unit/Policies/PrivilegeTrait/TraitTest.php" line="50" class="Tests\Unit\Playground\Auth\Policies\PrivilegeTrait\TraitTest" classname="Tests.Unit.Playground.Auth.Policies.PrivilegeTrait.TraitTest" assertions="1" time="0.021587"/>
        <testcase name="test_privilege_with_package_and_entity_and_without_parameter" file="/app/vendor/gammamatrix/playground-auth/tests/Unit/Policies/PrivilegeTrait/TraitTest.php" line="59" class="Tests\Unit\Playground\Auth\Policies\PrivilegeTrait\TraitTest" classname="Tests.Unit.Playground.Auth.Policies.PrivilegeTrait.TraitTest" assertions="1" time="0.027066"/>
        <testcase name="test_hasPrivilege" file="/app/vendor/gammamatrix/playground-auth/tests/Unit/Policies/PrivilegeTrait/TraitTest.php" line="68" class="Tests\Unit\Playground\Auth\Policies\PrivilegeTrait\TraitTest" classname="Tests.Unit.Playground.Auth.Policies.PrivilegeTrait.TraitTest" assertions="1" time="0.027024"/>
        <testcase name="test_hasPrivilege_with_user_hasPrivilege" file="/app/vendor/gammamatrix/playground-auth/tests/Unit/Policies/PrivilegeTrait/TraitTest.php" line="87" class="Tests\Unit\Playground\Auth\Policies\PrivilegeTrait\TraitTest" classname="Tests.Unit.Playground.Auth.Policies.PrivilegeTrait.TraitTest" assertions="1" time="0.027928"/>
        <testcase name="test_hasPrivilege_with_user_privileges" file="/app/vendor/gammamatrix/playground-auth/tests/Unit/Policies/PrivilegeTrait/TraitTest.php" line="110" class="Tests\Unit\Playground\Auth\Policies\PrivilegeTrait\TraitTest" classname="Tests.Unit.Playground.Auth.Policies.PrivilegeTrait.TraitTest" assertions="1" time="0.024725"/>
        <testcase name="test_hasPrivilege_without_privileges_enabled" file="/app/vendor/gammamatrix/playground-auth/tests/Unit/Policies/PrivilegeTrait/TraitTest.php" line="133" class="Tests\Unit\Playground\Auth\Policies\PrivilegeTrait\TraitTest" classname="Tests.Unit.Playground.Auth.Policies.PrivilegeTrait.TraitTest" assertions="1" time="0.028788"/>
      </testsuite>
      <testsuite name="Tests\Unit\Playground\Auth\Policies\RoleTrait\TraitTest" file="/app/vendor/gammamatrix/playground-auth/tests/Unit/Policies/RoleTrait/TraitTest.php" tests="5" assertions="5" errors="0" failures="0" skipped="0" time="0.113466">
        <testcase name="test_getRolesForAdmin" file="/app/vendor/gammamatrix/playground-auth/tests/Unit/Policies/RoleTrait/TraitTest.php" line="20" class="Tests\Unit\Playground\Auth\Policies\RoleTrait\TraitTest" classname="Tests.Unit.Playground.Auth.Policies.RoleTrait.TraitTest" assertions="1" time="0.021564"/>
        <testcase name="test_getRolesForAction" file="/app/vendor/gammamatrix/playground-auth/tests/Unit/Policies/RoleTrait/TraitTest.php" line="33" class="Tests\Unit\Playground\Auth\Policies\RoleTrait\TraitTest" classname="Tests.Unit.Playground.Auth.Policies.RoleTrait.TraitTest" assertions="1" time="0.021451"/>
        <testcase name="test_getRolesToView" file="/app/vendor/gammamatrix/playground-auth/tests/Unit/Policies/RoleTrait/TraitTest.php" line="46" class="Tests\Unit\Playground\Auth\Policies\RoleTrait\TraitTest" classname="Tests.Unit.Playground.Auth.Policies.RoleTrait.TraitTest" assertions="1" time="0.021506"/>
        <testcase name="test_hasRole" file="/app/vendor/gammamatrix/playground-auth/tests/Unit/Policies/RoleTrait/TraitTest.php" line="59" class="Tests\Unit\Playground\Auth\Policies\RoleTrait\TraitTest" classname="Tests.Unit.Playground.Auth.Policies.RoleTrait.TraitTest" assertions="1" time="0.024352"/>
        <testcase name="test_hasRole_advanced_role" file="/app/vendor/gammamatrix/playground-auth/tests/Unit/Policies/RoleTrait/TraitTest.php" line="75" class="Tests\Unit\Playground\Auth\Policies\RoleTrait\TraitTest" classname="Tests.Unit.Playground.Auth.Policies.RoleTrait.TraitTest" assertions="1" time="0.024593"/>
      </testsuite>
      <testsuite name="Tests\Unit\Playground\Blade\Assets\Comment\InstanceTest" file="/app/vendor/gammamatrix/playground-blade/tests/Unit/Assets/Comment/InstanceTest.php" tests="1" assertions="2" errors="0" failures="0" skipped="0" time="0.056637">
        <testcase name="test_instance_with_docs" file="/app/vendor/gammamatrix/playground-blade/tests/Unit/Assets/Comment/InstanceTest.php" line="17" class="Tests\Unit\Playground\Blade\Assets\Comment\InstanceTest" classname="Tests.Unit.Playground.Blade.Assets.Comment.InstanceTest" assertions="2" time="0.056637"/>
      </testsuite>
      <testsuite name="Tests\Unit\Playground\Blade\Assets\Font\InstanceTest" file="/app/vendor/gammamatrix/playground-blade/tests/Unit/Assets/Font/InstanceTest.php" tests="1" assertions="3" errors="0" failures="0" skipped="0" time="0.054216">
        <testcase name="test_instance_with_docs" file="/app/vendor/gammamatrix/playground-blade/tests/Unit/Assets/Font/InstanceTest.php" line="17" class="Tests\Unit\Playground\Blade\Assets\Font\InstanceTest" classname="Tests.Unit.Playground.Blade.Assets.Font.InstanceTest" assertions="3" time="0.054216"/>
      </testsuite>
      <testsuite name="Tests\Unit\Playground\Blade\Assets\Icon\InstanceTest" file="/app/vendor/gammamatrix/playground-blade/tests/Unit/Assets/Icon/InstanceTest.php" tests="1" assertions="3" errors="0" failures="0" skipped="0" time="0.032345">
        <testcase name="test_instance_with_docs" file="/app/vendor/gammamatrix/playground-blade/tests/Unit/Assets/Icon/InstanceTest.php" line="17" class="Tests\Unit\Playground\Blade\Assets\Icon\InstanceTest" classname="Tests.Unit.Playground.Blade.Assets.Icon.InstanceTest" assertions="3" time="0.032345"/>
      </testsuite>
      <testsuite name="Tests\Unit\Playground\Blade\Assets\Link\InstanceTest" file="/app/vendor/gammamatrix/playground-blade/tests/Unit/Assets/Link/InstanceTest.php" tests="1" assertions="3" errors="0" failures="0" skipped="0" time="0.022659">
        <testcase name="test_instance_with_docs" file="/app/vendor/gammamatrix/playground-blade/tests/Unit/Assets/Link/InstanceTest.php" line="17" class="Tests\Unit\Playground\Blade\Assets\Link\InstanceTest" classname="Tests.Unit.Playground.Blade.Assets.Link.InstanceTest" assertions="3" time="0.022659"/>
      </testsuite>
      <testsuite name="Tests\Unit\Playground\Blade\Assets\Script\InstanceTest" file="/app/vendor/gammamatrix/playground-blade/tests/Unit/Assets/Script/InstanceTest.php" tests="1" assertions="3" errors="0" failures="0" skipped="0" time="0.049266">
        <testcase name="test_instance_with_docs" file="/app/vendor/gammamatrix/playground-blade/tests/Unit/Assets/Script/InstanceTest.php" line="17" class="Tests\Unit\Playground\Blade\Assets\Script\InstanceTest" classname="Tests.Unit.Playground.Blade.Assets.Script.InstanceTest" assertions="3" time="0.049266"/>
      </testsuite>
      <testsuite name="Tests\Unit\Playground\Blade\Assets\Style\InstanceTest" file="/app/vendor/gammamatrix/playground-blade/tests/Unit/Assets/Style/InstanceTest.php" tests="1" assertions="3" errors="0" failures="0" skipped="0" time="0.029094">
        <testcase name="test_instance_with_docs" file="/app/vendor/gammamatrix/playground-blade/tests/Unit/Assets/Style/InstanceTest.php" line="17" class="Tests\Unit\Playground\Blade\Assets\Style\InstanceTest" classname="Tests.Unit.Playground.Blade.Assets.Style.InstanceTest" assertions="3" time="0.029094"/>
      </testsuite>
      <testsuite name="Tests\Unit\Playground\Blade\Assets\Stylesheet\InstanceTest" file="/app/vendor/gammamatrix/playground-blade/tests/Unit/Assets/Stylesheet/InstanceTest.php" tests="1" assertions="3" errors="0" failures="0" skipped="0" time="0.022606">
        <testcase name="test_instance_with_docs" file="/app/vendor/gammamatrix/playground-blade/tests/Unit/Assets/Stylesheet/InstanceTest.php" line="17" class="Tests\Unit\Playground\Blade\Assets\Stylesheet\InstanceTest" classname="Tests.Unit.Playground.Blade.Assets.Stylesheet.InstanceTest" assertions="3" time="0.022606"/>
      </testsuite>
      <testsuite name="Tests\Unit\Playground\Blade\View\Components\Forms\Column\ComponentTest" file="/app/vendor/gammamatrix/playground-blade/tests/Unit/View/Components/Forms/Column/ComponentTest.php" tests="5" assertions="23" errors="0" failures="0" skipped="0" time="0.158903">
        <testcase name="test_component_instance" file="/app/vendor/gammamatrix/playground-blade/tests/Unit/View/Components/Forms/Column/ComponentTest.php" line="30" class="Tests\Unit\Playground\Blade\View\Components\Forms\Column\ComponentTest" classname="Tests.Unit.Playground.Blade.View.Components.Forms.Column.ComponentTest" assertions="2" time="0.033617"/>
        <testcase name="test_component_can_render_view_without_parameters" file="/app/vendor/gammamatrix/playground-blade/tests/Unit/View/Components/Forms/Column/ComponentTest.php" line="38" class="Tests\Unit\Playground\Blade\View\Components\Forms\Column\ComponentTest" classname="Tests.Unit.Playground.Blade.View.Components.Forms.Column.ComponentTest" assertions="2" time="0.042155"/>
        <testcase name="test_component_can_render_view_without_label_on_title_column" file="/app/vendor/gammamatrix/playground-blade/tests/Unit/View/Components/Forms/Column/ComponentTest.php" line="49" class="Tests\Unit\Playground\Blade\View\Components\Forms\Column\ComponentTest" classname="Tests.Unit.Playground.Blade.View.Components.Forms.Column.ComponentTest" assertions="5" time="0.027274"/>
        <testcase name="test_component_can_render_view_with_label_on_title_column" file="/app/vendor/gammamatrix/playground-blade/tests/Unit/View/Components/Forms/Column/ComponentTest.php" line="66" class="Tests\Unit\Playground\Blade\View\Components\Forms\Column\ComponentTest" classname="Tests.Unit.Playground.Blade.View.Components.Forms.Column.ComponentTest" assertions="6" time="0.027767"/>
        <testcase name="test_component_can_render_view_with_label_on_title_column_with_error" file="/app/vendor/gammamatrix/playground-blade/tests/Unit/View/Components/Forms/Column/ComponentTest.php" line="86" class="Tests\Unit\Playground\Blade\View\Components\Forms\Column\ComponentTest" classname="Tests.Unit.Playground.Blade.View.Components.Forms.Column.ComponentTest" assertions="8" time="0.028089"/>
      </testsuite>
      <testsuite name="Tests\Unit\Playground\Blade\View\Components\Forms\ColumnEditor\ComponentTest" file="/app/vendor/gammamatrix/playground-blade/tests/Unit/View/Components/Forms/ColumnEditor/ComponentTest.php" tests="4" assertions="19" errors="0" failures="0" skipped="0" time="0.113132">
        <testcase name="test_component_instance" file="/app/vendor/gammamatrix/playground-blade/tests/Unit/View/Components/Forms/ColumnEditor/ComponentTest.php" line="30" class="Tests\Unit\Playground\Blade\View\Components\Forms\ColumnEditor\ComponentTest" classname="Tests.Unit.Playground.Blade.View.Components.Forms.ColumnEditor.ComponentTest" assertions="2" time="0.027728"/>
        <testcase name="test_component_can_render_view_without_parameters" file="/app/vendor/gammamatrix/playground-blade/tests/Unit/View/Components/Forms/ColumnEditor/ComponentTest.php" line="38" class="Tests\Unit\Playground\Blade\View\Components\Forms\ColumnEditor\ComponentTest" classname="Tests.Unit.Playground.Blade.View.Components.Forms.ColumnEditor.ComponentTest" assertions="3" time="0.030589"/>
        <testcase name="test_component_can_render_view_with_content_textarea" file="/app/vendor/gammamatrix/playground-blade/tests/Unit/View/Components/Forms/ColumnEditor/ComponentTest.php" line="46" class="Tests\Unit\Playground\Blade\View\Components\Forms\ColumnEditor\ComponentTest" classname="Tests.Unit.Playground.Blade.View.Components.Forms.ColumnEditor.ComponentTest" assertions="7" time="0.027262"/>
        <testcase name="test_component_can_render_view_with_content_textarea_and_described" file="/app/vendor/gammamatrix/playground-blade/tests/Unit/View/Components/Forms/ColumnEditor/ComponentTest.php" line="65" class="Tests\Unit\Playground\Blade\View\Components\Forms\ColumnEditor\ComponentTest" classname="Tests.Unit.Playground.Blade.View.Components.Forms.ColumnEditor.ComponentTest" assertions="7" time="0.027553"/>
      </testsuite>
      <testsuite name="Tests\Unit\Playground\Blade\View\Components\Forms\ColumnSelect\ComponentTest" file="/app/vendor/gammamatrix/playground-blade/tests/Unit/View/Components/Forms/ColumnSelect/ComponentTest.php" tests="3" assertions="9" errors="0" failures="0" skipped="0" time="0.091602">
        <testcase name="test_component_instance" file="/app/vendor/gammamatrix/playground-blade/tests/Unit/View/Components/Forms/ColumnSelect/ComponentTest.php" line="30" class="Tests\Unit\Playground\Blade\View\Components\Forms\ColumnSelect\ComponentTest" classname="Tests.Unit.Playground.Blade.View.Components.Forms.ColumnSelect.ComponentTest" assertions="2" time="0.029166"/>
        <testcase name="test_component_can_render_view_without_parameters" file="/app/vendor/gammamatrix/playground-blade/tests/Unit/View/Components/Forms/ColumnSelect/ComponentTest.php" line="38" class="Tests\Unit\Playground\Blade\View\Components\Forms\ColumnSelect\ComponentTest" classname="Tests.Unit.Playground.Blade.View.Components.Forms.ColumnSelect.ComponentTest" assertions="3" time="0.035369"/>
        <testcase name="test_component_can_render_view_with_select" file="/app/vendor/gammamatrix/playground-blade/tests/Unit/View/Components/Forms/ColumnSelect/ComponentTest.php" line="46" class="Tests\Unit\Playground\Blade\View\Components\Forms\ColumnSelect\ComponentTest" classname="Tests.Unit.Playground.Blade.View.Components.Forms.ColumnSelect.ComponentTest" assertions="4" time="0.027067"/>
      </testsuite>
      <testsuite name="Tests\Unit\Playground\Blade\View\Components\ModelFlag\ComponentTest" file="/app/vendor/gammamatrix/playground-blade/tests/Unit/View/Components/ModelFlag/ComponentTest.php" tests="5" assertions="15" errors="0" failures="0" skipped="0" time="0.137356">
        <testcase name="test_component_instance" file="/app/vendor/gammamatrix/playground-blade/tests/Unit/View/Components/ModelFlag/ComponentTest.php" line="30" class="Tests\Unit\Playground\Blade\View\Components\ModelFlag\ComponentTest" classname="Tests.Unit.Playground.Blade.View.Components.ModelFlag.ComponentTest" assertions="2" time="0.026095"/>
        <testcase name="test_component_renders_empty_view_without_labels_or_classes" file="/app/vendor/gammamatrix/playground-blade/tests/Unit/View/Components/ModelFlag/ComponentTest.php" line="40" class="Tests\Unit\Playground\Blade\View\Components\ModelFlag\ComponentTest" classname="Tests.Unit.Playground.Blade.View.Components.ModelFlag.ComponentTest" assertions="1" time="0.031096"/>
        <testcase name="test_component_can_render_view_with_true_value" file="/app/vendor/gammamatrix/playground-blade/tests/Unit/View/Components/ModelFlag/ComponentTest.php" line="56" class="Tests\Unit\Playground\Blade\View\Components\ModelFlag\ComponentTest" classname="Tests.Unit.Playground.Blade.View.Components.ModelFlag.ComponentTest" assertions="4" time="0.026513"/>
        <testcase name="test_component_can_render_view_with_false_value" file="/app/vendor/gammamatrix/playground-blade/tests/Unit/View/Components/ModelFlag/ComponentTest.php" line="75" class="Tests\Unit\Playground\Blade\View\Components\ModelFlag\ComponentTest" classname="Tests.Unit.Playground.Blade.View.Components.ModelFlag.ComponentTest" assertions="4" time="0.026783"/>
        <testcase name="test_component_can_render_view_with_null_value" file="/app/vendor/gammamatrix/playground-blade/tests/Unit/View/Components/ModelFlag/ComponentTest.php" line="94" class="Tests\Unit\Playground\Blade\View\Components\ModelFlag\ComponentTest" classname="Tests.Unit.Playground.Blade.View.Components.ModelFlag.ComponentTest" assertions="4" time="0.026869"/>
      </testsuite>
      <testsuite name="Tests\Unit\Playground\Blade\View\Components\Table\Data\ComponentTest" file="/app/vendor/gammamatrix/playground-blade/tests/Unit/View/Components/Table/Data/ComponentTest.php" tests="2" assertions="3" errors="0" failures="0" skipped="0" time="0.126572">
        <testcase name="test_component_instance" file="/app/vendor/gammamatrix/playground-blade/tests/Unit/View/Components/Table/Data/ComponentTest.php" line="30" class="Tests\Unit\Playground\Blade\View\Components\Table\Data\ComponentTest" classname="Tests.Unit.Playground.Blade.View.Components.Table.Data.ComponentTest" assertions="2" time="0.031497"/>
        <testcase name="test_component_can_render_view" file="/app/vendor/gammamatrix/playground-blade/tests/Unit/View/Components/Table/Data/ComponentTest.php" line="38" class="Tests\Unit\Playground\Blade\View\Components\Table\Data\ComponentTest" classname="Tests.Unit.Playground.Blade.View.Components.Table.Data.ComponentTest" assertions="1" time="0.095075"/>
      </testsuite>
      <testsuite name="Tests\Unit\Playground\Admin\Models\Setting\ModelTest" file="/app/vendor/gammamatrix/playground-admin/tests/Unit/Models/Setting/ModelTest.php" tests="3" assertions="8" errors="0" failures="0" skipped="0" time="0.068692">
        <testcase name="test_model_instance" file="/app/vendor/gammamatrix/playground-test/src/Unit/Models/ModelCase.php" line="114" class="Tests\Unit\Playground\Admin\Models\Setting\ModelTest" classname="Tests.Unit.Playground.Admin.Models.Setting.ModelTest" assertions="1" time="0.022541"/>
        <testcase name="test_verify_model_relationships" file="/app/vendor/gammamatrix/playground-test/src/Unit/Models/ModelCase.php" line="275" class="Tests\Unit\Playground\Admin\Models\Setting\ModelTest" classname="Tests.Unit.Playground.Admin.Models.Setting.ModelTest" assertions="4" time="0.023319"/>
        <testcase name="test_model_factory_make" file="/app/vendor/gammamatrix/playground-test/src/Unit/Models/ModelCase.php" line="291" class="Tests\Unit\Playground\Admin\Models\Setting\ModelTest" classname="Tests.Unit.Playground.Admin.Models.Setting.ModelTest" assertions="3" time="0.022832"/>
      </testsuite>
      <testsuite name="Tests\Unit\Playground\Admin\Resource\Http\Controllers\UserController\InstanceTest" file="/app/vendor/gammamatrix/playground-admin-resource/tests/Unit/Http/Controllers/UserController/InstanceTest.php" tests="1" assertions="2" errors="0" failures="0" skipped="0" time="0.090100">
        <testcase name="test_UserProvidergetUserClass_with_invalid_user_class" file="/app/vendor/gammamatrix/playground-admin-resource/tests/Unit/Http/Controllers/UserController/InstanceTest.php" line="21" class="Tests\Unit\Playground\Admin\Resource\Http\Controllers\UserController\InstanceTest" classname="Tests.Unit.Playground.Admin.Resource.Http.Controllers.UserController.InstanceTest" assertions="2" time="0.090100"/>
      </testsuite>
      <testsuite name="Tests\Unit\Playground\Admin\Resource\Http\Requests\FormRequest\InstanceTest" file="/app/vendor/gammamatrix/playground-admin-resource/tests/Unit/Http/Requests/FormRequest/InstanceTest.php" tests="5" assertions="6" errors="0" failures="0" skipped="0" time="0.175461">
        <testcase name="test_FormRequest_authorize_without_user" file="/app/vendor/gammamatrix/playground-admin-resource/tests/Unit/Http/Requests/FormRequest/InstanceTest.php" line="21" class="Tests\Unit\Playground\Admin\Resource\Http\Requests\FormRequest\InstanceTest" classname="Tests.Unit.Playground.Admin.Resource.Http.Requests.FormRequest.InstanceTest" assertions="1" time="0.033414"/>
        <testcase name="test_RULES_is_empty_by_default" file="/app/vendor/gammamatrix/playground-admin-resource/tests/Unit/Http/Requests/FormRequest/InstanceTest.php" line="28" class="Tests\Unit\Playground\Admin\Resource\Http\Requests\FormRequest\InstanceTest" classname="Tests.Unit.Playground.Admin.Resource.Http.Requests.FormRequest.InstanceTest" assertions="2" time="0.033207"/>
        <testcase name="test_userHasAdminPrivileges_without_user" file="/app/vendor/gammamatrix/playground-admin-resource/tests/Unit/Http/Requests/FormRequest/InstanceTest.php" line="36" class="Tests\Unit\Playground\Admin\Resource\Http\Requests\FormRequest\InstanceTest" classname="Tests.Unit.Playground.Admin.Resource.Http.Requests.FormRequest.InstanceTest" assertions="1" time="0.032924"/>
        <testcase name="test_userHasAdminPrivileges_with_admin" file="/app/vendor/gammamatrix/playground-admin-resource/tests/Unit/Http/Requests/FormRequest/InstanceTest.php" line="43" class="Tests\Unit\Playground\Admin\Resource\Http\Requests\FormRequest\InstanceTest" classname="Tests.Unit.Playground.Admin.Resource.Http.Requests.FormRequest.InstanceTest" assertions="1" time="0.040038"/>
        <testcase name="test_userHasAdminPrivileges_with_default_laravel_user" file="/app/vendor/gammamatrix/playground-admin-resource/tests/Unit/Http/Requests/FormRequest/InstanceTest.php" line="55" class="Tests\Unit\Playground\Admin\Resource\Http\Requests\FormRequest\InstanceTest" classname="Tests.Unit.Playground.Admin.Resource.Http.Requests.FormRequest.InstanceTest" assertions="1" time="0.035877"/>
      </testsuite>
      <testsuite name="Tests\Unit\Playground\Admin\Resource\Http\Requests\Setting\CreateRequestTest" file="/app/vendor/gammamatrix/playground-admin-resource/tests/Unit/Http/Requests/Setting/CreateRequestTest.php" tests="1" assertions="1" errors="0" failures="0" skipped="0" time="0.036162">
        <testcase name="test_request_instance" file="/app/vendor/gammamatrix/playground-test/src/Unit/Http/Requests/RequestCase.php" line="41" class="Tests\Unit\Playground\Admin\Resource\Http\Requests\Setting\CreateRequestTest" classname="Tests.Unit.Playground.Admin.Resource.Http.Requests.Setting.CreateRequestTest" assertions="1" time="0.036162"/>
      </testsuite>
      <testsuite name="Tests\Unit\Playground\Admin\Resource\Http\Requests\User\CreateRequestTest" file="/app/vendor/gammamatrix/playground-admin-resource/tests/Unit/Http/Requests/User/CreateRequestTest.php" tests="3" assertions="51" errors="0" failures="0" skipped="0" time="0.099218">
        <testcase name="test_request_instance" file="/app/vendor/gammamatrix/playground-test/src/Unit/Http/Requests/RequestCase.php" line="41" class="Tests\Unit\Playground\Admin\Resource\Http\Requests\User\CreateRequestTest" classname="Tests.Unit.Playground.Admin.Resource.Http.Requests.User.CreateRequestTest" assertions="1" time="0.032720"/>
        <testcase name="test_return_playground_rules" file="/app/vendor/gammamatrix/playground-admin-resource/tests/Unit/Http/Requests/User/CreateRequestTest.php" line="19" class="Tests\Unit\Playground\Admin\Resource\Http\Requests\User\CreateRequestTest" classname="Tests.Unit.Playground.Admin.Resource.Http.Requests.User.CreateRequestTest" assertions="45" time="0.033448"/>
        <testcase name="test_return_laravel_rules" file="/app/vendor/gammamatrix/playground-admin-resource/tests/Unit/Http/Requests/User/CreateRequestTest.php" line="80" class="Tests\Unit\Playground\Admin\Resource\Http\Requests\User\CreateRequestTest" classname="Tests.Unit.Playground.Admin.Resource.Http.Requests.User.CreateRequestTest" assertions="5" time="0.033050"/>
      </testsuite>
      <testsuite name="Tests\Unit\Playground\Admin\Resource\Http\Requests\User\EditRequestTest" file="/app/vendor/gammamatrix/playground-admin-resource/tests/Unit/Http/Requests/User/EditRequestTest.php" tests="3" assertions="51" errors="0" failures="0" skipped="0" time="0.101829">
        <testcase name="test_request_instance" file="/app/vendor/gammamatrix/playground-test/src/Unit/Http/Requests/RequestCase.php" line="41" class="Tests\Unit\Playground\Admin\Resource\Http\Requests\User\EditRequestTest" classname="Tests.Unit.Playground.Admin.Resource.Http.Requests.User.EditRequestTest" assertions="1" time="0.032610"/>
        <testcase name="test_return_playground_rules" file="/app/vendor/gammamatrix/playground-admin-resource/tests/Unit/Http/Requests/User/EditRequestTest.php" line="19" class="Tests\Unit\Playground\Admin\Resource\Http\Requests\User\EditRequestTest" classname="Tests.Unit.Playground.Admin.Resource.Http.Requests.User.EditRequestTest" assertions="45" time="0.035646"/>
        <testcase name="test_return_laravel_rules" file="/app/vendor/gammamatrix/playground-admin-resource/tests/Unit/Http/Requests/User/EditRequestTest.php" line="80" class="Tests\Unit\Playground\Admin\Resource\Http\Requests\User\EditRequestTest" classname="Tests.Unit.Playground.Admin.Resource.Http.Requests.User.EditRequestTest" assertions="5" time="0.033573"/>
      </testsuite>
      <testsuite name="Tests\Unit\Playground\Admin\Resource\Http\Requests\User\StoreRequestTest" file="/app/vendor/gammamatrix/playground-admin-resource/tests/Unit/Http/Requests/User/StoreRequestTest.php" tests="6" assertions="62" errors="0" failures="0" skipped="0" time="0.209400">
        <testcase name="test_request_instance" file="/app/vendor/gammamatrix/playground-test/src/Unit/Http/Requests/RequestCase.php" line="41" class="Tests\Unit\Playground\Admin\Resource\Http\Requests\User\StoreRequestTest" classname="Tests.Unit.Playground.Admin.Resource.Http.Requests.User.StoreRequestTest" assertions="1" time="0.036229"/>
        <testcase name="test_return_playground_rules" file="/app/vendor/gammamatrix/playground-admin-resource/tests/Unit/Http/Requests/User/StoreRequestTest.php" line="22" class="Tests\Unit\Playground\Admin\Resource\Http\Requests\User\StoreRequestTest" classname="Tests.Unit.Playground.Admin.Resource.Http.Requests.User.StoreRequestTest" assertions="45" time="0.033476"/>
        <testcase name="test_return_laravel_rules" file="/app/vendor/gammamatrix/playground-admin-resource/tests/Unit/Http/Requests/User/StoreRequestTest.php" line="83" class="Tests\Unit\Playground\Admin\Resource\Http\Requests\User\StoreRequestTest" classname="Tests.Unit.Playground.Admin.Resource.Http.Requests.User.StoreRequestTest" assertions="5" time="0.034680"/>
        <testcase name="test_prepareForValidation_for_laravel" file="/app/vendor/gammamatrix/playground-admin-resource/tests/Unit/Http/Requests/User/StoreRequestTest.php" line="107" class="Tests\Unit\Playground\Admin\Resource\Http\Requests\User\StoreRequestTest" classname="Tests.Unit.Playground.Admin.Resource.Http.Requests.User.StoreRequestTest" assertions="1" time="0.033615"/>
        <testcase name="test_prepareForValidation_for_playground" file="/app/vendor/gammamatrix/playground-admin-resource/tests/Unit/Http/Requests/User/StoreRequestTest.php" line="117" class="Tests\Unit\Playground\Admin\Resource\Http\Requests\User\StoreRequestTest" classname="Tests.Unit.Playground.Admin.Resource.Http.Requests.User.StoreRequestTest" assertions="1" time="0.033867"/>
        <testcase name="test_prepareForValidation_parameters" file="/app/vendor/gammamatrix/playground-admin-resource/tests/Unit/Http/Requests/User/StoreRequestTest.php" line="127" class="Tests\Unit\Playground\Admin\Resource\Http\Requests\User\StoreRequestTest" classname="Tests.Unit.Playground.Admin.Resource.Http.Requests.User.StoreRequestTest" assertions="9" time="0.037533"/>
      </testsuite>
      <testsuite name="Tests\Unit\Playground\Admin\Resource\Http\Requests\User\UpdateRequestTest" file="/app/vendor/gammamatrix/playground-admin-resource/tests/Unit/Http/Requests/User/UpdateRequestTest.php" tests="6" assertions="62" errors="0" failures="0" skipped="0" time="0.204908">
        <testcase name="test_request_instance" file="/app/vendor/gammamatrix/playground-test/src/Unit/Http/Requests/RequestCase.php" line="41" class="Tests\Unit\Playground\Admin\Resource\Http\Requests\User\UpdateRequestTest" classname="Tests.Unit.Playground.Admin.Resource.Http.Requests.User.UpdateRequestTest" assertions="1" time="0.032722"/>
        <testcase name="test_return_playground_rules" file="/app/vendor/gammamatrix/playground-admin-resource/tests/Unit/Http/Requests/User/UpdateRequestTest.php" line="22" class="Tests\Unit\Playground\Admin\Resource\Http\Requests\User\UpdateRequestTest" classname="Tests.Unit.Playground.Admin.Resource.Http.Requests.User.UpdateRequestTest" assertions="45" time="0.033928"/>
        <testcase name="test_return_laravel_rules" file="/app/vendor/gammamatrix/playground-admin-resource/tests/Unit/Http/Requests/User/UpdateRequestTest.php" line="83" class="Tests\Unit\Playground\Admin\Resource\Http\Requests\User\UpdateRequestTest" classname="Tests.Unit.Playground.Admin.Resource.Http.Requests.User.UpdateRequestTest" assertions="5" time="0.033170"/>
        <testcase name="test_prepareForValidation_for_laravel" file="/app/vendor/gammamatrix/playground-admin-resource/tests/Unit/Http/Requests/User/UpdateRequestTest.php" line="107" class="Tests\Unit\Playground\Admin\Resource\Http\Requests\User\UpdateRequestTest" classname="Tests.Unit.Playground.Admin.Resource.Http.Requests.User.UpdateRequestTest" assertions="1" time="0.033301"/>
        <testcase name="test_prepareForValidation_for_playground" file="/app/vendor/gammamatrix/playground-admin-resource/tests/Unit/Http/Requests/User/UpdateRequestTest.php" line="117" class="Tests\Unit\Playground\Admin\Resource\Http\Requests\User\UpdateRequestTest" classname="Tests.Unit.Playground.Admin.Resource.Http.Requests.User.UpdateRequestTest" assertions="1" time="0.033988"/>
        <testcase name="test_prepareForValidation_parameters" file="/app/vendor/gammamatrix/playground-admin-resource/tests/Unit/Http/Requests/User/UpdateRequestTest.php" line="127" class="Tests\Unit\Playground\Admin\Resource\Http\Requests\User\UpdateRequestTest" classname="Tests.Unit.Playground.Admin.Resource.Http.Requests.User.UpdateRequestTest" assertions="9" time="0.037798"/>
      </testsuite>
      <testsuite name="Tests\Unit\Playground\Admin\Resource\Policies\SettingPolicy\PolicyTest" file="/app/vendor/gammamatrix/playground-admin-resource/tests/Unit/Policies/SettingPolicy/PolicyTest.php" tests="1" assertions="1" errors="0" failures="0" skipped="0" time="0.032756">
        <testcase name="test_policy_instance" file="/app/vendor/gammamatrix/playground-admin-resource/tests/Unit/Policies/SettingPolicy/PolicyTest.php" line="17" class="Tests\Unit\Playground\Admin\Resource\Policies\SettingPolicy\PolicyTest" classname="Tests.Unit.Playground.Admin.Resource.Policies.SettingPolicy.PolicyTest" assertions="1" time="0.032756"/>
      </testsuite>
      <testsuite name="Tests\Unit\Playground\Admin\Resource\ServiceProvider\InstanceTest" file="/app/vendor/gammamatrix/playground-admin-resource/tests/Unit/ServiceProvider/InstanceTest.php" tests="4" assertions="8" errors="0" failures="0" skipped="0" time="0.134654">
        <testcase name="test_version_matches" file="/app/vendor/gammamatrix/playground-admin-resource/tests/Unit/ServiceProvider/InstanceTest.php" line="20" class="Tests\Unit\Playground\Admin\Resource\ServiceProvider\InstanceTest" classname="Tests.Unit.Playground.Admin.Resource.ServiceProvider.InstanceTest" assertions="3" time="0.034566"/>
        <testcase name="test_setPolicies_with_empty_array" file="/app/vendor/gammamatrix/playground-admin-resource/tests/Unit/ServiceProvider/InstanceTest.php" line="29" class="Tests\Unit\Playground\Admin\Resource\ServiceProvider\InstanceTest" classname="Tests.Unit.Playground.Admin.Resource.ServiceProvider.InstanceTest" assertions="1" time="0.033174"/>
        <testcase name="test_setPolicies_with_invalid_model" file="/app/vendor/gammamatrix/playground-admin-resource/tests/Unit/ServiceProvider/InstanceTest.php" line="43" class="Tests\Unit\Playground\Admin\Resource\ServiceProvider\InstanceTest" classname="Tests.Unit.Playground.Admin.Resource.ServiceProvider.InstanceTest" assertions="2" time="0.033175"/>
        <testcase name="test_setPolicies_with_invalid_policy" file="/app/vendor/gammamatrix/playground-admin-resource/tests/Unit/ServiceProvider/InstanceTest.php" line="72" class="Tests\Unit\Playground\Admin\Resource\ServiceProvider\InstanceTest" classname="Tests.Unit.Playground.Admin.Resource.ServiceProvider.InstanceTest" assertions="2" time="0.033740"/>
      </testsuite>
      <testsuite name="Tests\Unit\Playground\Cms\Models\Page\ModelTest" file="/app/vendor/gammamatrix/playground-cms/tests/Unit/Models/Page/ModelTest.php" tests="3" assertions="9" errors="0" failures="0" skipped="0" time="0.070143">
        <testcase name="test_model_instance" file="/app/vendor/gammamatrix/playground-test/src/Unit/Models/ModelCase.php" line="114" class="Tests\Unit\Playground\Cms\Models\Page\ModelTest" classname="Tests.Unit.Playground.Cms.Models.Page.ModelTest" assertions="1" time="0.022637"/>
        <testcase name="test_verify_model_relationships" file="/app/vendor/gammamatrix/playground-test/src/Unit/Models/ModelCase.php" line="275" class="Tests\Unit\Playground\Cms\Models\Page\ModelTest" classname="Tests.Unit.Playground.Cms.Models.Page.ModelTest" assertions="5" time="0.024512"/>
        <testcase name="test_model_factory_make" file="/app/vendor/gammamatrix/playground-test/src/Unit/Models/ModelCase.php" line="291" class="Tests\Unit\Playground\Cms\Models\Page\ModelTest" classname="Tests.Unit.Playground.Cms.Models.Page.ModelTest" assertions="3" time="0.022994"/>
      </testsuite>
      <testsuite name="Tests\Unit\Playground\Cms\Models\PageRevision\ModelTest" file="/app/vendor/gammamatrix/playground-cms/tests/Unit/Models/PageRevision/ModelTest.php" tests="3" assertions="9" errors="0" failures="0" skipped="0" time="0.071036">
        <testcase name="test_model_instance" file="/app/vendor/gammamatrix/playground-test/src/Unit/Models/ModelCase.php" line="114" class="Tests\Unit\Playground\Cms\Models\PageRevision\ModelTest" classname="Tests.Unit.Playground.Cms.Models.PageRevision.ModelTest" assertions="1" time="0.021210"/>
        <testcase name="test_verify_model_relationships" file="/app/vendor/gammamatrix/playground-test/src/Unit/Models/ModelCase.php" line="275" class="Tests\Unit\Playground\Cms\Models\PageRevision\ModelTest" classname="Tests.Unit.Playground.Cms.Models.PageRevision.ModelTest" assertions="5" time="0.023416"/>
        <testcase name="test_model_factory_make" file="/app/vendor/gammamatrix/playground-test/src/Unit/Models/ModelCase.php" line="291" class="Tests\Unit\Playground\Cms\Models\PageRevision\ModelTest" classname="Tests.Unit.Playground.Cms.Models.PageRevision.ModelTest" assertions="3" time="0.026410"/>
      </testsuite>
      <testsuite name="Tests\Unit\Playground\Cms\Models\Snippet\ModelTest" file="/app/vendor/gammamatrix/playground-cms/tests/Unit/Models/Snippet/ModelTest.php" tests="3" assertions="9" errors="0" failures="0" skipped="0" time="0.069493">
        <testcase name="test_model_instance" file="/app/vendor/gammamatrix/playground-test/src/Unit/Models/ModelCase.php" line="114" class="Tests\Unit\Playground\Cms\Models\Snippet\ModelTest" classname="Tests.Unit.Playground.Cms.Models.Snippet.ModelTest" assertions="1" time="0.021961"/>
        <testcase name="test_verify_model_relationships" file="/app/vendor/gammamatrix/playground-test/src/Unit/Models/ModelCase.php" line="275" class="Tests\Unit\Playground\Cms\Models\Snippet\ModelTest" classname="Tests.Unit.Playground.Cms.Models.Snippet.ModelTest" assertions="5" time="0.024279"/>
        <testcase name="test_model_factory_make" file="/app/vendor/gammamatrix/playground-test/src/Unit/Models/ModelCase.php" line="291" class="Tests\Unit\Playground\Cms\Models\Snippet\ModelTest" classname="Tests.Unit.Playground.Cms.Models.Snippet.ModelTest" assertions="3" time="0.023253"/>
      </testsuite>
      <testsuite name="Tests\Unit\Playground\Cms\Models\SnippetRevision\ModelTest" file="/app/vendor/gammamatrix/playground-cms/tests/Unit/Models/SnippetRevision/ModelTest.php" tests="3" assertions="9" errors="0" failures="0" skipped="0" time="0.067962">
        <testcase name="test_model_instance" file="/app/vendor/gammamatrix/playground-test/src/Unit/Models/ModelCase.php" line="114" class="Tests\Unit\Playground\Cms\Models\SnippetRevision\ModelTest" classname="Tests.Unit.Playground.Cms.Models.SnippetRevision.ModelTest" assertions="1" time="0.021054"/>
        <testcase name="test_verify_model_relationships" file="/app/vendor/gammamatrix/playground-test/src/Unit/Models/ModelCase.php" line="275" class="Tests\Unit\Playground\Cms\Models\SnippetRevision\ModelTest" classname="Tests.Unit.Playground.Cms.Models.SnippetRevision.ModelTest" assertions="5" time="0.023936"/>
        <testcase name="test_model_factory_make" file="/app/vendor/gammamatrix/playground-test/src/Unit/Models/ModelCase.php" line="291" class="Tests\Unit\Playground\Cms\Models\SnippetRevision\ModelTest" classname="Tests.Unit.Playground.Cms.Models.SnippetRevision.ModelTest" assertions="3" time="0.022972"/>
      </testsuite>
      <testsuite name="Tests\Unit\Playground\Cms\Resource\Http\Requests\FormRequest\InstanceTest" file="/app/vendor/gammamatrix/playground-cms-resource/tests/Unit/Http/Requests/FormRequest/InstanceTest.php" tests="5" assertions="6" errors="0" failures="0" skipped="0" time="0.180855">
        <testcase name="test_FormRequest_authorize_without_user" file="/app/vendor/gammamatrix/playground-cms-resource/tests/Unit/Http/Requests/FormRequest/InstanceTest.php" line="21" class="Tests\Unit\Playground\Cms\Resource\Http\Requests\FormRequest\InstanceTest" classname="Tests.Unit.Playground.Cms.Resource.Http.Requests.FormRequest.InstanceTest" assertions="1" time="0.035095"/>
        <testcase name="test_RULES_is_empty_by_default" file="/app/vendor/gammamatrix/playground-cms-resource/tests/Unit/Http/Requests/FormRequest/InstanceTest.php" line="28" class="Tests\Unit\Playground\Cms\Resource\Http\Requests\FormRequest\InstanceTest" classname="Tests.Unit.Playground.Cms.Resource.Http.Requests.FormRequest.InstanceTest" assertions="2" time="0.034771"/>
        <testcase name="test_userHasAdminPrivileges_without_user" file="/app/vendor/gammamatrix/playground-cms-resource/tests/Unit/Http/Requests/FormRequest/InstanceTest.php" line="36" class="Tests\Unit\Playground\Cms\Resource\Http\Requests\FormRequest\InstanceTest" classname="Tests.Unit.Playground.Cms.Resource.Http.Requests.FormRequest.InstanceTest" assertions="1" time="0.035599"/>
        <testcase name="test_userHasAdminPrivileges_with_admin" file="/app/vendor/gammamatrix/playground-cms-resource/tests/Unit/Http/Requests/FormRequest/InstanceTest.php" line="43" class="Tests\Unit\Playground\Cms\Resource\Http\Requests\FormRequest\InstanceTest" classname="Tests.Unit.Playground.Cms.Resource.Http.Requests.FormRequest.InstanceTest" assertions="1" time="0.037075"/>
        <testcase name="test_userHasAdminPrivileges_with_default_laravel_user" file="/app/vendor/gammamatrix/playground-cms-resource/tests/Unit/Http/Requests/FormRequest/InstanceTest.php" line="55" class="Tests\Unit\Playground\Cms\Resource\Http\Requests\FormRequest\InstanceTest" classname="Tests.Unit.Playground.Cms.Resource.Http.Requests.FormRequest.InstanceTest" assertions="1" time="0.038314"/>
      </testsuite>
      <testsuite name="Tests\Unit\Playground\Cms\Resource\Http\Requests\Page\CreateRequestTest" file="/app/vendor/gammamatrix/playground-cms-resource/tests/Unit/Http/Requests/Page/CreateRequestTest.php" tests="1" assertions="1" errors="0" failures="0" skipped="0" time="0.041181">
        <testcase name="test_request_instance" file="/app/vendor/gammamatrix/playground-test/src/Unit/Http/Requests/RequestCase.php" line="41" class="Tests\Unit\Playground\Cms\Resource\Http\Requests\Page\CreateRequestTest" classname="Tests.Unit.Playground.Cms.Resource.Http.Requests.Page.CreateRequestTest" assertions="1" time="0.041181"/>
      </testsuite>
      <testsuite name="Tests\Unit\Playground\Cms\Resource\Http\Requests\Page\StoreRequestTest" file="/app/vendor/gammamatrix/playground-cms-resource/tests/Unit/Http/Requests/Page/StoreRequestTest.php" tests="3" assertions="8" errors="0" failures="0" skipped="0" time="0.102006">
        <testcase name="test_request_instance" file="/app/vendor/gammamatrix/playground-test/src/Unit/Http/Requests/RequestCase.php" line="41" class="Tests\Unit\Playground\Cms\Resource\Http\Requests\Page\StoreRequestTest" classname="Tests.Unit.Playground.Cms.Resource.Http.Requests.Page.StoreRequestTest" assertions="1" time="0.033977"/>
        <testcase name="test_StoreRequest_rules_with_optional_revisions_disabled" file="/app/vendor/gammamatrix/playground-cms-resource/tests/Unit/Http/Requests/Page/StoreRequestTest.php" line="19" class="Tests\Unit\Playground\Cms\Resource\Http\Requests\Page\StoreRequestTest" classname="Tests.Unit.Playground.Cms.Resource.Http.Requests.Page.StoreRequestTest" assertions="3" time="0.033785"/>
        <testcase name="test_StoreRequest_rules_with_optional_revisions_enabled" file="/app/vendor/gammamatrix/playground-cms-resource/tests/Unit/Http/Requests/Page/StoreRequestTest.php" line="29" class="Tests\Unit\Playground\Cms\Resource\Http\Requests\Page\StoreRequestTest" classname="Tests.Unit.Playground.Cms.Resource.Http.Requests.Page.StoreRequestTest" assertions="4" time="0.034244"/>
      </testsuite>
      <testsuite name="Tests\Unit\Playground\Cms\Resource\Http\Requests\Page\UpdateRequestTest" file="/app/vendor/gammamatrix/playground-cms-resource/tests/Unit/Http/Requests/Page/UpdateRequestTest.php" tests="3" assertions="8" errors="0" failures="0" skipped="0" time="0.102611">
        <testcase name="test_request_instance" file="/app/vendor/gammamatrix/playground-test/src/Unit/Http/Requests/RequestCase.php" line="41" class="Tests\Unit\Playground\Cms\Resource\Http\Requests\Page\UpdateRequestTest" classname="Tests.Unit.Playground.Cms.Resource.Http.Requests.Page.UpdateRequestTest" assertions="1" time="0.033497"/>
        <testcase name="test_UpdateRequest_rules_with_optional_revisions_disabled" file="/app/vendor/gammamatrix/playground-cms-resource/tests/Unit/Http/Requests/Page/UpdateRequestTest.php" line="19" class="Tests\Unit\Playground\Cms\Resource\Http\Requests\Page\UpdateRequestTest" classname="Tests.Unit.Playground.Cms.Resource.Http.Requests.Page.UpdateRequestTest" assertions="3" time="0.034784"/>
        <testcase name="test_UpdateRequest_rules_with_optional_revisions_enabled" file="/app/vendor/gammamatrix/playground-cms-resource/tests/Unit/Http/Requests/Page/UpdateRequestTest.php" line="29" class="Tests\Unit\Playground\Cms\Resource\Http\Requests\Page\UpdateRequestTest" classname="Tests.Unit.Playground.Cms.Resource.Http.Requests.Page.UpdateRequestTest" assertions="4" time="0.034330"/>
      </testsuite>
      <testsuite name="Tests\Unit\Playground\Cms\Resource\Http\Requests\Snippet\CreateRequestTest" file="/app/vendor/gammamatrix/playground-cms-resource/tests/Unit/Http/Requests/Snippet/CreateRequestTest.php" tests="1" assertions="1" errors="0" failures="0" skipped="0" time="0.033650">
        <testcase name="test_request_instance" file="/app/vendor/gammamatrix/playground-test/src/Unit/Http/Requests/RequestCase.php" line="41" class="Tests\Unit\Playground\Cms\Resource\Http\Requests\Snippet\CreateRequestTest" classname="Tests.Unit.Playground.Cms.Resource.Http.Requests.Snippet.CreateRequestTest" assertions="1" time="0.033650"/>
      </testsuite>
      <testsuite name="Tests\Unit\Playground\Cms\Resource\Http\Requests\Snippet\StoreRequestTest" file="/app/vendor/gammamatrix/playground-cms-resource/tests/Unit/Http/Requests/Snippet/StoreRequestTest.php" tests="3" assertions="8" errors="0" failures="0" skipped="0" time="0.102079">
        <testcase name="test_request_instance" file="/app/vendor/gammamatrix/playground-test/src/Unit/Http/Requests/RequestCase.php" line="41" class="Tests\Unit\Playground\Cms\Resource\Http\Requests\Snippet\StoreRequestTest" classname="Tests.Unit.Playground.Cms.Resource.Http.Requests.Snippet.StoreRequestTest" assertions="1" time="0.033423"/>
        <testcase name="test_StoreRequest_rules_with_optional_revisions_disabled" file="/app/vendor/gammamatrix/playground-cms-resource/tests/Unit/Http/Requests/Snippet/StoreRequestTest.php" line="19" class="Tests\Unit\Playground\Cms\Resource\Http\Requests\Snippet\StoreRequestTest" classname="Tests.Unit.Playground.Cms.Resource.Http.Requests.Snippet.StoreRequestTest" assertions="3" time="0.034512"/>
        <testcase name="test_StoreRequest_rules_with_optional_revisions_enabled" file="/app/vendor/gammamatrix/playground-cms-resource/tests/Unit/Http/Requests/Snippet/StoreRequestTest.php" line="29" class="Tests\Unit\Playground\Cms\Resource\Http\Requests\Snippet\StoreRequestTest" classname="Tests.Unit.Playground.Cms.Resource.Http.Requests.Snippet.StoreRequestTest" assertions="4" time="0.034143"/>
      </testsuite>
      <testsuite name="Tests\Unit\Playground\Cms\Resource\Http\Requests\Snippet\UpdateRequestTest" file="/app/vendor/gammamatrix/playground-cms-resource/tests/Unit/Http/Requests/Snippet/UpdateRequestTest.php" tests="3" assertions="8" errors="0" failures="0" skipped="0" time="0.101727">
        <testcase name="test_request_instance" file="/app/vendor/gammamatrix/playground-test/src/Unit/Http/Requests/RequestCase.php" line="41" class="Tests\Unit\Playground\Cms\Resource\Http\Requests\Snippet\UpdateRequestTest" classname="Tests.Unit.Playground.Cms.Resource.Http.Requests.Snippet.UpdateRequestTest" assertions="1" time="0.033334"/>
        <testcase name="test_UpdateRequest_rules_with_optional_revisions_disabled" file="/app/vendor/gammamatrix/playground-cms-resource/tests/Unit/Http/Requests/Snippet/UpdateRequestTest.php" line="19" class="Tests\Unit\Playground\Cms\Resource\Http\Requests\Snippet\UpdateRequestTest" classname="Tests.Unit.Playground.Cms.Resource.Http.Requests.Snippet.UpdateRequestTest" assertions="3" time="0.033800"/>
        <testcase name="test_UpdateRequest_rules_with_optional_revisions_enabled" file="/app/vendor/gammamatrix/playground-cms-resource/tests/Unit/Http/Requests/Snippet/UpdateRequestTest.php" line="29" class="Tests\Unit\Playground\Cms\Resource\Http\Requests\Snippet\UpdateRequestTest" classname="Tests.Unit.Playground.Cms.Resource.Http.Requests.Snippet.UpdateRequestTest" assertions="4" time="0.034593"/>
      </testsuite>
      <testsuite name="Tests\Unit\Playground\Cms\Resource\Policies\PagePolicy\PolicyTest" file="/app/vendor/gammamatrix/playground-cms-resource/tests/Unit/Policies/PagePolicy/PolicyTest.php" tests="1" assertions="1" errors="0" failures="0" skipped="0" time="0.033977">
        <testcase name="test_policy_instance" file="/app/vendor/gammamatrix/playground-cms-resource/tests/Unit/Policies/PagePolicy/PolicyTest.php" line="17" class="Tests\Unit\Playground\Cms\Resource\Policies\PagePolicy\PolicyTest" classname="Tests.Unit.Playground.Cms.Resource.Policies.PagePolicy.PolicyTest" assertions="1" time="0.033977"/>
      </testsuite>
      <testsuite name="Tests\Unit\Playground\Cms\Resource\Policies\SnippetPolicy\PolicyTest" file="/app/vendor/gammamatrix/playground-cms-resource/tests/Unit/Policies/SnippetPolicy/PolicyTest.php" tests="1" assertions="1" errors="0" failures="0" skipped="0" time="0.035701">
        <testcase name="test_policy_instance" file="/app/vendor/gammamatrix/playground-cms-resource/tests/Unit/Policies/SnippetPolicy/PolicyTest.php" line="17" class="Tests\Unit\Playground\Cms\Resource\Policies\SnippetPolicy\PolicyTest" classname="Tests.Unit.Playground.Cms.Resource.Policies.SnippetPolicy.PolicyTest" assertions="1" time="0.035701"/>
      </testsuite>
      <testsuite name="Tests\Unit\Playground\Cms\Resource\ServiceProvider\InstanceTest" file="/app/vendor/gammamatrix/playground-cms-resource/tests/Unit/ServiceProvider/InstanceTest.php" tests="4" assertions="8" errors="0" failures="0" skipped="0" time="0.136608">
        <testcase name="test_version_matches" file="/app/vendor/gammamatrix/playground-cms-resource/tests/Unit/ServiceProvider/InstanceTest.php" line="20" class="Tests\Unit\Playground\Cms\Resource\ServiceProvider\InstanceTest" classname="Tests.Unit.Playground.Cms.Resource.ServiceProvider.InstanceTest" assertions="3" time="0.033812"/>
        <testcase name="test_setPolicies_with_empty_array" file="/app/vendor/gammamatrix/playground-cms-resource/tests/Unit/ServiceProvider/InstanceTest.php" line="29" class="Tests\Unit\Playground\Cms\Resource\ServiceProvider\InstanceTest" classname="Tests.Unit.Playground.Cms.Resource.ServiceProvider.InstanceTest" assertions="1" time="0.033730"/>
        <testcase name="test_setPolicies_with_invalid_model" file="/app/vendor/gammamatrix/playground-cms-resource/tests/Unit/ServiceProvider/InstanceTest.php" line="43" class="Tests\Unit\Playground\Cms\Resource\ServiceProvider\InstanceTest" classname="Tests.Unit.Playground.Cms.Resource.ServiceProvider.InstanceTest" assertions="2" time="0.034380"/>
        <testcase name="test_setPolicies_with_invalid_policy" file="/app/vendor/gammamatrix/playground-cms-resource/tests/Unit/ServiceProvider/InstanceTest.php" line="72" class="Tests\Unit\Playground\Cms\Resource\ServiceProvider\InstanceTest" classname="Tests.Unit.Playground.Cms.Resource.ServiceProvider.InstanceTest" assertions="2" time="0.034686"/>
      </testsuite>
      <testsuite name="Tests\Unit\Playground\Http\Requests\Concerns\StoreContent\TraitTest" file="/app/vendor/gammamatrix/playground-http/tests/Unit/Requests/Concerns/StoreContent/TraitTest.php" tests="5" assertions="5" errors="0" failures="0" skipped="0" time="0.125276">
        <testcase name="test_purify" file="/app/vendor/gammamatrix/playground-http/tests/Unit/Requests/Concerns/StoreContent/TraitTest.php" line="17" class="Tests\Unit\Playground\Http\Requests\Concerns\StoreContent\TraitTest" classname="Tests.Unit.Playground.Http.Requests.Concerns.StoreContent.TraitTest" assertions="1" time="0.040985"/>
        <testcase name="test_exorcise" file="/app/vendor/gammamatrix/playground-http/tests/Unit/Requests/Concerns/StoreContent/TraitTest.php" line="26" class="Tests\Unit\Playground\Http\Requests\Concerns\StoreContent\TraitTest" classname="Tests.Unit.Playground.Http.Requests.Concerns.StoreContent.TraitTest" assertions="1" time="0.020606"/>
        <testcase name="test_getHtmlPurifier" file="/app/vendor/gammamatrix/playground-http/tests/Unit/Requests/Concerns/StoreContent/TraitTest.php" line="35" class="Tests\Unit\Playground\Http\Requests\Concerns\StoreContent\TraitTest" classname="Tests.Unit.Playground.Http.Requests.Concerns.StoreContent.TraitTest" assertions="1" time="0.020735"/>
        <testcase name="test_getHtmlPurifier_with_iframes" file="/app/vendor/gammamatrix/playground-http/tests/Unit/Requests/Concerns/StoreContent/TraitTest.php" line="45" class="Tests\Unit\Playground\Http\Requests\Concerns\StoreContent\TraitTest" classname="Tests.Unit.Playground.Http.Requests.Concerns.StoreContent.TraitTest" assertions="1" time="0.021703"/>
        <testcase name="test_getHtmlPurifier_with_purifier_path" file="/app/vendor/gammamatrix/playground-http/tests/Unit/Requests/Concerns/StoreContent/TraitTest.php" line="57" class="Tests\Unit\Playground\Http\Requests\Concerns\StoreContent\TraitTest" classname="Tests.Unit.Playground.Http.Requests.Concerns.StoreContent.TraitTest" assertions="1" time="0.021246"/>
      </testsuite>
      <testsuite name="Tests\Unit\Playground\Http\Requests\Concerns\StoreFilter\ArrayTraitTest" file="/app/vendor/gammamatrix/playground-http/tests/Unit/Requests/Concerns/StoreFilter/ArrayTraitTest.php" tests="2" assertions="12" errors="0" failures="0" skipped="0" time="0.041036">
        <testcase name="test_filterArray" file="/app/vendor/gammamatrix/playground-http/tests/Unit/Requests/Concerns/StoreFilter/ArrayTraitTest.php" line="25" class="Tests\Unit\Playground\Http\Requests\Concerns\StoreFilter\ArrayTraitTest" classname="Tests.Unit.Playground.Http.Requests.Concerns.StoreFilter.ArrayTraitTest" assertions="6" time="0.020532"/>
        <testcase name="test_filterArray_to_json" file="/app/vendor/gammamatrix/playground-http/tests/Unit/Requests/Concerns/StoreFilter/ArrayTraitTest.php" line="65" class="Tests\Unit\Playground\Http\Requests\Concerns\StoreFilter\ArrayTraitTest" classname="Tests.Unit.Playground.Http.Requests.Concerns.StoreFilter.ArrayTraitTest" assertions="6" time="0.020504"/>
      </testsuite>
      <testsuite name="Tests\Unit\Playground\Http\Requests\Concerns\StoreFilter\BitsTraitTest" file="/app/vendor/gammamatrix/playground-http/tests/Unit/Requests/Concerns/StoreFilter/BitsTraitTest.php" tests="2" assertions="7" errors="0" failures="0" skipped="0" time="0.041811">
        <testcase name="test_filterBits_for_exponent_zero" file="/app/vendor/gammamatrix/playground-http/tests/Unit/Requests/Concerns/StoreFilter/BitsTraitTest.php" line="25" class="Tests\Unit\Playground\Http\Requests\Concerns\StoreFilter\BitsTraitTest" classname="Tests.Unit.Playground.Http.Requests.Concerns.StoreFilter.BitsTraitTest" assertions="2" time="0.020102"/>
        <testcase name="test_filterBits_for_exponent_greater_than_zero" file="/app/vendor/gammamatrix/playground-http/tests/Unit/Requests/Concerns/StoreFilter/BitsTraitTest.php" line="41" class="Tests\Unit\Playground\Http\Requests\Concerns\StoreFilter\BitsTraitTest" classname="Tests.Unit.Playground.Http.Requests.Concerns.StoreFilter.BitsTraitTest" assertions="5" time="0.021709"/>
      </testsuite>
      <testsuite name="Tests\Unit\Playground\Http\Requests\Concerns\StoreFilter\DateTraitTest" file="/app/vendor/gammamatrix/playground-http/tests/Unit/Requests/Concerns/StoreFilter/DateTraitTest.php" tests="2" assertions="5" errors="0" failures="0" skipped="0" time="0.042099">
        <testcase name="test_filterDate" file="/app/vendor/gammamatrix/playground-http/tests/Unit/Requests/Concerns/StoreFilter/DateTraitTest.php" line="35" class="Tests\Unit\Playground\Http\Requests\Concerns\StoreFilter\DateTraitTest" classname="Tests.Unit.Playground.Http.Requests.Concerns.StoreFilter.DateTraitTest" assertions="2" time="0.020964"/>
        <testcase name="test_filterDateAsCarbon" file="/app/vendor/gammamatrix/playground-http/tests/Unit/Requests/Concerns/StoreFilter/DateTraitTest.php" line="58" class="Tests\Unit\Playground\Http\Requests\Concerns\StoreFilter\DateTraitTest" classname="Tests.Unit.Playground.Http.Requests.Concerns.StoreFilter.DateTraitTest" assertions="3" time="0.021135"/>
      </testsuite>
      <testsuite name="Tests\Unit\Playground\Http\Requests\Concerns\StoreFilter\NumberTraitTest" file="/app/vendor/gammamatrix/playground-http/tests/Unit/Requests/Concerns/StoreFilter/NumberTraitTest.php" tests="5" assertions="55" errors="0" failures="0" skipped="0" time="0.104860">
        <testcase name="test_filterFloat" file="/app/vendor/gammamatrix/playground-http/tests/Unit/Requests/Concerns/StoreFilter/NumberTraitTest.php" line="25" class="Tests\Unit\Playground\Http\Requests\Concerns\StoreFilter\NumberTraitTest" classname="Tests.Unit.Playground.Http.Requests.Concerns.StoreFilter.NumberTraitTest" assertions="4" time="0.020122"/>
        <testcase name="test_filterInteger" file="/app/vendor/gammamatrix/playground-http/tests/Unit/Requests/Concerns/StoreFilter/NumberTraitTest.php" line="41" class="Tests\Unit\Playground\Http\Requests\Concerns\StoreFilter\NumberTraitTest" classname="Tests.Unit.Playground.Http.Requests.Concerns.StoreFilter.NumberTraitTest" assertions="6" time="0.020303"/>
        <testcase name="test_filterIntegerId" file="/app/vendor/gammamatrix/playground-http/tests/Unit/Requests/Concerns/StoreFilter/NumberTraitTest.php" line="62" class="Tests\Unit\Playground\Http\Requests\Concerns\StoreFilter\NumberTraitTest" classname="Tests.Unit.Playground.Http.Requests.Concerns.StoreFilter.NumberTraitTest" assertions="12" time="0.022402"/>
        <testcase name="test_filterIntegerPositive" file="/app/vendor/gammamatrix/playground-http/tests/Unit/Requests/Concerns/StoreFilter/NumberTraitTest.php" line="86" class="Tests\Unit\Playground\Http\Requests\Concerns\StoreFilter\NumberTraitTest" classname="Tests.Unit.Playground.Http.Requests.Concerns.StoreFilter.NumberTraitTest" assertions="27" time="0.020928"/>
        <testcase name="test_filterPercent" file="/app/vendor/gammamatrix/playground-http/tests/Unit/Requests/Concerns/StoreFilter/NumberTraitTest.php" line="131" class="Tests\Unit\Playground\Http\Requests\Concerns\StoreFilter\NumberTraitTest" classname="Tests.Unit.Playground.Http.Requests.Concerns.StoreFilter.NumberTraitTest" assertions="6" time="0.021105"/>
      </testsuite>
      <testsuite name="Tests\Unit\Playground\Http\Requests\Concerns\StoreFilter\PhoneTraitTest" file="/app/vendor/gammamatrix/playground-http/tests/Unit/Requests/Concerns/StoreFilter/PhoneTraitTest.php" tests="1" assertions="4" errors="0" failures="0" skipped="0" time="0.020205">
        <testcase name="test_filterPhone" file="/app/vendor/gammamatrix/playground-http/tests/Unit/Requests/Concerns/StoreFilter/PhoneTraitTest.php" line="25" class="Tests\Unit\Playground\Http\Requests\Concerns\StoreFilter\PhoneTraitTest" classname="Tests.Unit.Playground.Http.Requests.Concerns.StoreFilter.PhoneTraitTest" assertions="4" time="0.020205"/>
      </testsuite>
      <testsuite name="Tests\Unit\Playground\Http\Requests\Concerns\StoreFilter\StatusTraitTest" file="/app/vendor/gammamatrix/playground-http/tests/Unit/Requests/Concerns/StoreFilter/StatusTraitTest.php" tests="5" assertions="5" errors="0" failures="0" skipped="0" time="0.105398">
        <testcase name="test_filterStatus_with_empty_input" file="/app/vendor/gammamatrix/playground-http/tests/Unit/Requests/Concerns/StoreFilter/StatusTraitTest.php" line="48" class="Tests\Unit\Playground\Http\Requests\Concerns\StoreFilter\StatusTraitTest" classname="Tests.Unit.Playground.Http.Requests.Concerns.StoreFilter.StatusTraitTest" assertions="1" time="0.020380"/>
        <testcase name="test_filterStatus_with_integer" file="/app/vendor/gammamatrix/playground-http/tests/Unit/Requests/Concerns/StoreFilter/StatusTraitTest.php" line="61" class="Tests\Unit\Playground\Http\Requests\Concerns\StoreFilter\StatusTraitTest" classname="Tests.Unit.Playground.Http.Requests.Concerns.StoreFilter.StatusTraitTest" assertions="1" time="0.021918"/>
        <testcase name="test_filterStatus_with_integer_as_string" file="/app/vendor/gammamatrix/playground-http/tests/Unit/Requests/Concerns/StoreFilter/StatusTraitTest.php" line="74" class="Tests\Unit\Playground\Http\Requests\Concerns\StoreFilter\StatusTraitTest" classname="Tests.Unit.Playground.Http.Requests.Concerns.StoreFilter.StatusTraitTest" assertions="1" time="0.020828"/>
        <testcase name="test_filterStatus_with_integer_as_negative_float" file="/app/vendor/gammamatrix/playground-http/tests/Unit/Requests/Concerns/StoreFilter/StatusTraitTest.php" line="87" class="Tests\Unit\Playground\Http\Requests\Concerns\StoreFilter\StatusTraitTest" classname="Tests.Unit.Playground.Http.Requests.Concerns.StoreFilter.StatusTraitTest" assertions="1" time="0.020942"/>
        <testcase name="test_filterStatus_with_map" file="/app/vendor/gammamatrix/playground-http/tests/Unit/Requests/Concerns/StoreFilter/StatusTraitTest.php" line="100" class="Tests\Unit\Playground\Http\Requests\Concerns\StoreFilter\StatusTraitTest" classname="Tests.Unit.Playground.Http.Requests.Concerns.StoreFilter.StatusTraitTest" assertions="1" time="0.021330"/>
      </testsuite>
      <testsuite name="Tests\Unit\Playground\Http\Requests\Concerns\StoreFilter\SystemFieldsTraitTest" file="/app/vendor/gammamatrix/playground-http/tests/Unit/Requests/Concerns/StoreFilter/SystemFieldsTraitTest.php" tests="6" assertions="10" errors="0" failures="0" skipped="0" time="0.128861">
        <testcase name="test_filterSystemFields_with_empty_input" file="/app/vendor/gammamatrix/playground-http/tests/Unit/Requests/Concerns/StoreFilter/SystemFieldsTraitTest.php" line="49" class="Tests\Unit\Playground\Http\Requests\Concerns\StoreFilter\SystemFieldsTraitTest" classname="Tests.Unit.Playground.Http.Requests.Concerns.StoreFilter.SystemFieldsTraitTest" assertions="1" time="0.020580"/>
        <testcase name="test_filterSystemFields_for_groups" file="/app/vendor/gammamatrix/playground-http/tests/Unit/Requests/Concerns/StoreFilter/SystemFieldsTraitTest.php" line="62" class="Tests\Unit\Playground\Http\Requests\Concerns\StoreFilter\SystemFieldsTraitTest" classname="Tests.Unit.Playground.Http.Requests.Concerns.StoreFilter.SystemFieldsTraitTest" assertions="1" time="0.020834"/>
        <testcase name="test_filterSystemFields_for_valid_permissions" file="/app/vendor/gammamatrix/playground-http/tests/Unit/Requests/Concerns/StoreFilter/SystemFieldsTraitTest.php" line="76" class="Tests\Unit\Playground\Http\Requests\Concerns\StoreFilter\SystemFieldsTraitTest" classname="Tests.Unit.Playground.Http.Requests.Concerns.StoreFilter.SystemFieldsTraitTest" assertions="1" time="0.020953"/>
        <testcase name="test_filterSystemFields_for_invalid_permissions" file="/app/vendor/gammamatrix/playground-http/tests/Unit/Requests/Concerns/StoreFilter/SystemFieldsTraitTest.php" line="100" class="Tests\Unit\Playground\Http\Requests\Concerns\StoreFilter\SystemFieldsTraitTest" classname="Tests.Unit.Playground.Http.Requests.Concerns.StoreFilter.SystemFieldsTraitTest" assertions="1" time="0.022587"/>
        <testcase name="test_filterSystemFields_for_rank" file="/app/vendor/gammamatrix/playground-http/tests/Unit/Requests/Concerns/StoreFilter/SystemFieldsTraitTest.php" line="123" class="Tests\Unit\Playground\Http\Requests\Concerns\StoreFilter\SystemFieldsTraitTest" classname="Tests.Unit.Playground.Http.Requests.Concerns.StoreFilter.SystemFieldsTraitTest" assertions="3" time="0.021786"/>
        <testcase name="test_filterSystemFields_for_size" file="/app/vendor/gammamatrix/playground-http/tests/Unit/Requests/Concerns/StoreFilter/SystemFieldsTraitTest.php" line="146" class="Tests\Unit\Playground\Http\Requests\Concerns\StoreFilter\SystemFieldsTraitTest" classname="Tests.Unit.Playground.Http.Requests.Concerns.StoreFilter.SystemFieldsTraitTest" assertions="3" time="0.022122"/>
      </testsuite>
      <testsuite name="Tests\Unit\Playground\Http\Requests\Concerns\StoreFilter\UuidTraitTest" file="/app/vendor/gammamatrix/playground-http/tests/Unit/Requests/Concerns/StoreFilter/UuidTraitTest.php" tests="1" assertions="2" errors="0" failures="0" skipped="0" time="0.021667">
        <testcase name="test_filterUuid" file="/app/vendor/gammamatrix/playground-http/tests/Unit/Requests/Concerns/StoreFilter/UuidTraitTest.php" line="24" class="Tests\Unit\Playground\Http\Requests\Concerns\StoreFilter\UuidTraitTest" classname="Tests.Unit.Playground.Http.Requests.Concerns.StoreFilter.UuidTraitTest" assertions="2" time="0.021667"/>
      </testsuite>
      <testsuite name="Tests\Unit\Playground\Http\Requests\Concerns\StoreFilter\ValueTraitTest" file="/app/vendor/gammamatrix/playground-http/tests/Unit/Requests/Concerns/StoreFilter/ValueTraitTest.php" tests="3" assertions="20" errors="0" failures="0" skipped="0" time="0.064303">
        <testcase name="test_filterBoolean" file="/app/vendor/gammamatrix/playground-http/tests/Unit/Requests/Concerns/StoreFilter/ValueTraitTest.php" line="27" class="Tests\Unit\Playground\Http\Requests\Concerns\StoreFilter\ValueTraitTest" classname="Tests.Unit.Playground.Http.Requests.Concerns.StoreFilter.ValueTraitTest" assertions="12" time="0.020360"/>
        <testcase name="test_filterEmail" file="/app/vendor/gammamatrix/playground-http/tests/Unit/Requests/Concerns/StoreFilter/ValueTraitTest.php" line="73" class="Tests\Unit\Playground\Http\Requests\Concerns\StoreFilter\ValueTraitTest" classname="Tests.Unit.Playground.Http.Requests.Concerns.StoreFilter.ValueTraitTest" assertions="6" time="0.022129"/>
        <testcase name="test_filterHtml" file="/app/vendor/gammamatrix/playground-http/tests/Unit/Requests/Concerns/StoreFilter/ValueTraitTest.php" line="101" class="Tests\Unit\Playground\Http\Requests\Concerns\StoreFilter\ValueTraitTest" classname="Tests.Unit.Playground.Http.Requests.Concerns.StoreFilter.ValueTraitTest" assertions="2" time="0.021813"/>
      </testsuite>
      <testsuite name="Tests\Unit\Playground\Test\Models\AppPlaygroundUser\InstanceTest" file="/app/vendor/gammamatrix/playground-test/tests/Unit/Models/AppPlaygroundUser/InstanceTest.php" tests="11" assertions="15" errors="0" failures="0" skipped="0" time="0.266777">
        <testcase name="test_getAttributes" file="/app/vendor/gammamatrix/playground-test/tests/Unit/Models/AppPlaygroundUser/InstanceTest.php" line="24" class="Tests\Unit\Playground\Test\Models\AppPlaygroundUser\InstanceTest" classname="Tests.Unit.Playground.Test.Models.AppPlaygroundUser.InstanceTest" assertions="2" time="0.034838"/>
        <testcase name="test_hasRole_is_false_without_role" file="/app/vendor/gammamatrix/playground-test/tests/Unit/Models/AppPlaygroundUser/InstanceTest.php" line="110" class="Tests\Unit\Playground\Test\Models\AppPlaygroundUser\InstanceTest" classname="Tests.Unit.Playground.Test.Models.AppPlaygroundUser.InstanceTest" assertions="1" time="0.021845"/>
        <testcase name="test_hasRole_is_true_with_matching_role" file="/app/vendor/gammamatrix/playground-test/tests/Unit/Models/AppPlaygroundUser/InstanceTest.php" line="124" class="Tests\Unit\Playground\Test\Models\AppPlaygroundUser\InstanceTest" classname="Tests.Unit.Playground.Test.Models.AppPlaygroundUser.InstanceTest" assertions="1" time="0.021910"/>
        <testcase name="test_hasRole_is_true_with_matching_secondary_role" file="/app/vendor/gammamatrix/playground-test/tests/Unit/Models/AppPlaygroundUser/InstanceTest.php" line="140" class="Tests\Unit\Playground\Test\Models\AppPlaygroundUser\InstanceTest" classname="Tests.Unit.Playground.Test.Models.AppPlaygroundUser.InstanceTest" assertions="4" time="0.024039"/>
        <testcase name="test_isAdmin_is_true_with_admin_role" file="/app/vendor/gammamatrix/playground-test/tests/Unit/Models/AppPlaygroundUser/InstanceTest.php" line="163" class="Tests\Unit\Playground\Test\Models\AppPlaygroundUser\InstanceTest" classname="Tests.Unit.Playground.Test.Models.AppPlaygroundUser.InstanceTest" assertions="1" time="0.022391"/>
        <testcase name="test_isAdmin_is_true_with_admin_secondary_role" file="/app/vendor/gammamatrix/playground-test/tests/Unit/Models/AppPlaygroundUser/InstanceTest.php" line="183" class="Tests\Unit\Playground\Test\Models\AppPlaygroundUser\InstanceTest" classname="Tests.Unit.Playground.Test.Models.AppPlaygroundUser.InstanceTest" assertions="1" time="0.022483"/>
        <testcase name="test_isAdmin_is_true_with_wheel_role" file="/app/vendor/gammamatrix/playground-test/tests/Unit/Models/AppPlaygroundUser/InstanceTest.php" line="203" class="Tests\Unit\Playground\Test\Models\AppPlaygroundUser\InstanceTest" classname="Tests.Unit.Playground.Test.Models.AppPlaygroundUser.InstanceTest" assertions="1" time="0.023041"/>
        <testcase name="test_isAdmin_is_true_with_wheel_secondary_role" file="/app/vendor/gammamatrix/playground-test/tests/Unit/Models/AppPlaygroundUser/InstanceTest.php" line="223" class="Tests\Unit\Playground\Test\Models\AppPlaygroundUser\InstanceTest" classname="Tests.Unit.Playground.Test.Models.AppPlaygroundUser.InstanceTest" assertions="1" time="0.023340"/>
        <testcase name="test_isAdmin_is_true_with_root_role" file="/app/vendor/gammamatrix/playground-test/tests/Unit/Models/AppPlaygroundUser/InstanceTest.php" line="243" class="Tests\Unit\Playground\Test\Models\AppPlaygroundUser\InstanceTest" classname="Tests.Unit.Playground.Test.Models.AppPlaygroundUser.InstanceTest" assertions="1" time="0.023493"/>
        <testcase name="test_isAdmin_is_false_with_root_secondary_role" file="/app/vendor/gammamatrix/playground-test/tests/Unit/Models/AppPlaygroundUser/InstanceTest.php" line="263" class="Tests\Unit\Playground\Test\Models\AppPlaygroundUser\InstanceTest" classname="Tests.Unit.Playground.Test.Models.AppPlaygroundUser.InstanceTest" assertions="1" time="0.023616"/>
        <testcase name="test_factory_with_make" file="/app/vendor/gammamatrix/playground-test/tests/Unit/Models/AppPlaygroundUser/InstanceTest.php" line="283" class="Tests\Unit\Playground\Test\Models\AppPlaygroundUser\InstanceTest" classname="Tests.Unit.Playground.Test.Models.AppPlaygroundUser.InstanceTest" assertions="1" time="0.025781"/>
      </testsuite>
      <testsuite name="Tests\Unit\Playground\Test\Models\AppPlaygroundUser\ModelTest" file="/app/vendor/gammamatrix/playground-test/tests/Unit/Models/AppPlaygroundUser/ModelTest.php" tests="3" assertions="6" errors="0" failures="0" skipped="0" time="0.067143">
        <testcase name="test_model_instance" file="/app/vendor/gammamatrix/playground-test/src/Unit/Models/ModelCase.php" line="114" class="Tests\Unit\Playground\Test\Models\AppPlaygroundUser\ModelTest" classname="Tests.Unit.Playground.Test.Models.AppPlaygroundUser.ModelTest" assertions="1" time="0.021968"/>
        <testcase name="test_verify_model_relationships" file="/app/vendor/gammamatrix/playground-test/src/Unit/Models/ModelCase.php" line="275" class="Tests\Unit\Playground\Test\Models\AppPlaygroundUser\ModelTest" classname="Tests.Unit.Playground.Test.Models.AppPlaygroundUser.ModelTest" assertions="2" time="0.021917"/>
        <testcase name="test_model_factory_make" file="/app/vendor/gammamatrix/playground-test/src/Unit/Models/ModelCase.php" line="291" class="Tests\Unit\Playground\Test\Models\AppPlaygroundUser\ModelTest" classname="Tests.Unit.Playground.Test.Models.AppPlaygroundUser.ModelTest" assertions="3" time="0.023259"/>
      </testsuite>
      <testsuite name="Tests\Unit\Playground\Test\Models\ModelCase\ModelTest" file="/app/vendor/gammamatrix/playground-test/tests/Unit/Models/ModelCase/ModelTest.php" tests="3" assertions="9" errors="0" failures="0" skipped="0" time="0.063648">
        <testcase name="test_model_instance" file="/app/vendor/gammamatrix/playground-test/src/Unit/Models/ModelCase.php" line="114" class="Tests\Unit\Playground\Test\Models\ModelCase\ModelTest" classname="Tests.Unit.Playground.Test.Models.ModelCase.ModelTest" assertions="1" time="0.020300"/>
        <testcase name="test_verify_model_relationships" file="/app/vendor/gammamatrix/playground-test/src/Unit/Models/ModelCase.php" line="275" class="Tests\Unit\Playground\Test\Models\ModelCase\ModelTest" classname="Tests.Unit.Playground.Test.Models.ModelCase.ModelTest" assertions="5" time="0.020362"/>
        <testcase name="test_model_factory_make" file="/app/vendor/gammamatrix/playground-test/src/Unit/Models/ModelCase.php" line="291" class="Tests\Unit\Playground\Test\Models\ModelCase\ModelTest" classname="Tests.Unit.Playground.Test.Models.ModelCase.ModelTest" assertions="3" time="0.022986"/>
      </testsuite>
      <testsuite name="Tests\Unit\Playground\Test\Models\PlaygroundUser\InstanceTest" file="/app/vendor/gammamatrix/playground-test/tests/Unit/Models/PlaygroundUser/InstanceTest.php" tests="11" assertions="15" errors="0" failures="0" skipped="0" time="0.259066">
        <testcase name="test_getAttributes" file="/app/vendor/gammamatrix/playground-test/tests/Unit/Models/PlaygroundUser/InstanceTest.php" line="24" class="Tests\Unit\Playground\Test\Models\PlaygroundUser\InstanceTest" classname="Tests.Unit.Playground.Test.Models.PlaygroundUser.InstanceTest" assertions="2" time="0.023337"/>
        <testcase name="test_hasRole_is_false_without_role" file="/app/vendor/gammamatrix/playground-test/tests/Unit/Models/PlaygroundUser/InstanceTest.php" line="110" class="Tests\Unit\Playground\Test\Models\PlaygroundUser\InstanceTest" classname="Tests.Unit.Playground.Test.Models.PlaygroundUser.InstanceTest" assertions="1" time="0.021925"/>
        <testcase name="test_hasRole_is_true_with_matching_role" file="/app/vendor/gammamatrix/playground-test/tests/Unit/Models/PlaygroundUser/InstanceTest.php" line="124" class="Tests\Unit\Playground\Test\Models\PlaygroundUser\InstanceTest" classname="Tests.Unit.Playground.Test.Models.PlaygroundUser.InstanceTest" assertions="1" time="0.024178"/>
        <testcase name="test_hasRole_is_true_with_matching_secondary_role" file="/app/vendor/gammamatrix/playground-test/tests/Unit/Models/PlaygroundUser/InstanceTest.php" line="140" class="Tests\Unit\Playground\Test\Models\PlaygroundUser\InstanceTest" classname="Tests.Unit.Playground.Test.Models.PlaygroundUser.InstanceTest" assertions="4" time="0.022805"/>
        <testcase name="test_isAdmin_is_true_with_admin_role" file="/app/vendor/gammamatrix/playground-test/tests/Unit/Models/PlaygroundUser/InstanceTest.php" line="163" class="Tests\Unit\Playground\Test\Models\PlaygroundUser\InstanceTest" classname="Tests.Unit.Playground.Test.Models.PlaygroundUser.InstanceTest" assertions="1" time="0.022494"/>
        <testcase name="test_isAdmin_is_true_with_admin_secondary_role" file="/app/vendor/gammamatrix/playground-test/tests/Unit/Models/PlaygroundUser/InstanceTest.php" line="183" class="Tests\Unit\Playground\Test\Models\PlaygroundUser\InstanceTest" classname="Tests.Unit.Playground.Test.Models.PlaygroundUser.InstanceTest" assertions="1" time="0.022861"/>
        <testcase name="test_isAdmin_is_true_with_wheel_role" file="/app/vendor/gammamatrix/playground-test/tests/Unit/Models/PlaygroundUser/InstanceTest.php" line="203" class="Tests\Unit\Playground\Test\Models\PlaygroundUser\InstanceTest" classname="Tests.Unit.Playground.Test.Models.PlaygroundUser.InstanceTest" assertions="1" time="0.025122"/>
        <testcase name="test_isAdmin_is_true_with_wheel_secondary_role" file="/app/vendor/gammamatrix/playground-test/tests/Unit/Models/PlaygroundUser/InstanceTest.php" line="223" class="Tests\Unit\Playground\Test\Models\PlaygroundUser\InstanceTest" classname="Tests.Unit.Playground.Test.Models.PlaygroundUser.InstanceTest" assertions="1" time="0.023419"/>
        <testcase name="test_isAdmin_is_true_with_root_role" file="/app/vendor/gammamatrix/playground-test/tests/Unit/Models/PlaygroundUser/InstanceTest.php" line="243" class="Tests\Unit\Playground\Test\Models\PlaygroundUser\InstanceTest" classname="Tests.Unit.Playground.Test.Models.PlaygroundUser.InstanceTest" assertions="1" time="0.023412"/>
        <testcase name="test_isAdmin_is_false_with_root_secondary_role" file="/app/vendor/gammamatrix/playground-test/tests/Unit/Models/PlaygroundUser/InstanceTest.php" line="263" class="Tests\Unit\Playground\Test\Models\PlaygroundUser\InstanceTest" classname="Tests.Unit.Playground.Test.Models.PlaygroundUser.InstanceTest" assertions="1" time="0.023611"/>
        <testcase name="test_factory_with_make" file="/app/vendor/gammamatrix/playground-test/tests/Unit/Models/PlaygroundUser/InstanceTest.php" line="283" class="Tests\Unit\Playground\Test\Models\PlaygroundUser\InstanceTest" classname="Tests.Unit.Playground.Test.Models.PlaygroundUser.InstanceTest" assertions="1" time="0.025902"/>
      </testsuite>
      <testsuite name="Tests\Unit\Playground\Test\Models\PlaygroundUser\ModelTest" file="/app/vendor/gammamatrix/playground-test/tests/Unit/Models/PlaygroundUser/ModelTest.php" tests="3" assertions="9" errors="0" failures="0" skipped="0" time="0.064249">
        <testcase name="test_model_instance" file="/app/vendor/gammamatrix/playground-test/src/Unit/Models/ModelCase.php" line="114" class="Tests\Unit\Playground\Test\Models\PlaygroundUser\ModelTest" classname="Tests.Unit.Playground.Test.Models.PlaygroundUser.ModelTest" assertions="1" time="0.020787"/>
        <testcase name="test_verify_model_relationships" file="/app/vendor/gammamatrix/playground-test/src/Unit/Models/ModelCase.php" line="275" class="Tests\Unit\Playground\Test\Models\PlaygroundUser\ModelTest" classname="Tests.Unit.Playground.Test.Models.PlaygroundUser.ModelTest" assertions="5" time="0.020428"/>
        <testcase name="test_model_factory_make" file="/app/vendor/gammamatrix/playground-test/src/Unit/Models/ModelCase.php" line="291" class="Tests\Unit\Playground\Test\Models\PlaygroundUser\ModelTest" classname="Tests.Unit.Playground.Test.Models.PlaygroundUser.ModelTest" assertions="3" time="0.023033"/>
      </testsuite>
      <testsuite name="Tests\Unit\Playground\Test\Models\User\ModelTest" file="/app/vendor/gammamatrix/playground-test/tests/Unit/Models/User/ModelTest.php" tests="3" assertions="5" errors="0" failures="0" skipped="0" time="0.067044">
        <testcase name="test_getAttributes" file="/app/vendor/gammamatrix/playground-test/tests/Unit/Models/User/ModelTest.php" line="24" class="Tests\Unit\Playground\Test\Models\User\ModelTest" classname="Tests.Unit.Playground.Test.Models.User.ModelTest" assertions="2" time="0.021787"/>
        <testcase name="test_getAttributes_filled" file="/app/vendor/gammamatrix/playground-test/tests/Unit/Models/User/ModelTest.php" line="45" class="Tests\Unit\Playground\Test\Models\User\ModelTest" classname="Tests.Unit.Playground.Test.Models.User.ModelTest" assertions="2" time="0.021750"/>
        <testcase name="test_factory_with_make" file="/app/vendor/gammamatrix/playground-test/tests/Unit/Models/User/ModelTest.php" line="69" class="Tests\Unit\Playground\Test\Models\User\ModelTest" classname="Tests.Unit.Playground.Test.Models.User.ModelTest" assertions="1" time="0.023507"/>
      </testsuite>
      <testsuite name="Tests\Unit\Playground\Test\Models\UserWithRoleAndPrivileges\ModelTest" file="/app/vendor/gammamatrix/playground-test/tests/Unit/Models/UserWithRoleAndPrivileges/ModelTest.php" tests="5" assertions="7" errors="0" failures="0" skipped="0" time="0.116651">
        <testcase name="test_getAttributes" file="/app/vendor/gammamatrix/playground-test/tests/Unit/Models/UserWithRoleAndPrivileges/ModelTest.php" line="24" class="Tests\Unit\Playground\Test\Models\UserWithRoleAndPrivileges\ModelTest" classname="Tests.Unit.Playground.Test.Models.UserWithRoleAndPrivileges.ModelTest" assertions="2" time="0.024657"/>
        <testcase name="test_hasPrivilege_is_false_without_privilege" file="/app/vendor/gammamatrix/playground-test/tests/Unit/Models/UserWithRoleAndPrivileges/ModelTest.php" line="48" class="Tests\Unit\Playground\Test\Models\UserWithRoleAndPrivileges\ModelTest" classname="Tests.Unit.Playground.Test.Models.UserWithRoleAndPrivileges.ModelTest" assertions="1" time="0.021479"/>
        <testcase name="test_hasPrivilege_is_false_with_wrong_privilege" file="/app/vendor/gammamatrix/playground-test/tests/Unit/Models/UserWithRoleAndPrivileges/ModelTest.php" line="62" class="Tests\Unit\Playground\Test\Models\UserWithRoleAndPrivileges\ModelTest" classname="Tests.Unit.Playground.Test.Models.UserWithRoleAndPrivileges.ModelTest" assertions="1" time="0.021882"/>
        <testcase name="test_hasPrivilege_is_true_with_correct_privilege" file="/app/vendor/gammamatrix/playground-test/tests/Unit/Models/UserWithRoleAndPrivileges/ModelTest.php" line="80" class="Tests\Unit\Playground\Test\Models\UserWithRoleAndPrivileges\ModelTest" classname="Tests.Unit.Playground.Test.Models.UserWithRoleAndPrivileges.ModelTest" assertions="2" time="0.024350"/>
        <testcase name="test_factory_with_make" file="/app/vendor/gammamatrix/playground-test/tests/Unit/Models/UserWithRoleAndPrivileges/ModelTest.php" line="101" class="Tests\Unit\Playground\Test\Models\UserWithRoleAndPrivileges\ModelTest" classname="Tests.Unit.Playground.Test.Models.UserWithRoleAndPrivileges.ModelTest" assertions="1" time="0.024282"/>
      </testsuite>
      <testsuite name="Tests\Unit\Playground\Test\Models\UserWithRoleAndRoles\ModelTest" file="/app/vendor/gammamatrix/playground-test/tests/Unit/Models/UserWithRoleAndRoles/ModelTest.php" tests="11" assertions="15" errors="0" failures="0" skipped="0" time="0.251590">
        <testcase name="test_getAttributes" file="/app/vendor/gammamatrix/playground-test/tests/Unit/Models/UserWithRoleAndRoles/ModelTest.php" line="26" class="Tests\Unit\Playground\Test\Models\UserWithRoleAndRoles\ModelTest" classname="Tests.Unit.Playground.Test.Models.UserWithRoleAndRoles.ModelTest" assertions="2" time="0.021534"/>
        <testcase name="test_hasRole_is_false_without_role" file="/app/vendor/gammamatrix/playground-test/tests/Unit/Models/UserWithRoleAndRoles/ModelTest.php" line="49" class="Tests\Unit\Playground\Test\Models\UserWithRoleAndRoles\ModelTest" classname="Tests.Unit.Playground.Test.Models.UserWithRoleAndRoles.ModelTest" assertions="1" time="0.021721"/>
        <testcase name="test_hasRole_is_true_with_matching_role" file="/app/vendor/gammamatrix/playground-test/tests/Unit/Models/UserWithRoleAndRoles/ModelTest.php" line="63" class="Tests\Unit\Playground\Test\Models\UserWithRoleAndRoles\ModelTest" classname="Tests.Unit.Playground.Test.Models.UserWithRoleAndRoles.ModelTest" assertions="1" time="0.021928"/>
        <testcase name="test_hasRole_is_true_with_matching_secondary_role" file="/app/vendor/gammamatrix/playground-test/tests/Unit/Models/UserWithRoleAndRoles/ModelTest.php" line="79" class="Tests\Unit\Playground\Test\Models\UserWithRoleAndRoles\ModelTest" classname="Tests.Unit.Playground.Test.Models.UserWithRoleAndRoles.ModelTest" assertions="4" time="0.022457"/>
        <testcase name="test_isAdmin_is_true_with_admin_role" file="/app/vendor/gammamatrix/playground-test/tests/Unit/Models/UserWithRoleAndRoles/ModelTest.php" line="102" class="Tests\Unit\Playground\Test\Models\UserWithRoleAndRoles\ModelTest" classname="Tests.Unit.Playground.Test.Models.UserWithRoleAndRoles.ModelTest" assertions="1" time="0.022515"/>
        <testcase name="test_isAdmin_is_true_with_admin_secondary_role" file="/app/vendor/gammamatrix/playground-test/tests/Unit/Models/UserWithRoleAndRoles/ModelTest.php" line="122" class="Tests\Unit\Playground\Test\Models\UserWithRoleAndRoles\ModelTest" classname="Tests.Unit.Playground.Test.Models.UserWithRoleAndRoles.ModelTest" assertions="1" time="0.022514"/>
        <testcase name="test_isAdmin_is_true_with_wheel_role" file="/app/vendor/gammamatrix/playground-test/tests/Unit/Models/UserWithRoleAndRoles/ModelTest.php" line="142" class="Tests\Unit\Playground\Test\Models\UserWithRoleAndRoles\ModelTest" classname="Tests.Unit.Playground.Test.Models.UserWithRoleAndRoles.ModelTest" assertions="1" time="0.022814"/>
        <testcase name="test_isAdmin_is_true_with_wheel_secondary_role" file="/app/vendor/gammamatrix/playground-test/tests/Unit/Models/UserWithRoleAndRoles/ModelTest.php" line="162" class="Tests\Unit\Playground\Test\Models\UserWithRoleAndRoles\ModelTest" classname="Tests.Unit.Playground.Test.Models.UserWithRoleAndRoles.ModelTest" assertions="1" time="0.023166"/>
        <testcase name="test_isAdmin_is_true_with_root_role" file="/app/vendor/gammamatrix/playground-test/tests/Unit/Models/UserWithRoleAndRoles/ModelTest.php" line="182" class="Tests\Unit\Playground\Test\Models\UserWithRoleAndRoles\ModelTest" classname="Tests.Unit.Playground.Test.Models.UserWithRoleAndRoles.ModelTest" assertions="1" time="0.024242"/>
        <testcase name="test_isAdmin_is_false_with_root_secondary_role" file="/app/vendor/gammamatrix/playground-test/tests/Unit/Models/UserWithRoleAndRoles/ModelTest.php" line="202" class="Tests\Unit\Playground\Test\Models\UserWithRoleAndRoles\ModelTest" classname="Tests.Unit.Playground.Test.Models.UserWithRoleAndRoles.ModelTest" assertions="1" time="0.023530"/>
        <testcase name="test_factory_with_make" file="/app/vendor/gammamatrix/playground-test/tests/Unit/Models/UserWithRoleAndRoles/ModelTest.php" line="222" class="Tests\Unit\Playground\Test\Models\UserWithRoleAndRoles\ModelTest" classname="Tests.Unit.Playground.Test.Models.UserWithRoleAndRoles.ModelTest" assertions="1" time="0.025169"/>
      </testsuite>
      <testsuite name="Tests\Unit\Playground\Test\Models\UserWithRoleAndRolesAndPrivileges\ModelTest" file="/app/vendor/gammamatrix/playground-test/tests/Unit/Models/UserWithRoleAndRolesAndPrivileges/ModelTest.php" tests="2" assertions="3" errors="0" failures="0" skipped="0" time="0.049060">
        <testcase name="test_getAttributes" file="/app/vendor/gammamatrix/playground-test/tests/Unit/Models/UserWithRoleAndRolesAndPrivileges/ModelTest.php" line="26" class="Tests\Unit\Playground\Test\Models\UserWithRoleAndRolesAndPrivileges\ModelTest" classname="Tests.Unit.Playground.Test.Models.UserWithRoleAndRolesAndPrivileges.ModelTest" assertions="2" time="0.022472"/>
        <testcase name="test_factory_with_make" file="/app/vendor/gammamatrix/playground-test/tests/Unit/Models/UserWithRoleAndRolesAndPrivileges/ModelTest.php" line="50" class="Tests\Unit\Playground\Test\Models\UserWithRoleAndRolesAndPrivileges\ModelTest" classname="Tests.Unit.Playground.Test.Models.UserWithRoleAndRolesAndPrivileges.ModelTest" assertions="1" time="0.026589"/>
      </testsuite>
      <testsuite name="Tests\Unit\Playground\Test\Models\UserWithSanctum\ModelTest" file="/app/vendor/gammamatrix/playground-test/tests/Unit/Models/UserWithSanctum/ModelTest.php" tests="2" assertions="3" errors="0" failures="0" skipped="0" time="0.047055">
        <testcase name="test_getAttributes" file="/app/vendor/gammamatrix/playground-test/tests/Unit/Models/UserWithSanctum/ModelTest.php" line="24" class="Tests\Unit\Playground\Test\Models\UserWithSanctum\ModelTest" classname="Tests.Unit.Playground.Test.Models.UserWithSanctum.ModelTest" assertions="2" time="0.021383"/>
        <testcase name="test_factory_with_make" file="/app/vendor/gammamatrix/playground-test/tests/Unit/Models/UserWithSanctum/ModelTest.php" line="46" class="Tests\Unit\Playground\Test\Models\UserWithSanctum\ModelTest" classname="Tests.Unit.Playground.Test.Models.UserWithSanctum.ModelTest" assertions="1" time="0.025672"/>
      </testsuite>
    </testsuite>
    <testsuite name="Feature" tests="545" assertions="4233" errors="0" failures="0" skipped="0" time="90.872033">
      <testsuite name="Tests\Feature\ExampleTest" file="/app/tests/Feature/ExampleTest.php" tests="1" assertions="1" errors="0" failures="0" skipped="0" time="0.091686">
        <testcase name="test_the_application_returns_a_successful_response" file="/app/tests/Feature/ExampleTest.php" line="12" class="Tests\Feature\ExampleTest" classname="Tests.Feature.ExampleTest" assertions="1" time="0.091686"/>
      </testsuite>
      <testsuite name="Tests\Feature\Playground\Console\Commands\About\CommandTest" file="/app/vendor/gammamatrix/playground/tests/Feature/Console/Commands/About/CommandTest.php" tests="1" assertions="2" errors="0" failures="0" skipped="0" time="0.107018">
        <testcase name="test_command_about_displays_package_information_and_succeed_with_code_0" file="/app/vendor/gammamatrix/playground/tests/Feature/Console/Commands/About/CommandTest.php" line="19" class="Tests\Feature\Playground\Console\Commands\About\CommandTest" classname="Tests.Feature.Playground.Console.Commands.About.CommandTest" assertions="2" time="0.107018"/>
      </testsuite>
      <testsuite name="Tests\Feature\Playground\Models\User\ModelTest" file="/app/vendor/gammamatrix/playground/tests/Feature/Models/User/ModelTest.php" tests="1" assertions="9" errors="0" failures="0" skipped="0" time="0.091830">
        <testcase name="test_save_model_in_database" file="/app/vendor/gammamatrix/playground/tests/Feature/Models/User/ModelTest.php" line="19" class="Tests\Feature\Playground\Models\User\ModelTest" classname="Tests.Feature.Playground.Models.User.ModelTest" assertions="9" time="0.091830"/>
      </testsuite>
      <testsuite name="Tests\Feature\Playground\Auth\Console\Commands\About\CommandTest" file="/app/vendor/gammamatrix/playground-auth/tests/Feature/Console/Commands/About/CommandTest.php" tests="1" assertions="2" errors="0" failures="0" skipped="0" time="0.123214">
        <testcase name="test_command_about_displays_package_information_and_succeed_with_code_0" file="/app/vendor/gammamatrix/playground-auth/tests/Feature/Console/Commands/About/CommandTest.php" line="28" class="Tests\Feature\Playground\Auth\Console\Commands\About\CommandTest" classname="Tests.Feature.Playground.Auth.Console.Commands.About.CommandTest" assertions="2" time="0.123214"/>
      </testsuite>
      <testsuite name="Tests\Feature\Playground\Blade\Console\Commands\About\CommandTest" file="/app/vendor/gammamatrix/playground-blade/tests/Feature/Console/Commands/About/CommandTest.php" tests="1" assertions="2" errors="0" failures="0" skipped="0" time="0.133736">
        <testcase name="test_command_about_displays_package_information_and_succeed_with_code_0" file="/app/vendor/gammamatrix/playground-blade/tests/Feature/Console/Commands/About/CommandTest.php" line="19" class="Tests\Feature\Playground\Blade\Console\Commands\About\CommandTest" classname="Tests.Feature.Playground.Blade.Console.Commands.About.CommandTest" assertions="2" time="0.133736"/>
      </testsuite>
      <testsuite name="Tests\Feature\Playground\Admin\Console\Commands\About\CommandTest" file="/app/vendor/gammamatrix/playground-admin/tests/Feature/Console/Commands/About/CommandTest.php" tests="1" assertions="2" errors="0" failures="0" skipped="0" time="0.111472">
        <testcase name="test_command_about_displays_package_information_and_succeed_with_code_0" file="/app/vendor/gammamatrix/playground-admin/tests/Feature/Console/Commands/About/CommandTest.php" line="28" class="Tests\Feature\Playground\Admin\Console\Commands\About\CommandTest" classname="Tests.Feature.Playground.Admin.Console.Commands.About.CommandTest" assertions="2" time="0.111472"/>
      </testsuite>
      <testsuite name="Tests\Feature\Playground\Admin\Models\Setting\ModelTest" file="/app/vendor/gammamatrix/playground-admin/tests/Feature/Models/Setting/ModelTest.php" tests="3" assertions="28" errors="0" failures="0" skipped="0" time="0.379570">
        <testcase name="test_model_instance" file="/app/vendor/gammamatrix/playground-test/src/Feature/Models/ModelCase.php" line="108" class="Tests\Feature\Playground\Admin\Models\Setting\ModelTest" classname="Tests.Feature.Playground.Admin.Models.Setting.ModelTest" assertions="1" time="0.092118"/>
        <testcase name="test_verify_model_relationships" file="/app/vendor/gammamatrix/playground-test/src/Feature/Models/ModelCase.php" line="527" class="Tests\Feature\Playground\Admin\Models\Setting\ModelTest" classname="Tests.Feature.Playground.Admin.Models.Setting.ModelTest" assertions="24" time="0.190403"/>
        <testcase name="test_factory_create" file="/app/vendor/gammamatrix/playground-test/src/Feature/Models/ModelCase.php" line="543" class="Tests\Feature\Playground\Admin\Models\Setting\ModelTest" classname="Tests.Feature.Playground.Admin.Models.Setting.ModelTest" assertions="3" time="0.097049"/>
      </testsuite>
      <testsuite name="Tests\Feature\Playground\Admin\Resource\Console\Commands\About\CommandTest" file="/app/vendor/gammamatrix/playground-admin-resource/tests/Feature/Console/Commands/About/CommandTest.php" tests="1" assertions="2" errors="0" failures="0" skipped="0" time="0.237238">
        <testcase name="test_command_about_displays_package_information_and_succeed_with_code_0" file="/app/vendor/gammamatrix/playground-admin-resource/tests/Feature/Console/Commands/About/CommandTest.php" line="19" class="Tests\Feature\Playground\Admin\Resource\Console\Commands\About\CommandTest" classname="Tests.Feature.Playground.Admin.Resource.Console.Commands.About.CommandTest" assertions="2" time="0.237238"/>
      </testsuite>
      <testsuite name="Tests\Feature\Playground\Admin\Resource\Http\Controllers\Playground\IndexRouteTest" file="/app/vendor/gammamatrix/playground-admin-resource/tests/Feature/Http/Controllers/Playground/IndexRouteTest.php" tests="2" assertions="3" errors="0" failures="0" skipped="0" time="0.327861">
        <testcase name="test_guest_cannot_render_index_view" file="/app/vendor/gammamatrix/playground-admin-resource/tests/Feature/Http/Controllers/Playground/IndexRouteTest.php" line="21" class="Tests\Feature\Playground\Admin\Resource\Http\Controllers\Playground\IndexRouteTest" classname="Tests.Feature.Playground.Admin.Resource.Http.Controllers.Playground.IndexRouteTest" assertions="1" time="0.104537"/>
        <testcase name="test_admin_can_render_index_view" file="/app/vendor/gammamatrix/playground-admin-resource/tests/Feature/Http/Controllers/Playground/IndexRouteTest.php" line="30" class="Tests\Feature\Playground\Admin\Resource\Http\Controllers\Playground\IndexRouteTest" classname="Tests.Feature.Playground.Admin.Resource.Http.Controllers.Playground.IndexRouteTest" assertions="2" time="0.223324"/>
      </testsuite>
      <testsuite name="Tests\Feature\Playground\Admin\Resource\Http\Controllers\Playground\SettingRouteTest" file="/app/vendor/gammamatrix/playground-admin-resource/tests/Feature/Http/Controllers/Playground/SettingRouteTest.php" tests="73" assertions="669" errors="0" failures="0" skipped="0" time="10.309235">
        <testcase name="test_json_guest_cannot_get_create_info" file="/app/vendor/gammamatrix/playground-test/src/Feature/Http/Controllers/Resource/Playground/CreateJsonTrait.php" line="38" class="Tests\Feature\Playground\Admin\Resource\Http\Controllers\Playground\SettingRouteTest" classname="Tests.Feature.Playground.Admin.Resource.Http.Controllers.Playground.SettingRouteTest" assertions="1" time="0.110766"/>
        <testcase name="test_json_admin_can_get_create_info" file="/app/vendor/gammamatrix/playground-test/src/Feature/Http/Controllers/Resource/Playground/CreateJsonTrait.php" line="53" class="Tests\Feature\Playground\Admin\Resource\Http\Controllers\Playground\SettingRouteTest" classname="Tests.Feature.Playground.Admin.Resource.Http.Controllers.Playground.SettingRouteTest" assertions="49" time="0.141782"/>
        <testcase name="test_json_get_create_info_as_admin_with_invalid_parameter_and_fail_validation" file="/app/vendor/gammamatrix/playground-test/src/Feature/Http/Controllers/Resource/Playground/CreateJsonTrait.php" line="73" class="Tests\Feature\Playground\Admin\Resource\Http\Controllers\Playground\SettingRouteTest" classname="Tests.Feature.Playground.Admin.Resource.Http.Controllers.Playground.SettingRouteTest" assertions="4" time="0.124836"/>
        <testcase name="test_guest_cannot_render_create_view" file="/app/vendor/gammamatrix/playground-test/src/Feature/Http/Controllers/Resource/Playground/CreateTrait.php" line="33" class="Tests\Feature\Playground\Admin\Resource\Http\Controllers\Playground\SettingRouteTest" classname="Tests.Feature.Playground.Admin.Resource.Http.Controllers.Playground.SettingRouteTest" assertions="1" time="0.109986"/>
        <testcase name="test_admin_can_render_create_view" file="/app/vendor/gammamatrix/playground-test/src/Feature/Http/Controllers/Resource/Playground/CreateTrait.php" line="47" class="Tests\Feature\Playground\Admin\Resource\Http\Controllers\Playground\SettingRouteTest" classname="Tests.Feature.Playground.Admin.Resource.Http.Controllers.Playground.SettingRouteTest" assertions="2" time="0.198938"/>
        <testcase name="test_admin_can_render_create_view_with_return_url" file="/app/vendor/gammamatrix/playground-test/src/Feature/Http/Controllers/Resource/Playground/CreateTrait.php" line="65" class="Tests\Feature\Playground\Admin\Resource\Http\Controllers\Playground\SettingRouteTest" classname="Tests.Feature.Playground.Admin.Resource.Http.Controllers.Playground.SettingRouteTest" assertions="3" time="0.152793"/>
        <testcase name="test_create_view_as_admin_with_invalid_parameter_and_fail_validation_and_redirect" file="/app/vendor/gammamatrix/playground-test/src/Feature/Http/Controllers/Resource/Playground/CreateTrait.php" line="92" class="Tests\Feature\Playground\Admin\Resource\Http\Controllers\Playground\SettingRouteTest" classname="Tests.Feature.Playground.Admin.Resource.Http.Controllers.Playground.SettingRouteTest" assertions="5" time="0.125471"/>
        <testcase name="test_json_guest_cannot_destroy" file="/app/vendor/gammamatrix/playground-test/src/Feature/Http/Controllers/Resource/Playground/DestroyJsonTrait.php" line="31" class="Tests\Feature\Playground\Admin\Resource\Http\Controllers\Playground\SettingRouteTest" classname="Tests.Feature.Playground.Admin.Resource.Http.Controllers.Playground.SettingRouteTest" assertions="3" time="0.119451"/>
        <testcase name="test_json_destroy_as_admin_and_succeed" file="/app/vendor/gammamatrix/playground-test/src/Feature/Http/Controllers/Resource/Playground/DestroyJsonTrait.php" line="61" class="Tests\Feature\Playground\Admin\Resource\Http\Controllers\Playground\SettingRouteTest" classname="Tests.Feature.Playground.Admin.Resource.Http.Controllers.Playground.SettingRouteTest" assertions="5" time="0.134926"/>
        <testcase name="test_json_destroy_as_admin_and_succeed_with_force_delete" file="/app/vendor/gammamatrix/playground-test/src/Feature/Http/Controllers/Resource/Playground/DestroyJsonTrait.php" line="100" class="Tests\Feature\Playground\Admin\Resource\Http\Controllers\Playground\SettingRouteTest" classname="Tests.Feature.Playground.Admin.Resource.Http.Controllers.Playground.SettingRouteTest" assertions="4" time="0.131373"/>
        <testcase name="test_json_destroy_as_admin_and_succeed_with_no_content" file="/app/vendor/gammamatrix/playground-test/src/Feature/Http/Controllers/Resource/Playground/DestroyJsonTrait.php" line="132" class="Tests\Feature\Playground\Admin\Resource\Http\Controllers\Playground\SettingRouteTest" classname="Tests.Feature.Playground.Admin.Resource.Http.Controllers.Playground.SettingRouteTest" assertions="5" time="0.128245"/>
        <testcase name="test_json_destroy_as_admin_and_succeed_and_ignore_redirect" file="/app/vendor/gammamatrix/playground-test/src/Feature/Http/Controllers/Resource/Playground/DestroyJsonTrait.php" line="167" class="Tests\Feature\Playground\Admin\Resource\Http\Controllers\Playground\SettingRouteTest" classname="Tests.Feature.Playground.Admin.Resource.Http.Controllers.Playground.SettingRouteTest" assertions="5" time="0.142639"/>
        <testcase name="test_json_destroy_as_user_and_get_denied_and_no_force_delete_allowed" file="/app/vendor/gammamatrix/playground-test/src/Feature/Http/Controllers/Resource/Playground/DestroyJsonTrait.php" line="209" class="Tests\Feature\Playground\Admin\Resource\Http\Controllers\Playground\SettingRouteTest" classname="Tests.Feature.Playground.Admin.Resource.Http.Controllers.Playground.SettingRouteTest" assertions="3" time="0.127500"/>
        <testcase name="test_guest_cannot_destroy" file="/app/vendor/gammamatrix/playground-test/src/Feature/Http/Controllers/Resource/Playground/DestroyTrait.php" line="31" class="Tests\Feature\Playground\Admin\Resource\Http\Controllers\Playground\SettingRouteTest" classname="Tests.Feature.Playground.Admin.Resource.Http.Controllers.Playground.SettingRouteTest" assertions="3" time="0.118274"/>
        <testcase name="test_destroy_as_admin_and_succeed" file="/app/vendor/gammamatrix/playground-test/src/Feature/Http/Controllers/Resource/Playground/DestroyTrait.php" line="61" class="Tests\Feature\Playground\Admin\Resource\Http\Controllers\Playground\SettingRouteTest" classname="Tests.Feature.Playground.Admin.Resource.Http.Controllers.Playground.SettingRouteTest" assertions="5" time="0.129423"/>
        <testcase name="test_destroy_as_admin_and_succeed_with_force_delete" file="/app/vendor/gammamatrix/playground-test/src/Feature/Http/Controllers/Resource/Playground/DestroyTrait.php" line="97" class="Tests\Feature\Playground\Admin\Resource\Http\Controllers\Playground\SettingRouteTest" classname="Tests.Feature.Playground.Admin.Resource.Http.Controllers.Playground.SettingRouteTest" assertions="4" time="0.137854"/>
        <testcase name="test_destroy_as_admin_and_succeed_with_redirect_to_index_with_trash" file="/app/vendor/gammamatrix/playground-test/src/Feature/Http/Controllers/Resource/Playground/DestroyTrait.php" line="129" class="Tests\Feature\Playground\Admin\Resource\Http\Controllers\Playground\SettingRouteTest" classname="Tests.Feature.Playground.Admin.Resource.Http.Controllers.Playground.SettingRouteTest" assertions="5" time="0.133206"/>
        <testcase name="test_destroy_as_user_and_get_denied_and_no_force_delete_allowed" file="/app/vendor/gammamatrix/playground-test/src/Feature/Http/Controllers/Resource/Playground/DestroyTrait.php" line="171" class="Tests\Feature\Playground\Admin\Resource\Http\Controllers\Playground\SettingRouteTest" classname="Tests.Feature.Playground.Admin.Resource.Http.Controllers.Playground.SettingRouteTest" assertions="3" time="0.132089"/>
        <testcase name="test_json_guest_cannot_get_edit_info" file="/app/vendor/gammamatrix/playground-test/src/Feature/Http/Controllers/Resource/Playground/EditJsonTrait.php" line="38" class="Tests\Feature\Playground\Admin\Resource\Http\Controllers\Playground\SettingRouteTest" classname="Tests.Feature.Playground.Admin.Resource.Http.Controllers.Playground.SettingRouteTest" assertions="1" time="0.117904"/>
        <testcase name="test_json_admin_can_get_edit_info" file="/app/vendor/gammamatrix/playground-test/src/Feature/Http/Controllers/Resource/Playground/EditJsonTrait.php" line="58" class="Tests\Feature\Playground\Admin\Resource\Http\Controllers\Playground\SettingRouteTest" classname="Tests.Feature.Playground.Admin.Resource.Http.Controllers.Playground.SettingRouteTest" assertions="4" time="0.142210"/>
        <testcase name="test_json_edit_as_admin_and_fail_validation_with_invalid_parameter" file="/app/vendor/gammamatrix/playground-test/src/Feature/Http/Controllers/Resource/Playground/EditJsonTrait.php" line="87" class="Tests\Feature\Playground\Admin\Resource\Http\Controllers\Playground\SettingRouteTest" classname="Tests.Feature.Playground.Admin.Resource.Http.Controllers.Playground.SettingRouteTest" assertions="4" time="0.135544"/>
        <testcase name="test_guest_cannot_render_edit_view" file="/app/vendor/gammamatrix/playground-test/src/Feature/Http/Controllers/Resource/Playground/EditTrait.php" line="33" class="Tests\Feature\Playground\Admin\Resource\Http\Controllers\Playground\SettingRouteTest" classname="Tests.Feature.Playground.Admin.Resource.Http.Controllers.Playground.SettingRouteTest" assertions="1" time="0.129221"/>
        <testcase name="test_admin_can_render_edit_view" file="/app/vendor/gammamatrix/playground-test/src/Feature/Http/Controllers/Resource/Playground/EditTrait.php" line="53" class="Tests\Feature\Playground\Admin\Resource\Http\Controllers\Playground\SettingRouteTest" classname="Tests.Feature.Playground.Admin.Resource.Http.Controllers.Playground.SettingRouteTest" assertions="2" time="0.159065"/>
        <testcase name="test_admin_can_render_edit_view_with_return_url" file="/app/vendor/gammamatrix/playground-test/src/Feature/Http/Controllers/Resource/Playground/EditTrait.php" line="77" class="Tests\Feature\Playground\Admin\Resource\Http\Controllers\Playground\SettingRouteTest" classname="Tests.Feature.Playground.Admin.Resource.Http.Controllers.Playground.SettingRouteTest" assertions="3" time="0.170152"/>
        <testcase name="test_edit_view_as_admin_with_invalid_parameter_and_fail_validation_and_redirect" file="/app/vendor/gammamatrix/playground-test/src/Feature/Http/Controllers/Resource/Playground/EditTrait.php" line="109" class="Tests\Feature\Playground\Admin\Resource\Http\Controllers\Playground\SettingRouteTest" classname="Tests.Feature.Playground.Admin.Resource.Http.Controllers.Playground.SettingRouteTest" assertions="4" time="0.136490"/>
        <testcase name="test_json_guest_cannot_get_index" file="/app/vendor/gammamatrix/playground-test/src/Feature/Http/Controllers/Resource/Playground/IndexJsonTrait.php" line="34" class="Tests\Feature\Playground\Admin\Resource\Http\Controllers\Playground\SettingRouteTest" classname="Tests.Feature.Playground.Admin.Resource.Http.Controllers.Playground.SettingRouteTest" assertions="1" time="0.121600"/>
        <testcase name="test_json_admin_can_get_index" file="/app/vendor/gammamatrix/playground-test/src/Feature/Http/Controllers/Resource/Playground/IndexJsonTrait.php" line="49" class="Tests\Feature\Playground\Admin\Resource\Http\Controllers\Playground\SettingRouteTest" classname="Tests.Feature.Playground.Admin.Resource.Http.Controllers.Playground.SettingRouteTest" assertions="56" time="0.143305"/>
        <testcase name="test_json_admin_can_get_index_with_filters" file="/app/vendor/gammamatrix/playground-test/src/Feature/Http/Controllers/Resource/Playground/IndexJsonTrait.php" line="85" class="Tests\Feature\Playground\Admin\Resource\Http\Controllers\Playground\SettingRouteTest" classname="Tests.Feature.Playground.Admin.Resource.Http.Controllers.Playground.SettingRouteTest" assertions="3" time="0.156613"/>
        <testcase name="test_guest_cannot_render_index_view" file="/app/vendor/gammamatrix/playground-test/src/Feature/Http/Controllers/Resource/Playground/IndexTrait.php" line="29" class="Tests\Feature\Playground\Admin\Resource\Http\Controllers\Playground\SettingRouteTest" classname="Tests.Feature.Playground.Admin.Resource.Http.Controllers.Playground.SettingRouteTest" assertions="1" time="0.121043"/>
        <testcase name="test_admin_can_render_index_view" file="/app/vendor/gammamatrix/playground-test/src/Feature/Http/Controllers/Resource/Playground/IndexTrait.php" line="44" class="Tests\Feature\Playground\Admin\Resource\Http\Controllers\Playground\SettingRouteTest" classname="Tests.Feature.Playground.Admin.Resource.Http.Controllers.Playground.SettingRouteTest" assertions="2" time="0.235203"/>
        <testcase name="test_admin_can_render_index_view_with_filters" file="/app/vendor/gammamatrix/playground-test/src/Feature/Http/Controllers/Resource/Playground/IndexTrait.php" line="77" class="Tests\Feature\Playground\Admin\Resource\Http\Controllers\Playground\SettingRouteTest" classname="Tests.Feature.Playground.Admin.Resource.Http.Controllers.Playground.SettingRouteTest" assertions="3" time="0.171598"/>
        <testcase name="test_json_guest_cannot_lock" file="/app/vendor/gammamatrix/playground-test/src/Feature/Http/Controllers/Resource/Playground/LockJsonTrait.php" line="36" class="Tests\Feature\Playground\Admin\Resource\Http\Controllers\Playground\SettingRouteTest" classname="Tests.Feature.Playground.Admin.Resource.Http.Controllers.Playground.SettingRouteTest" assertions="3" time="0.121609"/>
        <testcase name="test_json_lock_as_admin_and_succeed" file="/app/vendor/gammamatrix/playground-test/src/Feature/Http/Controllers/Resource/Playground/LockJsonTrait.php" line="66" class="Tests\Feature\Playground\Admin\Resource\Http\Controllers\Playground\SettingRouteTest" classname="Tests.Feature.Playground.Admin.Resource.Http.Controllers.Playground.SettingRouteTest" assertions="3" time="0.143523"/>
        <testcase name="test_json_lock_as_admin_and_succeed_with_no_redirect" file="/app/vendor/gammamatrix/playground-test/src/Feature/Http/Controllers/Resource/Playground/LockJsonTrait.php" line="98" class="Tests\Feature\Playground\Admin\Resource\Http\Controllers\Playground\SettingRouteTest" classname="Tests.Feature.Playground.Admin.Resource.Http.Controllers.Playground.SettingRouteTest" assertions="51" time="0.140687"/>
        <testcase name="test_json_lock_as_user_and_get_denied" file="/app/vendor/gammamatrix/playground-test/src/Feature/Http/Controllers/Resource/Playground/LockJsonTrait.php" line="143" class="Tests\Feature\Playground\Admin\Resource\Http\Controllers\Playground\SettingRouteTest" classname="Tests.Feature.Playground.Admin.Resource.Http.Controllers.Playground.SettingRouteTest" assertions="3" time="0.133131"/>
        <testcase name="test_guest_cannot_lock" file="/app/vendor/gammamatrix/playground-test/src/Feature/Http/Controllers/Resource/Playground/LockTrait.php" line="31" class="Tests\Feature\Playground\Admin\Resource\Http\Controllers\Playground\SettingRouteTest" classname="Tests.Feature.Playground.Admin.Resource.Http.Controllers.Playground.SettingRouteTest" assertions="3" time="0.124036"/>
        <testcase name="test_lock_as_admin_and_succeed" file="/app/vendor/gammamatrix/playground-test/src/Feature/Http/Controllers/Resource/Playground/LockTrait.php" line="61" class="Tests\Feature\Playground\Admin\Resource\Http\Controllers\Playground\SettingRouteTest" classname="Tests.Feature.Playground.Admin.Resource.Http.Controllers.Playground.SettingRouteTest" assertions="4" time="0.146464"/>
        <testcase name="test_lock_as_admin_and_succeed_with_redirect_to_index_with_sorted_by_locked_desc" file="/app/vendor/gammamatrix/playground-test/src/Feature/Http/Controllers/Resource/Playground/LockTrait.php" line="95" class="Tests\Feature\Playground\Admin\Resource\Http\Controllers\Playground\SettingRouteTest" classname="Tests.Feature.Playground.Admin.Resource.Http.Controllers.Playground.SettingRouteTest" assertions="4" time="0.142147"/>
        <testcase name="test_lock_as_user_and_get_denied" file="/app/vendor/gammamatrix/playground-test/src/Feature/Http/Controllers/Resource/Playground/LockTrait.php" line="132" class="Tests\Feature\Playground\Admin\Resource\Http\Controllers\Playground\SettingRouteTest" classname="Tests.Feature.Playground.Admin.Resource.Http.Controllers.Playground.SettingRouteTest" assertions="3" time="0.134940"/>
        <testcase name="test_json_guest_cannot_restore" file="/app/vendor/gammamatrix/playground-test/src/Feature/Http/Controllers/Resource/Playground/RestoreJsonTrait.php" line="32" class="Tests\Feature\Playground\Admin\Resource\Http\Controllers\Playground\SettingRouteTest" classname="Tests.Feature.Playground.Admin.Resource.Http.Controllers.Playground.SettingRouteTest" assertions="3" time="0.130734"/>
        <testcase name="test_json_restore_as_admin_and_succeed" file="/app/vendor/gammamatrix/playground-test/src/Feature/Http/Controllers/Resource/Playground/RestoreJsonTrait.php" line="64" class="Tests\Feature\Playground\Admin\Resource\Http\Controllers\Playground\SettingRouteTest" classname="Tests.Feature.Playground.Admin.Resource.Http.Controllers.Playground.SettingRouteTest" assertions="51" time="0.144391"/>
        <testcase name="test_json_restore_as_admin_and_succeed_with_no_redirect" file="/app/vendor/gammamatrix/playground-test/src/Feature/Http/Controllers/Resource/Playground/RestoreJsonTrait.php" line="100" class="Tests\Feature\Playground\Admin\Resource\Http\Controllers\Playground\SettingRouteTest" classname="Tests.Feature.Playground.Admin.Resource.Http.Controllers.Playground.SettingRouteTest" assertions="51" time="0.140588"/>
        <testcase name="test_json_restore_as_user_and_get_denied" file="/app/vendor/gammamatrix/playground-test/src/Feature/Http/Controllers/Resource/Playground/RestoreJsonTrait.php" line="143" class="Tests\Feature\Playground\Admin\Resource\Http\Controllers\Playground\SettingRouteTest" classname="Tests.Feature.Playground.Admin.Resource.Http.Controllers.Playground.SettingRouteTest" assertions="3" time="0.137906"/>
        <testcase name="test_guest_cannot_restore" file="/app/vendor/gammamatrix/playground-test/src/Feature/Http/Controllers/Resource/Playground/RestoreTrait.php" line="32" class="Tests\Feature\Playground\Admin\Resource\Http\Controllers\Playground\SettingRouteTest" classname="Tests.Feature.Playground.Admin.Resource.Http.Controllers.Playground.SettingRouteTest" assertions="3" time="0.127052"/>
        <testcase name="test_restore_as_admin_and_succeed" file="/app/vendor/gammamatrix/playground-test/src/Feature/Http/Controllers/Resource/Playground/RestoreTrait.php" line="64" class="Tests\Feature\Playground\Admin\Resource\Http\Controllers\Playground\SettingRouteTest" classname="Tests.Feature.Playground.Admin.Resource.Http.Controllers.Playground.SettingRouteTest" assertions="4" time="0.145671"/>
        <testcase name="test_restore_as_admin_and_succeed_with_redirect_to_index_with_only_trash" file="/app/vendor/gammamatrix/playground-test/src/Feature/Http/Controllers/Resource/Playground/RestoreTrait.php" line="100" class="Tests\Feature\Playground\Admin\Resource\Http\Controllers\Playground\SettingRouteTest" classname="Tests.Feature.Playground.Admin.Resource.Http.Controllers.Playground.SettingRouteTest" assertions="4" time="0.139603"/>
        <testcase name="test_restore_as_user_and_get_denied" file="/app/vendor/gammamatrix/playground-test/src/Feature/Http/Controllers/Resource/Playground/RestoreTrait.php" line="146" class="Tests\Feature\Playground\Admin\Resource\Http\Controllers\Playground\SettingRouteTest" classname="Tests.Feature.Playground.Admin.Resource.Http.Controllers.Playground.SettingRouteTest" assertions="3" time="0.137794"/>
        <testcase name="test_json_guest_cannot_see_info" file="/app/vendor/gammamatrix/playground-test/src/Feature/Http/Controllers/Resource/Playground/ShowJsonTrait.php" line="29" class="Tests\Feature\Playground\Admin\Resource\Http\Controllers\Playground\SettingRouteTest" classname="Tests.Feature.Playground.Admin.Resource.Http.Controllers.Playground.SettingRouteTest" assertions="1" time="0.129808"/>
        <testcase name="test_json_show_info_for_admin" file="/app/vendor/gammamatrix/playground-test/src/Feature/Http/Controllers/Resource/Playground/ShowJsonTrait.php" line="49" class="Tests\Feature\Playground\Admin\Resource\Http\Controllers\Playground\SettingRouteTest" classname="Tests.Feature.Playground.Admin.Resource.Http.Controllers.Playground.SettingRouteTest" assertions="50" time="0.139539"/>
        <testcase name="test_guest_cannot_render_show_view" file="/app/vendor/gammamatrix/playground-test/src/Feature/Http/Controllers/Resource/Playground/ShowTrait.php" line="29" class="Tests\Feature\Playground\Admin\Resource\Http\Controllers\Playground\SettingRouteTest" classname="Tests.Feature.Playground.Admin.Resource.Http.Controllers.Playground.SettingRouteTest" assertions="1" time="0.132973"/>
        <testcase name="test_show_view_rendered_by_admin" file="/app/vendor/gammamatrix/playground-test/src/Feature/Http/Controllers/Resource/Playground/ShowTrait.php" line="49" class="Tests\Feature\Playground\Admin\Resource\Http\Controllers\Playground\SettingRouteTest" classname="Tests.Feature.Playground.Admin.Resource.Http.Controllers.Playground.SettingRouteTest" assertions="2" time="0.169462"/>
        <testcase name="test_json_guest_cannot_store" file="/app/vendor/gammamatrix/playground-test/src/Feature/Http/Controllers/Resource/Playground/StoreJsonTrait.php" line="43" class="Tests\Feature\Playground\Admin\Resource\Http\Controllers\Playground\SettingRouteTest" classname="Tests.Feature.Playground.Admin.Resource.Http.Controllers.Playground.SettingRouteTest" assertions="3" time="0.121750"/>
        <testcase name="test_json_store_as_admin_without_payload_and_fail_validation" file="/app/vendor/gammamatrix/playground-test/src/Feature/Http/Controllers/Resource/Playground/StoreJsonTrait.php" line="66" class="Tests\Feature\Playground\Admin\Resource\Http\Controllers\Playground\SettingRouteTest" classname="Tests.Feature.Playground.Admin.Resource.Http.Controllers.Playground.SettingRouteTest" assertions="5" time="0.138644"/>
        <testcase name="test_json_store_as_admin_and_succeed" file="/app/vendor/gammamatrix/playground-test/src/Feature/Http/Controllers/Resource/Playground/StoreJsonTrait.php" line="92" class="Tests\Feature\Playground\Admin\Resource\Http\Controllers\Playground\SettingRouteTest" classname="Tests.Feature.Playground.Admin.Resource.Http.Controllers.Playground.SettingRouteTest" assertions="3" time="0.157303"/>
        <testcase name="test_guest_cannot_store" file="/app/vendor/gammamatrix/playground-test/src/Feature/Http/Controllers/Resource/Playground/StoreTrait.php" line="38" class="Tests\Feature\Playground\Admin\Resource\Http\Controllers\Playground\SettingRouteTest" classname="Tests.Feature.Playground.Admin.Resource.Http.Controllers.Playground.SettingRouteTest" assertions="3" time="0.122989"/>
        <testcase name="test_store_as_admin_without_payload_and_fail_validation" file="/app/vendor/gammamatrix/playground-test/src/Feature/Http/Controllers/Resource/Playground/StoreTrait.php" line="61" class="Tests\Feature\Playground\Admin\Resource\Http\Controllers\Playground\SettingRouteTest" classname="Tests.Feature.Playground.Admin.Resource.Http.Controllers.Playground.SettingRouteTest" assertions="5" time="0.137346"/>
        <testcase name="test_store_as_admin_and_succeed" file="/app/vendor/gammamatrix/playground-test/src/Feature/Http/Controllers/Resource/Playground/StoreTrait.php" line="90" class="Tests\Feature\Playground\Admin\Resource\Http\Controllers\Playground\SettingRouteTest" classname="Tests.Feature.Playground.Admin.Resource.Http.Controllers.Playground.SettingRouteTest" assertions="4" time="0.153997"/>
        <testcase name="test_store_as_admin_and_succeed_with_return_url" file="/app/vendor/gammamatrix/playground-test/src/Feature/Http/Controllers/Resource/Playground/StoreTrait.php" line="135" class="Tests\Feature\Playground\Admin\Resource\Http\Controllers\Playground\SettingRouteTest" classname="Tests.Feature.Playground.Admin.Resource.Http.Controllers.Playground.SettingRouteTest" assertions="4" time="0.155060"/>
        <testcase name="test_json_guest_cannot_unlock" file="/app/vendor/gammamatrix/playground-test/src/Feature/Http/Controllers/Resource/Playground/UnlockJsonTrait.php" line="36" class="Tests\Feature\Playground\Admin\Resource\Http\Controllers\Playground\SettingRouteTest" classname="Tests.Feature.Playground.Admin.Resource.Http.Controllers.Playground.SettingRouteTest" assertions="3" time="0.133636"/>
        <testcase name="test_json_unlock_as_admin_and_succeed" file="/app/vendor/gammamatrix/playground-test/src/Feature/Http/Controllers/Resource/Playground/UnlockJsonTrait.php" line="68" class="Tests\Feature\Playground\Admin\Resource\Http\Controllers\Playground\SettingRouteTest" classname="Tests.Feature.Playground.Admin.Resource.Http.Controllers.Playground.SettingRouteTest" assertions="51" time="0.157777"/>
        <testcase name="test_json_unlock_as_admin_and_succeed_with_no_redirect" file="/app/vendor/gammamatrix/playground-test/src/Feature/Http/Controllers/Resource/Playground/UnlockJsonTrait.php" line="104" class="Tests\Feature\Playground\Admin\Resource\Http\Controllers\Playground\SettingRouteTest" classname="Tests.Feature.Playground.Admin.Resource.Http.Controllers.Playground.SettingRouteTest" assertions="51" time="0.149039"/>
        <testcase name="test_json_unlock_as_user_and_get_denied" file="/app/vendor/gammamatrix/playground-test/src/Feature/Http/Controllers/Resource/Playground/UnlockJsonTrait.php" line="145" class="Tests\Feature\Playground\Admin\Resource\Http\Controllers\Playground\SettingRouteTest" classname="Tests.Feature.Playground.Admin.Resource.Http.Controllers.Playground.SettingRouteTest" assertions="3" time="0.137672"/>
        <testcase name="test_guest_cannot_unlock" file="/app/vendor/gammamatrix/playground-test/src/Feature/Http/Controllers/Resource/Playground/UnlockTrait.php" line="36" class="Tests\Feature\Playground\Admin\Resource\Http\Controllers\Playground\SettingRouteTest" classname="Tests.Feature.Playground.Admin.Resource.Http.Controllers.Playground.SettingRouteTest" assertions="3" time="0.130929"/>
        <testcase name="test_unlock_as_admin_and_succeed" file="/app/vendor/gammamatrix/playground-test/src/Feature/Http/Controllers/Resource/Playground/UnlockTrait.php" line="68" class="Tests\Feature\Playground\Admin\Resource\Http\Controllers\Playground\SettingRouteTest" classname="Tests.Feature.Playground.Admin.Resource.Http.Controllers.Playground.SettingRouteTest" assertions="4" time="0.143618"/>
        <testcase name="test_unlock_as_admin_and_succeed_with_redirect_to_index_with_sorted_by_unlocked_desc" file="/app/vendor/gammamatrix/playground-test/src/Feature/Http/Controllers/Resource/Playground/UnlockTrait.php" line="109" class="Tests\Feature\Playground\Admin\Resource\Http\Controllers\Playground\SettingRouteTest" classname="Tests.Feature.Playground.Admin.Resource.Http.Controllers.Playground.SettingRouteTest" assertions="4" time="0.144611"/>
        <testcase name="test_unlock_as_user_and_get_denied" file="/app/vendor/gammamatrix/playground-test/src/Feature/Http/Controllers/Resource/Playground/UnlockTrait.php" line="148" class="Tests\Feature\Playground\Admin\Resource\Http\Controllers\Playground\SettingRouteTest" classname="Tests.Feature.Playground.Admin.Resource.Http.Controllers.Playground.SettingRouteTest" assertions="3" time="0.140021"/>
        <testcase name="test_json_guest_cannot_update" file="/app/vendor/gammamatrix/playground-test/src/Feature/Http/Controllers/Resource/Playground/UpdateJsonTrait.php" line="45" class="Tests\Feature\Playground\Admin\Resource\Http\Controllers\Playground\SettingRouteTest" classname="Tests.Feature.Playground.Admin.Resource.Http.Controllers.Playground.SettingRouteTest" assertions="1" time="0.135222"/>
        <testcase name="test_json_update_as_admin_without_payload_and_fail_validation" file="/app/vendor/gammamatrix/playground-test/src/Feature/Http/Controllers/Resource/Playground/UpdateJsonTrait.php" line="65" class="Tests\Feature\Playground\Admin\Resource\Http\Controllers\Playground\SettingRouteTest" classname="Tests.Feature.Playground.Admin.Resource.Http.Controllers.Playground.SettingRouteTest" assertions="4" time="0.145610"/>
        <testcase name="test_json_admin_can_update" file="/app/vendor/gammamatrix/playground-test/src/Feature/Http/Controllers/Resource/Playground/UpdateJsonTrait.php" line="90" class="Tests\Feature\Playground\Admin\Resource\Http\Controllers\Playground\SettingRouteTest" classname="Tests.Feature.Playground.Admin.Resource.Http.Controllers.Playground.SettingRouteTest" assertions="53" time="0.171326"/>
        <testcase name="test_guest_cannot_update" file="/app/vendor/gammamatrix/playground-test/src/Feature/Http/Controllers/Resource/Playground/UpdateTrait.php" line="45" class="Tests\Feature\Playground\Admin\Resource\Http\Controllers\Playground\SettingRouteTest" classname="Tests.Feature.Playground.Admin.Resource.Http.Controllers.Playground.SettingRouteTest" assertions="1" time="0.139164"/>
        <testcase name="test_update_as_admin_without_payload_and_fail_validation" file="/app/vendor/gammamatrix/playground-test/src/Feature/Http/Controllers/Resource/Playground/UpdateTrait.php" line="65" class="Tests\Feature\Playground\Admin\Resource\Http\Controllers\Playground\SettingRouteTest" classname="Tests.Feature.Playground.Admin.Resource.Http.Controllers.Playground.SettingRouteTest" assertions="4" time="0.148124"/>
        <testcase name="test_admin_can_update" file="/app/vendor/gammamatrix/playground-test/src/Feature/Http/Controllers/Resource/Playground/UpdateTrait.php" line="90" class="Tests\Feature\Playground\Admin\Resource\Http\Controllers\Playground\SettingRouteTest" classname="Tests.Feature.Playground.Admin.Resource.Http.Controllers.Playground.SettingRouteTest" assertions="6" time="0.168549"/>
        <testcase name="test_admin_can_update_view_with_return_url" file="/app/vendor/gammamatrix/playground-test/src/Feature/Http/Controllers/Resource/Playground/UpdateTrait.php" line="133" class="Tests\Feature\Playground\Admin\Resource\Http\Controllers\Playground\SettingRouteTest" classname="Tests.Feature.Playground.Admin.Resource.Http.Controllers.Playground.SettingRouteTest" assertions="6" time="0.175285"/>
      </testsuite>
      <testsuite name="Tests\Feature\Playground\Admin\Resource\Http\Controllers\Playground\UserRouteTest" file="/app/vendor/gammamatrix/playground-admin-resource/tests/Feature/Http/Controllers/Playground/UserRouteTest.php" tests="73" assertions="554" errors="0" failures="0" skipped="0" time="10.125128">
        <testcase name="test_json_guest_cannot_get_create_info" file="/app/vendor/gammamatrix/playground-test/src/Feature/Http/Controllers/Resource/Playground/CreateJsonTrait.php" line="38" class="Tests\Feature\Playground\Admin\Resource\Http\Controllers\Playground\UserRouteTest" classname="Tests.Feature.Playground.Admin.Resource.Http.Controllers.Playground.UserRouteTest" assertions="1" time="0.109141"/>
        <testcase name="test_json_admin_can_get_create_info" file="/app/vendor/gammamatrix/playground-test/src/Feature/Http/Controllers/Resource/Playground/CreateJsonTrait.php" line="53" class="Tests\Feature\Playground\Admin\Resource\Http\Controllers\Playground\UserRouteTest" classname="Tests.Feature.Playground.Admin.Resource.Http.Controllers.Playground.UserRouteTest" assertions="33" time="0.121988"/>
        <testcase name="test_json_get_create_info_as_admin_with_invalid_parameter_and_fail_validation" file="/app/vendor/gammamatrix/playground-test/src/Feature/Http/Controllers/Resource/Playground/CreateJsonTrait.php" line="73" class="Tests\Feature\Playground\Admin\Resource\Http\Controllers\Playground\UserRouteTest" classname="Tests.Feature.Playground.Admin.Resource.Http.Controllers.Playground.UserRouteTest" assertions="4" time="0.126015"/>
        <testcase name="test_guest_cannot_render_create_view" file="/app/vendor/gammamatrix/playground-test/src/Feature/Http/Controllers/Resource/Playground/CreateTrait.php" line="33" class="Tests\Feature\Playground\Admin\Resource\Http\Controllers\Playground\UserRouteTest" classname="Tests.Feature.Playground.Admin.Resource.Http.Controllers.Playground.UserRouteTest" assertions="1" time="0.108375"/>
        <testcase name="test_admin_can_render_create_view" file="/app/vendor/gammamatrix/playground-test/src/Feature/Http/Controllers/Resource/Playground/CreateTrait.php" line="47" class="Tests\Feature\Playground\Admin\Resource\Http\Controllers\Playground\UserRouteTest" classname="Tests.Feature.Playground.Admin.Resource.Http.Controllers.Playground.UserRouteTest" assertions="2" time="0.174402"/>
        <testcase name="test_admin_can_render_create_view_with_return_url" file="/app/vendor/gammamatrix/playground-test/src/Feature/Http/Controllers/Resource/Playground/CreateTrait.php" line="65" class="Tests\Feature\Playground\Admin\Resource\Http\Controllers\Playground\UserRouteTest" classname="Tests.Feature.Playground.Admin.Resource.Http.Controllers.Playground.UserRouteTest" assertions="3" time="0.149255"/>
        <testcase name="test_create_view_as_admin_with_invalid_parameter_and_fail_validation_and_redirect" file="/app/vendor/gammamatrix/playground-test/src/Feature/Http/Controllers/Resource/Playground/CreateTrait.php" line="92" class="Tests\Feature\Playground\Admin\Resource\Http\Controllers\Playground\UserRouteTest" classname="Tests.Feature.Playground.Admin.Resource.Http.Controllers.Playground.UserRouteTest" assertions="5" time="0.122520"/>
        <testcase name="test_json_guest_cannot_destroy" file="/app/vendor/gammamatrix/playground-test/src/Feature/Http/Controllers/Resource/Playground/DestroyJsonTrait.php" line="31" class="Tests\Feature\Playground\Admin\Resource\Http\Controllers\Playground\UserRouteTest" classname="Tests.Feature.Playground.Admin.Resource.Http.Controllers.Playground.UserRouteTest" assertions="3" time="0.124190"/>
        <testcase name="test_json_destroy_as_admin_and_succeed" file="/app/vendor/gammamatrix/playground-test/src/Feature/Http/Controllers/Resource/Playground/DestroyJsonTrait.php" line="61" class="Tests\Feature\Playground\Admin\Resource\Http\Controllers\Playground\UserRouteTest" classname="Tests.Feature.Playground.Admin.Resource.Http.Controllers.Playground.UserRouteTest" assertions="5" time="0.127675"/>
        <testcase name="test_json_destroy_as_admin_and_succeed_with_force_delete" file="/app/vendor/gammamatrix/playground-test/src/Feature/Http/Controllers/Resource/Playground/DestroyJsonTrait.php" line="100" class="Tests\Feature\Playground\Admin\Resource\Http\Controllers\Playground\UserRouteTest" classname="Tests.Feature.Playground.Admin.Resource.Http.Controllers.Playground.UserRouteTest" assertions="4" time="0.128748"/>
        <testcase name="test_json_destroy_as_admin_and_succeed_with_no_content" file="/app/vendor/gammamatrix/playground-test/src/Feature/Http/Controllers/Resource/Playground/DestroyJsonTrait.php" line="132" class="Tests\Feature\Playground\Admin\Resource\Http\Controllers\Playground\UserRouteTest" classname="Tests.Feature.Playground.Admin.Resource.Http.Controllers.Playground.UserRouteTest" assertions="5" time="0.127929"/>
        <testcase name="test_json_destroy_as_admin_and_succeed_and_ignore_redirect" file="/app/vendor/gammamatrix/playground-test/src/Feature/Http/Controllers/Resource/Playground/DestroyJsonTrait.php" line="167" class="Tests\Feature\Playground\Admin\Resource\Http\Controllers\Playground\UserRouteTest" classname="Tests.Feature.Playground.Admin.Resource.Http.Controllers.Playground.UserRouteTest" assertions="5" time="0.129868"/>
        <testcase name="test_json_destroy_as_user_and_get_denied_and_no_force_delete_allowed" file="/app/vendor/gammamatrix/playground-test/src/Feature/Http/Controllers/Resource/Playground/DestroyJsonTrait.php" line="209" class="Tests\Feature\Playground\Admin\Resource\Http\Controllers\Playground\UserRouteTest" classname="Tests.Feature.Playground.Admin.Resource.Http.Controllers.Playground.UserRouteTest" assertions="3" time="0.131000"/>
        <testcase name="test_guest_cannot_destroy" file="/app/vendor/gammamatrix/playground-test/src/Feature/Http/Controllers/Resource/Playground/DestroyTrait.php" line="31" class="Tests\Feature\Playground\Admin\Resource\Http\Controllers\Playground\UserRouteTest" classname="Tests.Feature.Playground.Admin.Resource.Http.Controllers.Playground.UserRouteTest" assertions="3" time="0.126655"/>
        <testcase name="test_destroy_as_admin_and_succeed" file="/app/vendor/gammamatrix/playground-test/src/Feature/Http/Controllers/Resource/Playground/DestroyTrait.php" line="61" class="Tests\Feature\Playground\Admin\Resource\Http\Controllers\Playground\UserRouteTest" classname="Tests.Feature.Playground.Admin.Resource.Http.Controllers.Playground.UserRouteTest" assertions="5" time="0.130657"/>
        <testcase name="test_destroy_as_admin_and_succeed_with_force_delete" file="/app/vendor/gammamatrix/playground-test/src/Feature/Http/Controllers/Resource/Playground/DestroyTrait.php" line="97" class="Tests\Feature\Playground\Admin\Resource\Http\Controllers\Playground\UserRouteTest" classname="Tests.Feature.Playground.Admin.Resource.Http.Controllers.Playground.UserRouteTest" assertions="4" time="0.131344"/>
        <testcase name="test_destroy_as_admin_and_succeed_with_redirect_to_index_with_trash" file="/app/vendor/gammamatrix/playground-test/src/Feature/Http/Controllers/Resource/Playground/DestroyTrait.php" line="129" class="Tests\Feature\Playground\Admin\Resource\Http\Controllers\Playground\UserRouteTest" classname="Tests.Feature.Playground.Admin.Resource.Http.Controllers.Playground.UserRouteTest" assertions="5" time="0.134834"/>
        <testcase name="test_destroy_as_user_and_get_denied_and_no_force_delete_allowed" file="/app/vendor/gammamatrix/playground-test/src/Feature/Http/Controllers/Resource/Playground/DestroyTrait.php" line="171" class="Tests\Feature\Playground\Admin\Resource\Http\Controllers\Playground\UserRouteTest" classname="Tests.Feature.Playground.Admin.Resource.Http.Controllers.Playground.UserRouteTest" assertions="3" time="0.128109"/>
        <testcase name="test_json_guest_cannot_get_edit_info" file="/app/vendor/gammamatrix/playground-test/src/Feature/Http/Controllers/Resource/Playground/EditJsonTrait.php" line="38" class="Tests\Feature\Playground\Admin\Resource\Http\Controllers\Playground\UserRouteTest" classname="Tests.Feature.Playground.Admin.Resource.Http.Controllers.Playground.UserRouteTest" assertions="1" time="0.122073"/>
        <testcase name="test_json_admin_can_get_edit_info" file="/app/vendor/gammamatrix/playground-test/src/Feature/Http/Controllers/Resource/Playground/EditJsonTrait.php" line="58" class="Tests\Feature\Playground\Admin\Resource\Http\Controllers\Playground\UserRouteTest" classname="Tests.Feature.Playground.Admin.Resource.Http.Controllers.Playground.UserRouteTest" assertions="4" time="0.134858"/>
        <testcase name="test_json_edit_as_admin_and_fail_validation_with_invalid_parameter" file="/app/vendor/gammamatrix/playground-test/src/Feature/Http/Controllers/Resource/Playground/EditJsonTrait.php" line="87" class="Tests\Feature\Playground\Admin\Resource\Http\Controllers\Playground\UserRouteTest" classname="Tests.Feature.Playground.Admin.Resource.Http.Controllers.Playground.UserRouteTest" assertions="4" time="0.137107"/>
        <testcase name="test_guest_cannot_render_edit_view" file="/app/vendor/gammamatrix/playground-test/src/Feature/Http/Controllers/Resource/Playground/EditTrait.php" line="33" class="Tests\Feature\Playground\Admin\Resource\Http\Controllers\Playground\UserRouteTest" classname="Tests.Feature.Playground.Admin.Resource.Http.Controllers.Playground.UserRouteTest" assertions="1" time="0.120896"/>
        <testcase name="test_admin_can_render_edit_view" file="/app/vendor/gammamatrix/playground-test/src/Feature/Http/Controllers/Resource/Playground/EditTrait.php" line="53" class="Tests\Feature\Playground\Admin\Resource\Http\Controllers\Playground\UserRouteTest" classname="Tests.Feature.Playground.Admin.Resource.Http.Controllers.Playground.UserRouteTest" assertions="2" time="0.163719"/>
        <testcase name="test_admin_can_render_edit_view_with_return_url" file="/app/vendor/gammamatrix/playground-test/src/Feature/Http/Controllers/Resource/Playground/EditTrait.php" line="77" class="Tests\Feature\Playground\Admin\Resource\Http\Controllers\Playground\UserRouteTest" classname="Tests.Feature.Playground.Admin.Resource.Http.Controllers.Playground.UserRouteTest" assertions="3" time="0.164814"/>
        <testcase name="test_edit_view_as_admin_with_invalid_parameter_and_fail_validation_and_redirect" file="/app/vendor/gammamatrix/playground-test/src/Feature/Http/Controllers/Resource/Playground/EditTrait.php" line="109" class="Tests\Feature\Playground\Admin\Resource\Http\Controllers\Playground\UserRouteTest" classname="Tests.Feature.Playground.Admin.Resource.Http.Controllers.Playground.UserRouteTest" assertions="4" time="0.138671"/>
        <testcase name="test_json_guest_cannot_get_index" file="/app/vendor/gammamatrix/playground-test/src/Feature/Http/Controllers/Resource/Playground/IndexJsonTrait.php" line="34" class="Tests\Feature\Playground\Admin\Resource\Http\Controllers\Playground\UserRouteTest" classname="Tests.Feature.Playground.Admin.Resource.Http.Controllers.Playground.UserRouteTest" assertions="1" time="0.122088"/>
        <testcase name="test_json_admin_can_get_index" file="/app/vendor/gammamatrix/playground-test/src/Feature/Http/Controllers/Resource/Playground/IndexJsonTrait.php" line="49" class="Tests\Feature\Playground\Admin\Resource\Http\Controllers\Playground\UserRouteTest" classname="Tests.Feature.Playground.Admin.Resource.Http.Controllers.Playground.UserRouteTest" assertions="69" time="0.143564"/>
        <testcase name="test_json_admin_can_get_index_with_filters" file="/app/vendor/gammamatrix/playground-test/src/Feature/Http/Controllers/Resource/Playground/IndexJsonTrait.php" line="85" class="Tests\Feature\Playground\Admin\Resource\Http\Controllers\Playground\UserRouteTest" classname="Tests.Feature.Playground.Admin.Resource.Http.Controllers.Playground.UserRouteTest" assertions="3" time="0.141566"/>
        <testcase name="test_guest_cannot_render_index_view" file="/app/vendor/gammamatrix/playground-test/src/Feature/Http/Controllers/Resource/Playground/IndexTrait.php" line="29" class="Tests\Feature\Playground\Admin\Resource\Http\Controllers\Playground\UserRouteTest" classname="Tests.Feature.Playground.Admin.Resource.Http.Controllers.Playground.UserRouteTest" assertions="1" time="0.123634"/>
        <testcase name="test_admin_can_render_index_view" file="/app/vendor/gammamatrix/playground-test/src/Feature/Http/Controllers/Resource/Playground/IndexTrait.php" line="44" class="Tests\Feature\Playground\Admin\Resource\Http\Controllers\Playground\UserRouteTest" classname="Tests.Feature.Playground.Admin.Resource.Http.Controllers.Playground.UserRouteTest" assertions="2" time="0.175748"/>
        <testcase name="test_admin_can_render_index_view_with_filters" file="/app/vendor/gammamatrix/playground-test/src/Feature/Http/Controllers/Resource/Playground/IndexTrait.php" line="77" class="Tests\Feature\Playground\Admin\Resource\Http\Controllers\Playground\UserRouteTest" classname="Tests.Feature.Playground.Admin.Resource.Http.Controllers.Playground.UserRouteTest" assertions="3" time="0.168557"/>
        <testcase name="test_json_guest_cannot_lock" file="/app/vendor/gammamatrix/playground-test/src/Feature/Http/Controllers/Resource/Playground/LockJsonTrait.php" line="36" class="Tests\Feature\Playground\Admin\Resource\Http\Controllers\Playground\UserRouteTest" classname="Tests.Feature.Playground.Admin.Resource.Http.Controllers.Playground.UserRouteTest" assertions="3" time="0.122591"/>
        <testcase name="test_json_lock_as_admin_and_succeed" file="/app/vendor/gammamatrix/playground-test/src/Feature/Http/Controllers/Resource/Playground/LockJsonTrait.php" line="66" class="Tests\Feature\Playground\Admin\Resource\Http\Controllers\Playground\UserRouteTest" classname="Tests.Feature.Playground.Admin.Resource.Http.Controllers.Playground.UserRouteTest" assertions="3" time="0.150918"/>
        <testcase name="test_json_lock_as_admin_and_succeed_with_no_redirect" file="/app/vendor/gammamatrix/playground-test/src/Feature/Http/Controllers/Resource/Playground/LockJsonTrait.php" line="98" class="Tests\Feature\Playground\Admin\Resource\Http\Controllers\Playground\UserRouteTest" classname="Tests.Feature.Playground.Admin.Resource.Http.Controllers.Playground.UserRouteTest" assertions="35" time="0.142337"/>
        <testcase name="test_json_lock_as_user_and_get_denied" file="/app/vendor/gammamatrix/playground-test/src/Feature/Http/Controllers/Resource/Playground/LockJsonTrait.php" line="143" class="Tests\Feature\Playground\Admin\Resource\Http\Controllers\Playground\UserRouteTest" classname="Tests.Feature.Playground.Admin.Resource.Http.Controllers.Playground.UserRouteTest" assertions="3" time="0.134723"/>
        <testcase name="test_guest_cannot_lock" file="/app/vendor/gammamatrix/playground-test/src/Feature/Http/Controllers/Resource/Playground/LockTrait.php" line="31" class="Tests\Feature\Playground\Admin\Resource\Http\Controllers\Playground\UserRouteTest" classname="Tests.Feature.Playground.Admin.Resource.Http.Controllers.Playground.UserRouteTest" assertions="3" time="0.124090"/>
        <testcase name="test_lock_as_admin_and_succeed" file="/app/vendor/gammamatrix/playground-test/src/Feature/Http/Controllers/Resource/Playground/LockTrait.php" line="61" class="Tests\Feature\Playground\Admin\Resource\Http\Controllers\Playground\UserRouteTest" classname="Tests.Feature.Playground.Admin.Resource.Http.Controllers.Playground.UserRouteTest" assertions="4" time="0.145259"/>
        <testcase name="test_lock_as_admin_and_succeed_with_redirect_to_index_with_sorted_by_locked_desc" file="/app/vendor/gammamatrix/playground-test/src/Feature/Http/Controllers/Resource/Playground/LockTrait.php" line="95" class="Tests\Feature\Playground\Admin\Resource\Http\Controllers\Playground\UserRouteTest" classname="Tests.Feature.Playground.Admin.Resource.Http.Controllers.Playground.UserRouteTest" assertions="4" time="0.139667"/>
        <testcase name="test_lock_as_user_and_get_denied" file="/app/vendor/gammamatrix/playground-test/src/Feature/Http/Controllers/Resource/Playground/LockTrait.php" line="132" class="Tests\Feature\Playground\Admin\Resource\Http\Controllers\Playground\UserRouteTest" classname="Tests.Feature.Playground.Admin.Resource.Http.Controllers.Playground.UserRouteTest" assertions="3" time="0.137578"/>
        <testcase name="test_json_guest_cannot_restore" file="/app/vendor/gammamatrix/playground-test/src/Feature/Http/Controllers/Resource/Playground/RestoreJsonTrait.php" line="32" class="Tests\Feature\Playground\Admin\Resource\Http\Controllers\Playground\UserRouteTest" classname="Tests.Feature.Playground.Admin.Resource.Http.Controllers.Playground.UserRouteTest" assertions="3" time="0.129182"/>
        <testcase name="test_json_restore_as_admin_and_succeed" file="/app/vendor/gammamatrix/playground-test/src/Feature/Http/Controllers/Resource/Playground/RestoreJsonTrait.php" line="64" class="Tests\Feature\Playground\Admin\Resource\Http\Controllers\Playground\UserRouteTest" classname="Tests.Feature.Playground.Admin.Resource.Http.Controllers.Playground.UserRouteTest" assertions="35" time="0.143419"/>
        <testcase name="test_json_restore_as_admin_and_succeed_with_no_redirect" file="/app/vendor/gammamatrix/playground-test/src/Feature/Http/Controllers/Resource/Playground/RestoreJsonTrait.php" line="100" class="Tests\Feature\Playground\Admin\Resource\Http\Controllers\Playground\UserRouteTest" classname="Tests.Feature.Playground.Admin.Resource.Http.Controllers.Playground.UserRouteTest" assertions="35" time="0.145531"/>
        <testcase name="test_json_restore_as_user_and_get_denied" file="/app/vendor/gammamatrix/playground-test/src/Feature/Http/Controllers/Resource/Playground/RestoreJsonTrait.php" line="143" class="Tests\Feature\Playground\Admin\Resource\Http\Controllers\Playground\UserRouteTest" classname="Tests.Feature.Playground.Admin.Resource.Http.Controllers.Playground.UserRouteTest" assertions="3" time="0.142466"/>
        <testcase name="test_guest_cannot_restore" file="/app/vendor/gammamatrix/playground-test/src/Feature/Http/Controllers/Resource/Playground/RestoreTrait.php" line="32" class="Tests\Feature\Playground\Admin\Resource\Http\Controllers\Playground\UserRouteTest" classname="Tests.Feature.Playground.Admin.Resource.Http.Controllers.Playground.UserRouteTest" assertions="3" time="0.134804"/>
        <testcase name="test_restore_as_admin_and_succeed" file="/app/vendor/gammamatrix/playground-test/src/Feature/Http/Controllers/Resource/Playground/RestoreTrait.php" line="64" class="Tests\Feature\Playground\Admin\Resource\Http\Controllers\Playground\UserRouteTest" classname="Tests.Feature.Playground.Admin.Resource.Http.Controllers.Playground.UserRouteTest" assertions="4" time="0.139885"/>
        <testcase name="test_restore_as_admin_and_succeed_with_redirect_to_index_with_only_trash" file="/app/vendor/gammamatrix/playground-test/src/Feature/Http/Controllers/Resource/Playground/RestoreTrait.php" line="100" class="Tests\Feature\Playground\Admin\Resource\Http\Controllers\Playground\UserRouteTest" classname="Tests.Feature.Playground.Admin.Resource.Http.Controllers.Playground.UserRouteTest" assertions="4" time="0.142393"/>
        <testcase name="test_restore_as_user_and_get_denied" file="/app/vendor/gammamatrix/playground-test/src/Feature/Http/Controllers/Resource/Playground/RestoreTrait.php" line="146" class="Tests\Feature\Playground\Admin\Resource\Http\Controllers\Playground\UserRouteTest" classname="Tests.Feature.Playground.Admin.Resource.Http.Controllers.Playground.UserRouteTest" assertions="3" time="0.136496"/>
        <testcase name="test_json_guest_cannot_see_info" file="/app/vendor/gammamatrix/playground-test/src/Feature/Http/Controllers/Resource/Playground/ShowJsonTrait.php" line="29" class="Tests\Feature\Playground\Admin\Resource\Http\Controllers\Playground\UserRouteTest" classname="Tests.Feature.Playground.Admin.Resource.Http.Controllers.Playground.UserRouteTest" assertions="1" time="0.128171"/>
        <testcase name="test_json_show_info_for_admin" file="/app/vendor/gammamatrix/playground-test/src/Feature/Http/Controllers/Resource/Playground/ShowJsonTrait.php" line="49" class="Tests\Feature\Playground\Admin\Resource\Http\Controllers\Playground\UserRouteTest" classname="Tests.Feature.Playground.Admin.Resource.Http.Controllers.Playground.UserRouteTest" assertions="34" time="0.140777"/>
        <testcase name="test_guest_cannot_render_show_view" file="/app/vendor/gammamatrix/playground-test/src/Feature/Http/Controllers/Resource/Playground/ShowTrait.php" line="29" class="Tests\Feature\Playground\Admin\Resource\Http\Controllers\Playground\UserRouteTest" classname="Tests.Feature.Playground.Admin.Resource.Http.Controllers.Playground.UserRouteTest" assertions="1" time="0.130883"/>
        <testcase name="test_show_view_rendered_by_admin" file="/app/vendor/gammamatrix/playground-test/src/Feature/Http/Controllers/Resource/Playground/ShowTrait.php" line="49" class="Tests\Feature\Playground\Admin\Resource\Http\Controllers\Playground\UserRouteTest" classname="Tests.Feature.Playground.Admin.Resource.Http.Controllers.Playground.UserRouteTest" assertions="2" time="0.166035"/>
        <testcase name="test_json_guest_cannot_store" file="/app/vendor/gammamatrix/playground-test/src/Feature/Http/Controllers/Resource/Playground/StoreJsonTrait.php" line="43" class="Tests\Feature\Playground\Admin\Resource\Http\Controllers\Playground\UserRouteTest" classname="Tests.Feature.Playground.Admin.Resource.Http.Controllers.Playground.UserRouteTest" assertions="3" time="0.144896"/>
        <testcase name="test_json_store_as_admin_without_payload_and_fail_validation" file="/app/vendor/gammamatrix/playground-test/src/Feature/Http/Controllers/Resource/Playground/StoreJsonTrait.php" line="66" class="Tests\Feature\Playground\Admin\Resource\Http\Controllers\Playground\UserRouteTest" classname="Tests.Feature.Playground.Admin.Resource.Http.Controllers.Playground.UserRouteTest" assertions="5" time="0.142271"/>
        <testcase name="test_json_store_as_admin_and_succeed" file="/app/vendor/gammamatrix/playground-test/src/Feature/Http/Controllers/Resource/Playground/StoreJsonTrait.php" line="92" class="Tests\Feature\Playground\Admin\Resource\Http\Controllers\Playground\UserRouteTest" classname="Tests.Feature.Playground.Admin.Resource.Http.Controllers.Playground.UserRouteTest" assertions="3" time="0.157169"/>
        <testcase name="test_guest_cannot_store" file="/app/vendor/gammamatrix/playground-test/src/Feature/Http/Controllers/Resource/Playground/StoreTrait.php" line="38" class="Tests\Feature\Playground\Admin\Resource\Http\Controllers\Playground\UserRouteTest" classname="Tests.Feature.Playground.Admin.Resource.Http.Controllers.Playground.UserRouteTest" assertions="3" time="0.124300"/>
        <testcase name="test_store_as_admin_without_payload_and_fail_validation" file="/app/vendor/gammamatrix/playground-test/src/Feature/Http/Controllers/Resource/Playground/StoreTrait.php" line="61" class="Tests\Feature\Playground\Admin\Resource\Http\Controllers\Playground\UserRouteTest" classname="Tests.Feature.Playground.Admin.Resource.Http.Controllers.Playground.UserRouteTest" assertions="5" time="0.134510"/>
        <testcase name="test_store_as_admin_and_succeed" file="/app/vendor/gammamatrix/playground-test/src/Feature/Http/Controllers/Resource/Playground/StoreTrait.php" line="90" class="Tests\Feature\Playground\Admin\Resource\Http\Controllers\Playground\UserRouteTest" classname="Tests.Feature.Playground.Admin.Resource.Http.Controllers.Playground.UserRouteTest" assertions="4" time="0.147118"/>
        <testcase name="test_store_as_admin_and_succeed_with_return_url" file="/app/vendor/gammamatrix/playground-test/src/Feature/Http/Controllers/Resource/Playground/StoreTrait.php" line="135" class="Tests\Feature\Playground\Admin\Resource\Http\Controllers\Playground\UserRouteTest" classname="Tests.Feature.Playground.Admin.Resource.Http.Controllers.Playground.UserRouteTest" assertions="4" time="0.147372"/>
        <testcase name="test_json_guest_cannot_unlock" file="/app/vendor/gammamatrix/playground-test/src/Feature/Http/Controllers/Resource/Playground/UnlockJsonTrait.php" line="36" class="Tests\Feature\Playground\Admin\Resource\Http\Controllers\Playground\UserRouteTest" classname="Tests.Feature.Playground.Admin.Resource.Http.Controllers.Playground.UserRouteTest" assertions="3" time="0.136431"/>
        <testcase name="test_json_unlock_as_admin_and_succeed" file="/app/vendor/gammamatrix/playground-test/src/Feature/Http/Controllers/Resource/Playground/UnlockJsonTrait.php" line="68" class="Tests\Feature\Playground\Admin\Resource\Http\Controllers\Playground\UserRouteTest" classname="Tests.Feature.Playground.Admin.Resource.Http.Controllers.Playground.UserRouteTest" assertions="35" time="0.144902"/>
        <testcase name="test_json_unlock_as_admin_and_succeed_with_no_redirect" file="/app/vendor/gammamatrix/playground-test/src/Feature/Http/Controllers/Resource/Playground/UnlockJsonTrait.php" line="104" class="Tests\Feature\Playground\Admin\Resource\Http\Controllers\Playground\UserRouteTest" classname="Tests.Feature.Playground.Admin.Resource.Http.Controllers.Playground.UserRouteTest" assertions="35" time="0.145162"/>
        <testcase name="test_json_unlock_as_user_and_get_denied" file="/app/vendor/gammamatrix/playground-test/src/Feature/Http/Controllers/Resource/Playground/UnlockJsonTrait.php" line="145" class="Tests\Feature\Playground\Admin\Resource\Http\Controllers\Playground\UserRouteTest" classname="Tests.Feature.Playground.Admin.Resource.Http.Controllers.Playground.UserRouteTest" assertions="3" time="0.143846"/>
        <testcase name="test_guest_cannot_unlock" file="/app/vendor/gammamatrix/playground-test/src/Feature/Http/Controllers/Resource/Playground/UnlockTrait.php" line="36" class="Tests\Feature\Playground\Admin\Resource\Http\Controllers\Playground\UserRouteTest" classname="Tests.Feature.Playground.Admin.Resource.Http.Controllers.Playground.UserRouteTest" assertions="3" time="0.131571"/>
        <testcase name="test_unlock_as_admin_and_succeed" file="/app/vendor/gammamatrix/playground-test/src/Feature/Http/Controllers/Resource/Playground/UnlockTrait.php" line="68" class="Tests\Feature\Playground\Admin\Resource\Http\Controllers\Playground\UserRouteTest" classname="Tests.Feature.Playground.Admin.Resource.Http.Controllers.Playground.UserRouteTest" assertions="4" time="0.142356"/>
        <testcase name="test_unlock_as_admin_and_succeed_with_redirect_to_index_with_sorted_by_unlocked_desc" file="/app/vendor/gammamatrix/playground-test/src/Feature/Http/Controllers/Resource/Playground/UnlockTrait.php" line="109" class="Tests\Feature\Playground\Admin\Resource\Http\Controllers\Playground\UserRouteTest" classname="Tests.Feature.Playground.Admin.Resource.Http.Controllers.Playground.UserRouteTest" assertions="4" time="0.143808"/>
        <testcase name="test_unlock_as_user_and_get_denied" file="/app/vendor/gammamatrix/playground-test/src/Feature/Http/Controllers/Resource/Playground/UnlockTrait.php" line="148" class="Tests\Feature\Playground\Admin\Resource\Http\Controllers\Playground\UserRouteTest" classname="Tests.Feature.Playground.Admin.Resource.Http.Controllers.Playground.UserRouteTest" assertions="3" time="0.147203"/>
        <testcase name="test_json_guest_cannot_update" file="/app/vendor/gammamatrix/playground-test/src/Feature/Http/Controllers/Resource/Playground/UpdateJsonTrait.php" line="45" class="Tests\Feature\Playground\Admin\Resource\Http\Controllers\Playground\UserRouteTest" classname="Tests.Feature.Playground.Admin.Resource.Http.Controllers.Playground.UserRouteTest" assertions="1" time="0.127992"/>
        <testcase name="test_json_update_as_admin_without_payload_and_fail_validation" file="/app/vendor/gammamatrix/playground-test/src/Feature/Http/Controllers/Resource/Playground/UpdateJsonTrait.php" line="65" class="Tests\Feature\Playground\Admin\Resource\Http\Controllers\Playground\UserRouteTest" classname="Tests.Feature.Playground.Admin.Resource.Http.Controllers.Playground.UserRouteTest" assertions="4" time="0.140402"/>
        <testcase name="test_json_admin_can_update" file="/app/vendor/gammamatrix/playground-test/src/Feature/Http/Controllers/Resource/Playground/UpdateJsonTrait.php" line="90" class="Tests\Feature\Playground\Admin\Resource\Http\Controllers\Playground\UserRouteTest" classname="Tests.Feature.Playground.Admin.Resource.Http.Controllers.Playground.UserRouteTest" assertions="37" time="0.157963"/>
        <testcase name="test_guest_cannot_update" file="/app/vendor/gammamatrix/playground-test/src/Feature/Http/Controllers/Resource/Playground/UpdateTrait.php" line="45" class="Tests\Feature\Playground\Admin\Resource\Http\Controllers\Playground\UserRouteTest" classname="Tests.Feature.Playground.Admin.Resource.Http.Controllers.Playground.UserRouteTest" assertions="1" time="0.130914"/>
        <testcase name="test_update_as_admin_without_payload_and_fail_validation" file="/app/vendor/gammamatrix/playground-test/src/Feature/Http/Controllers/Resource/Playground/UpdateTrait.php" line="65" class="Tests\Feature\Playground\Admin\Resource\Http\Controllers\Playground\UserRouteTest" classname="Tests.Feature.Playground.Admin.Resource.Http.Controllers.Playground.UserRouteTest" assertions="4" time="0.140859"/>
        <testcase name="test_admin_can_update" file="/app/vendor/gammamatrix/playground-test/src/Feature/Http/Controllers/Resource/Playground/UpdateTrait.php" line="90" class="Tests\Feature\Playground\Admin\Resource\Http\Controllers\Playground\UserRouteTest" classname="Tests.Feature.Playground.Admin.Resource.Http.Controllers.Playground.UserRouteTest" assertions="6" time="0.165625"/>
        <testcase name="test_admin_can_update_view_with_return_url" file="/app/vendor/gammamatrix/playground-test/src/Feature/Http/Controllers/Resource/Playground/UpdateTrait.php" line="133" class="Tests\Feature\Playground\Admin\Resource\Http\Controllers\Playground\UserRouteTest" classname="Tests.Feature.Playground.Admin.Resource.Http.Controllers.Playground.UserRouteTest" assertions="6" time="0.161251"/>
      </testsuite>
      <testsuite name="Tests\Feature\Playground\Admin\Resource\Http\Requests\FormRequest\InstanceTest" file="/app/vendor/gammamatrix/playground-admin-resource/tests/Feature/Http/Requests/FormRequest/InstanceTest.php" tests="1" assertions="1" errors="0" failures="0" skipped="0" time="0.092013">
        <testcase name="test_FormRequest_authorize_with_admin" file="/app/vendor/gammamatrix/playground-admin-resource/tests/Feature/Http/Requests/FormRequest/InstanceTest.php" line="21" class="Tests\Feature\Playground\Admin\Resource\Http\Requests\FormRequest\InstanceTest" classname="Tests.Feature.Playground.Admin.Resource.Http.Requests.FormRequest.InstanceTest" assertions="1" time="0.092013"/>
      </testsuite>
      <testsuite name="Tests\Feature\Playground\Cms\Console\Commands\About\CommandTest" file="/app/vendor/gammamatrix/playground-cms/tests/Feature/Console/Commands/About/CommandTest.php" tests="1" assertions="2" errors="0" failures="0" skipped="0" time="0.123554">
        <testcase name="test_command_about_displays_package_information_and_succeed_with_code_0" file="/app/vendor/gammamatrix/playground-cms/tests/Feature/Console/Commands/About/CommandTest.php" line="28" class="Tests\Feature\Playground\Cms\Console\Commands\About\CommandTest" classname="Tests.Feature.Playground.Cms.Console.Commands.About.CommandTest" assertions="2" time="0.123554"/>
      </testsuite>
      <testsuite name="Tests\Feature\Playground\Cms\Models\Page\ModelTest" file="/app/vendor/gammamatrix/playground-cms/tests/Feature/Models/Page/ModelTest.php" tests="3" assertions="36" errors="0" failures="0" skipped="0" time="0.546992">
        <testcase name="test_model_instance" file="/app/vendor/gammamatrix/playground-test/src/Feature/Models/ModelCase.php" line="108" class="Tests\Feature\Playground\Cms\Models\Page\ModelTest" classname="Tests.Feature.Playground.Cms.Models.Page.ModelTest" assertions="1" time="0.143372"/>
        <testcase name="test_verify_model_relationships" file="/app/vendor/gammamatrix/playground-test/src/Feature/Models/ModelCase.php" line="527" class="Tests\Feature\Playground\Cms\Models\Page\ModelTest" classname="Tests.Feature.Playground.Cms.Models.Page.ModelTest" assertions="32" time="0.257499"/>
        <testcase name="test_factory_create" file="/app/vendor/gammamatrix/playground-test/src/Feature/Models/ModelCase.php" line="543" class="Tests\Feature\Playground\Cms\Models\Page\ModelTest" classname="Tests.Feature.Playground.Cms.Models.Page.ModelTest" assertions="3" time="0.146121"/>
      </testsuite>
      <testsuite name="Tests\Feature\Playground\Cms\Models\PageRevision\ModelTest" file="/app/vendor/gammamatrix/playground-cms/tests/Feature/Models/PageRevision/ModelTest.php" tests="3" assertions="34" errors="0" failures="0" skipped="0" time="0.543804">
        <testcase name="test_model_instance" file="/app/vendor/gammamatrix/playground-test/src/Feature/Models/ModelCase.php" line="108" class="Tests\Feature\Playground\Cms\Models\PageRevision\ModelTest" classname="Tests.Feature.Playground.Cms.Models.PageRevision.ModelTest" assertions="1" time="0.144228"/>
        <testcase name="test_verify_model_relationships" file="/app/vendor/gammamatrix/playground-test/src/Feature/Models/ModelCase.php" line="527" class="Tests\Feature\Playground\Cms\Models\PageRevision\ModelTest" classname="Tests.Feature.Playground.Cms.Models.PageRevision.ModelTest" assertions="30" time="0.244173"/>
        <testcase name="test_factory_create" file="/app/vendor/gammamatrix/playground-test/src/Feature/Models/ModelCase.php" line="543" class="Tests\Feature\Playground\Cms\Models\PageRevision\ModelTest" classname="Tests.Feature.Playground.Cms.Models.PageRevision.ModelTest" assertions="3" time="0.155403"/>
      </testsuite>
      <testsuite name="Tests\Feature\Playground\Cms\Models\Snippet\ModelTest" file="/app/vendor/gammamatrix/playground-cms/tests/Feature/Models/Snippet/ModelTest.php" tests="3" assertions="36" errors="0" failures="0" skipped="0" time="0.543491">
        <testcase name="test_model_instance" file="/app/vendor/gammamatrix/playground-test/src/Feature/Models/ModelCase.php" line="108" class="Tests\Feature\Playground\Cms\Models\Snippet\ModelTest" classname="Tests.Feature.Playground.Cms.Models.Snippet.ModelTest" assertions="1" time="0.137446"/>
        <testcase name="test_verify_model_relationships" file="/app/vendor/gammamatrix/playground-test/src/Feature/Models/ModelCase.php" line="527" class="Tests\Feature\Playground\Cms\Models\Snippet\ModelTest" classname="Tests.Feature.Playground.Cms.Models.Snippet.ModelTest" assertions="32" time="0.250787"/>
        <testcase name="test_factory_create" file="/app/vendor/gammamatrix/playground-test/src/Feature/Models/ModelCase.php" line="543" class="Tests\Feature\Playground\Cms\Models\Snippet\ModelTest" classname="Tests.Feature.Playground.Cms.Models.Snippet.ModelTest" assertions="3" time="0.155259"/>
      </testsuite>
      <testsuite name="Tests\Feature\Playground\Cms\Models\SnippetRevision\ModelTest" file="/app/vendor/gammamatrix/playground-cms/tests/Feature/Models/SnippetRevision/ModelTest.php" tests="3" assertions="34" errors="0" failures="0" skipped="0" time="0.526828">
        <testcase name="test_model_instance" file="/app/vendor/gammamatrix/playground-test/src/Feature/Models/ModelCase.php" line="108" class="Tests\Feature\Playground\Cms\Models\SnippetRevision\ModelTest" classname="Tests.Feature.Playground.Cms.Models.SnippetRevision.ModelTest" assertions="1" time="0.137792"/>
        <testcase name="test_verify_model_relationships" file="/app/vendor/gammamatrix/playground-test/src/Feature/Models/ModelCase.php" line="527" class="Tests\Feature\Playground\Cms\Models\SnippetRevision\ModelTest" classname="Tests.Feature.Playground.Cms.Models.SnippetRevision.ModelTest" assertions="30" time="0.241625"/>
        <testcase name="test_factory_create" file="/app/vendor/gammamatrix/playground-test/src/Feature/Models/ModelCase.php" line="543" class="Tests\Feature\Playground\Cms\Models\SnippetRevision\ModelTest" classname="Tests.Feature.Playground.Cms.Models.SnippetRevision.ModelTest" assertions="3" time="0.147411"/>
      </testsuite>
      <testsuite name="Tests\Feature\Playground\Cms\Resource\Console\Commands\About\CommandTest" file="/app/vendor/gammamatrix/playground-cms-resource/tests/Feature/Console/Commands/About/CommandTest.php" tests="1" assertions="2" errors="0" failures="0" skipped="0" time="0.267289">
        <testcase name="test_command_about_displays_package_information_and_succeed_with_code_0" file="/app/vendor/gammamatrix/playground-cms-resource/tests/Feature/Console/Commands/About/CommandTest.php" line="19" class="Tests\Feature\Playground\Cms\Resource\Console\Commands\About\CommandTest" classname="Tests.Feature.Playground.Cms.Resource.Console.Commands.About.CommandTest" assertions="2" time="0.267289"/>
      </testsuite>
      <testsuite name="Tests\Feature\Playground\Cms\Resource\Http\Controllers\Playground\IndexRouteTest" file="/app/vendor/gammamatrix/playground-cms-resource/tests/Feature/Http/Controllers/Playground/IndexRouteTest.php" tests="2" assertions="3" errors="0" failures="0" skipped="0" time="0.212883">
        <testcase name="test_guest_cannot_render_index_view" file="/app/vendor/gammamatrix/playground-cms-resource/tests/Feature/Http/Controllers/Playground/IndexRouteTest.php" line="21" class="Tests\Feature\Playground\Cms\Resource\Http\Controllers\Playground\IndexRouteTest" classname="Tests.Feature.Playground.Cms.Resource.Http.Controllers.Playground.IndexRouteTest" assertions="1" time="0.095774"/>
        <testcase name="test_admin_can_render_index_view" file="/app/vendor/gammamatrix/playground-cms-resource/tests/Feature/Http/Controllers/Playground/IndexRouteTest.php" line="30" class="Tests\Feature\Playground\Cms\Resource\Http\Controllers\Playground\IndexRouteTest" classname="Tests.Feature.Playground.Cms.Resource.Http.Controllers.Playground.IndexRouteTest" assertions="2" time="0.117109"/>
      </testsuite>
      <testsuite name="Tests\Feature\Playground\Cms\Resource\Http\Controllers\Playground\PageRouteTest" file="/app/vendor/gammamatrix/playground-cms-resource/tests/Feature/Http/Controllers/Playground/PageRouteTest.php" tests="91" assertions="1227" errors="0" failures="0" skipped="0" time="18.350773">
        <testcase name="test_json_guest_cannot_get_create_info" file="/app/vendor/gammamatrix/playground-test/src/Feature/Http/Controllers/Resource/Playground/CreateJsonTrait.php" line="38" class="Tests\Feature\Playground\Cms\Resource\Http\Controllers\Playground\PageRouteTest" classname="Tests.Feature.Playground.Cms.Resource.Http.Controllers.Playground.PageRouteTest" assertions="1" time="0.161352"/>
        <testcase name="test_json_admin_can_get_create_info" file="/app/vendor/gammamatrix/playground-test/src/Feature/Http/Controllers/Resource/Playground/CreateJsonTrait.php" line="53" class="Tests\Feature\Playground\Cms\Resource\Http\Controllers\Playground\PageRouteTest" classname="Tests.Feature.Playground.Cms.Resource.Http.Controllers.Playground.PageRouteTest" assertions="73" time="0.178241"/>
        <testcase name="test_json_get_create_info_as_admin_with_invalid_parameter_and_fail_validation" file="/app/vendor/gammamatrix/playground-test/src/Feature/Http/Controllers/Resource/Playground/CreateJsonTrait.php" line="73" class="Tests\Feature\Playground\Cms\Resource\Http\Controllers\Playground\PageRouteTest" classname="Tests.Feature.Playground.Cms.Resource.Http.Controllers.Playground.PageRouteTest" assertions="4" time="0.176735"/>
        <testcase name="test_guest_cannot_render_create_view" file="/app/vendor/gammamatrix/playground-test/src/Feature/Http/Controllers/Resource/Playground/CreateTrait.php" line="33" class="Tests\Feature\Playground\Cms\Resource\Http\Controllers\Playground\PageRouteTest" classname="Tests.Feature.Playground.Cms.Resource.Http.Controllers.Playground.PageRouteTest" assertions="1" time="0.158773"/>
        <testcase name="test_admin_can_render_create_view" file="/app/vendor/gammamatrix/playground-test/src/Feature/Http/Controllers/Resource/Playground/CreateTrait.php" line="47" class="Tests\Feature\Playground\Cms\Resource\Http\Controllers\Playground\PageRouteTest" classname="Tests.Feature.Playground.Cms.Resource.Http.Controllers.Playground.PageRouteTest" assertions="2" time="0.232002"/>
        <testcase name="test_admin_can_render_create_view_with_return_url" file="/app/vendor/gammamatrix/playground-test/src/Feature/Http/Controllers/Resource/Playground/CreateTrait.php" line="65" class="Tests\Feature\Playground\Cms\Resource\Http\Controllers\Playground\PageRouteTest" classname="Tests.Feature.Playground.Cms.Resource.Http.Controllers.Playground.PageRouteTest" assertions="3" time="0.203838"/>
        <testcase name="test_create_view_as_admin_with_invalid_parameter_and_fail_validation_and_redirect" file="/app/vendor/gammamatrix/playground-test/src/Feature/Http/Controllers/Resource/Playground/CreateTrait.php" line="92" class="Tests\Feature\Playground\Cms\Resource\Http\Controllers\Playground\PageRouteTest" classname="Tests.Feature.Playground.Cms.Resource.Http.Controllers.Playground.PageRouteTest" assertions="5" time="0.176673"/>
        <testcase name="test_json_guest_cannot_destroy" file="/app/vendor/gammamatrix/playground-test/src/Feature/Http/Controllers/Resource/Playground/DestroyJsonTrait.php" line="31" class="Tests\Feature\Playground\Cms\Resource\Http\Controllers\Playground\PageRouteTest" classname="Tests.Feature.Playground.Cms.Resource.Http.Controllers.Playground.PageRouteTest" assertions="3" time="0.169439"/>
        <testcase name="test_json_destroy_as_admin_and_succeed" file="/app/vendor/gammamatrix/playground-test/src/Feature/Http/Controllers/Resource/Playground/DestroyJsonTrait.php" line="61" class="Tests\Feature\Playground\Cms\Resource\Http\Controllers\Playground\PageRouteTest" classname="Tests.Feature.Playground.Cms.Resource.Http.Controllers.Playground.PageRouteTest" assertions="5" time="0.181011"/>
        <testcase name="test_json_destroy_as_admin_and_succeed_with_force_delete" file="/app/vendor/gammamatrix/playground-test/src/Feature/Http/Controllers/Resource/Playground/DestroyJsonTrait.php" line="100" class="Tests\Feature\Playground\Cms\Resource\Http\Controllers\Playground\PageRouteTest" classname="Tests.Feature.Playground.Cms.Resource.Http.Controllers.Playground.PageRouteTest" assertions="4" time="0.186518"/>
        <testcase name="test_json_destroy_as_admin_and_succeed_with_no_content" file="/app/vendor/gammamatrix/playground-test/src/Feature/Http/Controllers/Resource/Playground/DestroyJsonTrait.php" line="132" class="Tests\Feature\Playground\Cms\Resource\Http\Controllers\Playground\PageRouteTest" classname="Tests.Feature.Playground.Cms.Resource.Http.Controllers.Playground.PageRouteTest" assertions="5" time="0.189067"/>
        <testcase name="test_json_destroy_as_admin_and_succeed_and_ignore_redirect" file="/app/vendor/gammamatrix/playground-test/src/Feature/Http/Controllers/Resource/Playground/DestroyJsonTrait.php" line="167" class="Tests\Feature\Playground\Cms\Resource\Http\Controllers\Playground\PageRouteTest" classname="Tests.Feature.Playground.Cms.Resource.Http.Controllers.Playground.PageRouteTest" assertions="5" time="0.180556"/>
        <testcase name="test_json_destroy_as_user_and_get_denied_and_no_force_delete_allowed" file="/app/vendor/gammamatrix/playground-test/src/Feature/Http/Controllers/Resource/Playground/DestroyJsonTrait.php" line="209" class="Tests\Feature\Playground\Cms\Resource\Http\Controllers\Playground\PageRouteTest" classname="Tests.Feature.Playground.Cms.Resource.Http.Controllers.Playground.PageRouteTest" assertions="3" time="0.178320"/>
        <testcase name="test_guest_cannot_destroy" file="/app/vendor/gammamatrix/playground-test/src/Feature/Http/Controllers/Resource/Playground/DestroyTrait.php" line="31" class="Tests\Feature\Playground\Cms\Resource\Http\Controllers\Playground\PageRouteTest" classname="Tests.Feature.Playground.Cms.Resource.Http.Controllers.Playground.PageRouteTest" assertions="3" time="0.185095"/>
        <testcase name="test_destroy_as_admin_and_succeed" file="/app/vendor/gammamatrix/playground-test/src/Feature/Http/Controllers/Resource/Playground/DestroyTrait.php" line="61" class="Tests\Feature\Playground\Cms\Resource\Http\Controllers\Playground\PageRouteTest" classname="Tests.Feature.Playground.Cms.Resource.Http.Controllers.Playground.PageRouteTest" assertions="5" time="0.180345"/>
        <testcase name="test_destroy_as_admin_and_succeed_with_force_delete" file="/app/vendor/gammamatrix/playground-test/src/Feature/Http/Controllers/Resource/Playground/DestroyTrait.php" line="97" class="Tests\Feature\Playground\Cms\Resource\Http\Controllers\Playground\PageRouteTest" classname="Tests.Feature.Playground.Cms.Resource.Http.Controllers.Playground.PageRouteTest" assertions="4" time="0.180541"/>
        <testcase name="test_destroy_as_admin_and_succeed_with_redirect_to_index_with_trash" file="/app/vendor/gammamatrix/playground-test/src/Feature/Http/Controllers/Resource/Playground/DestroyTrait.php" line="129" class="Tests\Feature\Playground\Cms\Resource\Http\Controllers\Playground\PageRouteTest" classname="Tests.Feature.Playground.Cms.Resource.Http.Controllers.Playground.PageRouteTest" assertions="5" time="0.189207"/>
        <testcase name="test_destroy_as_user_and_get_denied_and_no_force_delete_allowed" file="/app/vendor/gammamatrix/playground-test/src/Feature/Http/Controllers/Resource/Playground/DestroyTrait.php" line="171" class="Tests\Feature\Playground\Cms\Resource\Http\Controllers\Playground\PageRouteTest" classname="Tests.Feature.Playground.Cms.Resource.Http.Controllers.Playground.PageRouteTest" assertions="3" time="0.182871"/>
        <testcase name="test_json_guest_cannot_get_edit_info" file="/app/vendor/gammamatrix/playground-test/src/Feature/Http/Controllers/Resource/Playground/EditJsonTrait.php" line="38" class="Tests\Feature\Playground\Cms\Resource\Http\Controllers\Playground\PageRouteTest" classname="Tests.Feature.Playground.Cms.Resource.Http.Controllers.Playground.PageRouteTest" assertions="1" time="0.171406"/>
        <testcase name="test_json_admin_can_get_edit_info" file="/app/vendor/gammamatrix/playground-test/src/Feature/Http/Controllers/Resource/Playground/EditJsonTrait.php" line="58" class="Tests\Feature\Playground\Cms\Resource\Http\Controllers\Playground\PageRouteTest" classname="Tests.Feature.Playground.Cms.Resource.Http.Controllers.Playground.PageRouteTest" assertions="4" time="0.191277"/>
        <testcase name="test_json_edit_as_admin_and_fail_validation_with_invalid_parameter" file="/app/vendor/gammamatrix/playground-test/src/Feature/Http/Controllers/Resource/Playground/EditJsonTrait.php" line="87" class="Tests\Feature\Playground\Cms\Resource\Http\Controllers\Playground\PageRouteTest" classname="Tests.Feature.Playground.Cms.Resource.Http.Controllers.Playground.PageRouteTest" assertions="4" time="0.188062"/>
        <testcase name="test_guest_cannot_render_edit_view" file="/app/vendor/gammamatrix/playground-test/src/Feature/Http/Controllers/Resource/Playground/EditTrait.php" line="33" class="Tests\Feature\Playground\Cms\Resource\Http\Controllers\Playground\PageRouteTest" classname="Tests.Feature.Playground.Cms.Resource.Http.Controllers.Playground.PageRouteTest" assertions="1" time="0.183838"/>
        <testcase name="test_admin_can_render_edit_view" file="/app/vendor/gammamatrix/playground-test/src/Feature/Http/Controllers/Resource/Playground/EditTrait.php" line="53" class="Tests\Feature\Playground\Cms\Resource\Http\Controllers\Playground\PageRouteTest" classname="Tests.Feature.Playground.Cms.Resource.Http.Controllers.Playground.PageRouteTest" assertions="2" time="0.222843"/>
        <testcase name="test_admin_can_render_edit_view_with_return_url" file="/app/vendor/gammamatrix/playground-test/src/Feature/Http/Controllers/Resource/Playground/EditTrait.php" line="77" class="Tests\Feature\Playground\Cms\Resource\Http\Controllers\Playground\PageRouteTest" classname="Tests.Feature.Playground.Cms.Resource.Http.Controllers.Playground.PageRouteTest" assertions="3" time="0.211481"/>
        <testcase name="test_edit_view_as_admin_with_invalid_parameter_and_fail_validation_and_redirect" file="/app/vendor/gammamatrix/playground-test/src/Feature/Http/Controllers/Resource/Playground/EditTrait.php" line="109" class="Tests\Feature\Playground\Cms\Resource\Http\Controllers\Playground\PageRouteTest" classname="Tests.Feature.Playground.Cms.Resource.Http.Controllers.Playground.PageRouteTest" assertions="4" time="0.196165"/>
        <testcase name="test_json_guest_cannot_get_index" file="/app/vendor/gammamatrix/playground-test/src/Feature/Http/Controllers/Resource/Playground/IndexJsonTrait.php" line="34" class="Tests\Feature\Playground\Cms\Resource\Http\Controllers\Playground\PageRouteTest" classname="Tests.Feature.Playground.Cms.Resource.Http.Controllers.Playground.PageRouteTest" assertions="1" time="0.173770"/>
        <testcase name="test_json_admin_can_get_index" file="/app/vendor/gammamatrix/playground-test/src/Feature/Http/Controllers/Resource/Playground/IndexJsonTrait.php" line="49" class="Tests\Feature\Playground\Cms\Resource\Http\Controllers\Playground\PageRouteTest" classname="Tests.Feature.Playground.Cms.Resource.Http.Controllers.Playground.PageRouteTest" assertions="80" time="0.201477"/>
        <testcase name="test_json_admin_can_get_index_with_filters" file="/app/vendor/gammamatrix/playground-test/src/Feature/Http/Controllers/Resource/Playground/IndexJsonTrait.php" line="85" class="Tests\Feature\Playground\Cms\Resource\Http\Controllers\Playground\PageRouteTest" classname="Tests.Feature.Playground.Cms.Resource.Http.Controllers.Playground.PageRouteTest" assertions="3" time="0.199456"/>
        <testcase name="test_guest_cannot_render_index_view" file="/app/vendor/gammamatrix/playground-test/src/Feature/Http/Controllers/Resource/Playground/IndexTrait.php" line="29" class="Tests\Feature\Playground\Cms\Resource\Http\Controllers\Playground\PageRouteTest" classname="Tests.Feature.Playground.Cms.Resource.Http.Controllers.Playground.PageRouteTest" assertions="1" time="0.179988"/>
        <testcase name="test_admin_can_render_index_view" file="/app/vendor/gammamatrix/playground-test/src/Feature/Http/Controllers/Resource/Playground/IndexTrait.php" line="44" class="Tests\Feature\Playground\Cms\Resource\Http\Controllers\Playground\PageRouteTest" classname="Tests.Feature.Playground.Cms.Resource.Http.Controllers.Playground.PageRouteTest" assertions="2" time="0.220842"/>
        <testcase name="test_admin_can_render_index_view_with_filters" file="/app/vendor/gammamatrix/playground-test/src/Feature/Http/Controllers/Resource/Playground/IndexTrait.php" line="77" class="Tests\Feature\Playground\Cms\Resource\Http\Controllers\Playground\PageRouteTest" classname="Tests.Feature.Playground.Cms.Resource.Http.Controllers.Playground.PageRouteTest" assertions="3" time="0.229253"/>
        <testcase name="test_json_guest_cannot_lock" file="/app/vendor/gammamatrix/playground-test/src/Feature/Http/Controllers/Resource/Playground/LockJsonTrait.php" line="36" class="Tests\Feature\Playground\Cms\Resource\Http\Controllers\Playground\PageRouteTest" classname="Tests.Feature.Playground.Cms.Resource.Http.Controllers.Playground.PageRouteTest" assertions="3" time="0.184638"/>
        <testcase name="test_json_lock_as_admin_and_succeed" file="/app/vendor/gammamatrix/playground-test/src/Feature/Http/Controllers/Resource/Playground/LockJsonTrait.php" line="66" class="Tests\Feature\Playground\Cms\Resource\Http\Controllers\Playground\PageRouteTest" classname="Tests.Feature.Playground.Cms.Resource.Http.Controllers.Playground.PageRouteTest" assertions="3" time="0.200536"/>
        <testcase name="test_json_lock_as_admin_and_succeed_with_no_redirect" file="/app/vendor/gammamatrix/playground-test/src/Feature/Http/Controllers/Resource/Playground/LockJsonTrait.php" line="98" class="Tests\Feature\Playground\Cms\Resource\Http\Controllers\Playground\PageRouteTest" classname="Tests.Feature.Playground.Cms.Resource.Http.Controllers.Playground.PageRouteTest" assertions="75" time="0.191627"/>
        <testcase name="test_json_lock_as_user_and_get_denied" file="/app/vendor/gammamatrix/playground-test/src/Feature/Http/Controllers/Resource/Playground/LockJsonTrait.php" line="143" class="Tests\Feature\Playground\Cms\Resource\Http\Controllers\Playground\PageRouteTest" classname="Tests.Feature.Playground.Cms.Resource.Http.Controllers.Playground.PageRouteTest" assertions="3" time="0.183369"/>
        <testcase name="test_guest_cannot_lock" file="/app/vendor/gammamatrix/playground-test/src/Feature/Http/Controllers/Resource/Playground/LockTrait.php" line="31" class="Tests\Feature\Playground\Cms\Resource\Http\Controllers\Playground\PageRouteTest" classname="Tests.Feature.Playground.Cms.Resource.Http.Controllers.Playground.PageRouteTest" assertions="3" time="0.177746"/>
        <testcase name="test_lock_as_admin_and_succeed" file="/app/vendor/gammamatrix/playground-test/src/Feature/Http/Controllers/Resource/Playground/LockTrait.php" line="61" class="Tests\Feature\Playground\Cms\Resource\Http\Controllers\Playground\PageRouteTest" classname="Tests.Feature.Playground.Cms.Resource.Http.Controllers.Playground.PageRouteTest" assertions="4" time="0.202320"/>
        <testcase name="test_lock_as_admin_and_succeed_with_redirect_to_index_with_sorted_by_locked_desc" file="/app/vendor/gammamatrix/playground-test/src/Feature/Http/Controllers/Resource/Playground/LockTrait.php" line="95" class="Tests\Feature\Playground\Cms\Resource\Http\Controllers\Playground\PageRouteTest" classname="Tests.Feature.Playground.Cms.Resource.Http.Controllers.Playground.PageRouteTest" assertions="4" time="0.190021"/>
        <testcase name="test_lock_as_user_and_get_denied" file="/app/vendor/gammamatrix/playground-test/src/Feature/Http/Controllers/Resource/Playground/LockTrait.php" line="132" class="Tests\Feature\Playground\Cms\Resource\Http\Controllers\Playground\PageRouteTest" classname="Tests.Feature.Playground.Cms.Resource.Http.Controllers.Playground.PageRouteTest" assertions="3" time="0.185080"/>
        <testcase name="test_json_guest_cannot_restore" file="/app/vendor/gammamatrix/playground-test/src/Feature/Http/Controllers/Resource/Playground/RestoreJsonTrait.php" line="32" class="Tests\Feature\Playground\Cms\Resource\Http\Controllers\Playground\PageRouteTest" classname="Tests.Feature.Playground.Cms.Resource.Http.Controllers.Playground.PageRouteTest" assertions="3" time="0.193877"/>
        <testcase name="test_json_restore_as_admin_and_succeed" file="/app/vendor/gammamatrix/playground-test/src/Feature/Http/Controllers/Resource/Playground/RestoreJsonTrait.php" line="64" class="Tests\Feature\Playground\Cms\Resource\Http\Controllers\Playground\PageRouteTest" classname="Tests.Feature.Playground.Cms.Resource.Http.Controllers.Playground.PageRouteTest" assertions="75" time="0.200032"/>
        <testcase name="test_json_restore_as_admin_and_succeed_with_no_redirect" file="/app/vendor/gammamatrix/playground-test/src/Feature/Http/Controllers/Resource/Playground/RestoreJsonTrait.php" line="100" class="Tests\Feature\Playground\Cms\Resource\Http\Controllers\Playground\PageRouteTest" classname="Tests.Feature.Playground.Cms.Resource.Http.Controllers.Playground.PageRouteTest" assertions="75" time="0.193144"/>
        <testcase name="test_json_restore_as_user_and_get_denied" file="/app/vendor/gammamatrix/playground-test/src/Feature/Http/Controllers/Resource/Playground/RestoreJsonTrait.php" line="143" class="Tests\Feature\Playground\Cms\Resource\Http\Controllers\Playground\PageRouteTest" classname="Tests.Feature.Playground.Cms.Resource.Http.Controllers.Playground.PageRouteTest" assertions="3" time="0.197154"/>
        <testcase name="test_json_guest_cannot_restore_revision" file="/app/vendor/gammamatrix/playground-test/src/Feature/Http/Controllers/Resource/Playground/RestoreRevisionJsonTrait.php" line="43" class="Tests\Feature\Playground\Cms\Resource\Http\Controllers\Playground\PageRouteTest" classname="Tests.Feature.Playground.Cms.Resource.Http.Controllers.Playground.PageRouteTest" assertions="3" time="0.190944"/>
        <testcase name="test_json_restore_revision_as_admin_and_succeed" file="/app/vendor/gammamatrix/playground-test/src/Feature/Http/Controllers/Resource/Playground/RestoreRevisionJsonTrait.php" line="79" class="Tests\Feature\Playground\Cms\Resource\Http\Controllers\Playground\PageRouteTest" classname="Tests.Feature.Playground.Cms.Resource.Http.Controllers.Playground.PageRouteTest" assertions="75" time="0.248631"/>
        <testcase name="test_json_restore_revision_as_admin_and_succeed_without_redirect" file="/app/vendor/gammamatrix/playground-test/src/Feature/Http/Controllers/Resource/Playground/RestoreRevisionJsonTrait.php" line="119" class="Tests\Feature\Playground\Cms\Resource\Http\Controllers\Playground\PageRouteTest" classname="Tests.Feature.Playground.Cms.Resource.Http.Controllers.Playground.PageRouteTest" assertions="75" time="0.249967"/>
        <testcase name="test_json_restore_revision_as_user_and_get_denied" file="/app/vendor/gammamatrix/playground-test/src/Feature/Http/Controllers/Resource/Playground/RestoreRevisionJsonTrait.php" line="171" class="Tests\Feature\Playground\Cms\Resource\Http\Controllers\Playground\PageRouteTest" classname="Tests.Feature.Playground.Cms.Resource.Http.Controllers.Playground.PageRouteTest" assertions="3" time="0.212933"/>
        <testcase name="test_guest_cannot_restore_revision" file="/app/vendor/gammamatrix/playground-test/src/Feature/Http/Controllers/Resource/Playground/RestoreRevisionTrait.php" line="38" class="Tests\Feature\Playground\Cms\Resource\Http\Controllers\Playground\PageRouteTest" classname="Tests.Feature.Playground.Cms.Resource.Http.Controllers.Playground.PageRouteTest" assertions="3" time="0.186820"/>
        <testcase name="test_restore_revision_as_admin_and_succeed" file="/app/vendor/gammamatrix/playground-test/src/Feature/Http/Controllers/Resource/Playground/RestoreRevisionTrait.php" line="74" class="Tests\Feature\Playground\Cms\Resource\Http\Controllers\Playground\PageRouteTest" classname="Tests.Feature.Playground.Cms.Resource.Http.Controllers.Playground.PageRouteTest" assertions="4" time="0.253703"/>
        <testcase name="test_restore_revision_as_admin_and_succeed_with_redirect_to_index_with_only_trash" file="/app/vendor/gammamatrix/playground-test/src/Feature/Http/Controllers/Resource/Playground/RestoreRevisionTrait.php" line="114" class="Tests\Feature\Playground\Cms\Resource\Http\Controllers\Playground\PageRouteTest" classname="Tests.Feature.Playground.Cms.Resource.Http.Controllers.Playground.PageRouteTest" assertions="4" time="0.309324"/>
        <testcase name="test_restore_revision_as_user_and_get_denied" file="/app/vendor/gammamatrix/playground-test/src/Feature/Http/Controllers/Resource/Playground/RestoreRevisionTrait.php" line="164" class="Tests\Feature\Playground\Cms\Resource\Http\Controllers\Playground\PageRouteTest" classname="Tests.Feature.Playground.Cms.Resource.Http.Controllers.Playground.PageRouteTest" assertions="3" time="0.197291"/>
        <testcase name="test_guest_cannot_restore" file="/app/vendor/gammamatrix/playground-test/src/Feature/Http/Controllers/Resource/Playground/RestoreTrait.php" line="32" class="Tests\Feature\Playground\Cms\Resource\Http\Controllers\Playground\PageRouteTest" classname="Tests.Feature.Playground.Cms.Resource.Http.Controllers.Playground.PageRouteTest" assertions="3" time="0.180575"/>
        <testcase name="test_restore_as_admin_and_succeed" file="/app/vendor/gammamatrix/playground-test/src/Feature/Http/Controllers/Resource/Playground/RestoreTrait.php" line="64" class="Tests\Feature\Playground\Cms\Resource\Http\Controllers\Playground\PageRouteTest" classname="Tests.Feature.Playground.Cms.Resource.Http.Controllers.Playground.PageRouteTest" assertions="4" time="0.192459"/>
        <testcase name="test_restore_as_admin_and_succeed_with_redirect_to_index_with_only_trash" file="/app/vendor/gammamatrix/playground-test/src/Feature/Http/Controllers/Resource/Playground/RestoreTrait.php" line="100" class="Tests\Feature\Playground\Cms\Resource\Http\Controllers\Playground\PageRouteTest" classname="Tests.Feature.Playground.Cms.Resource.Http.Controllers.Playground.PageRouteTest" assertions="4" time="0.196811"/>
        <testcase name="test_restore_as_user_and_get_denied" file="/app/vendor/gammamatrix/playground-test/src/Feature/Http/Controllers/Resource/Playground/RestoreTrait.php" line="146" class="Tests\Feature\Playground\Cms\Resource\Http\Controllers\Playground\PageRouteTest" classname="Tests.Feature.Playground.Cms.Resource.Http.Controllers.Playground.PageRouteTest" assertions="3" time="0.188140"/>
        <testcase name="test_json_guest_cannot_render_revision_view" file="/app/vendor/gammamatrix/playground-test/src/Feature/Http/Controllers/Resource/Playground/RevisionJsonTrait.php" line="38" class="Tests\Feature\Playground\Cms\Resource\Http\Controllers\Playground\PageRouteTest" classname="Tests.Feature.Playground.Cms.Resource.Http.Controllers.Playground.PageRouteTest" assertions="2" time="0.187815"/>
        <testcase name="test_json_admin_can_get_revision_info" file="/app/vendor/gammamatrix/playground-test/src/Feature/Http/Controllers/Resource/Playground/RevisionJsonTrait.php" line="69" class="Tests\Feature\Playground\Cms\Resource\Http\Controllers\Playground\PageRouteTest" classname="Tests.Feature.Playground.Cms.Resource.Http.Controllers.Playground.PageRouteTest" assertions="74" time="0.215425"/>
        <testcase name="test_json_guest_cannot_get_revisions" file="/app/vendor/gammamatrix/playground-test/src/Feature/Http/Controllers/Resource/Playground/RevisionsJsonTrait.php" line="34" class="Tests\Feature\Playground\Cms\Resource\Http\Controllers\Playground\PageRouteTest" classname="Tests.Feature.Playground.Cms.Resource.Http.Controllers.Playground.PageRouteTest" assertions="2" time="0.203614"/>
        <testcase name="test_json_admin_can_get_revisions" file="/app/vendor/gammamatrix/playground-test/src/Feature/Http/Controllers/Resource/Playground/RevisionsJsonTrait.php" line="63" class="Tests\Feature\Playground\Cms\Resource\Http\Controllers\Playground\PageRouteTest" classname="Tests.Feature.Playground.Cms.Resource.Http.Controllers.Playground.PageRouteTest" assertions="2" time="0.208751"/>
        <testcase name="test_json_admin_can_get_revisions_with_filters" file="/app/vendor/gammamatrix/playground-test/src/Feature/Http/Controllers/Resource/Playground/RevisionsJsonTrait.php" line="104" class="Tests\Feature\Playground\Cms\Resource\Http\Controllers\Playground\PageRouteTest" classname="Tests.Feature.Playground.Cms.Resource.Http.Controllers.Playground.PageRouteTest" assertions="81" time="0.217350"/>
        <testcase name="test_guest_cannot_render_revisions_view" file="/app/vendor/gammamatrix/playground-test/src/Feature/Http/Controllers/Resource/Playground/RevisionsTrait.php" line="34" class="Tests\Feature\Playground\Cms\Resource\Http\Controllers\Playground\PageRouteTest" classname="Tests.Feature.Playground.Cms.Resource.Http.Controllers.Playground.PageRouteTest" assertions="2" time="0.194981"/>
        <testcase name="test_admin_can_render_revisions_view" file="/app/vendor/gammamatrix/playground-test/src/Feature/Http/Controllers/Resource/Playground/RevisionsTrait.php" line="63" class="Tests\Feature\Playground\Cms\Resource\Http\Controllers\Playground\PageRouteTest" classname="Tests.Feature.Playground.Cms.Resource.Http.Controllers.Playground.PageRouteTest" assertions="2" time="0.247374"/>
        <testcase name="test_admin_can_render_revisions_view_with_filters" file="/app/vendor/gammamatrix/playground-test/src/Feature/Http/Controllers/Resource/Playground/RevisionsTrait.php" line="104" class="Tests\Feature\Playground\Cms\Resource\Http\Controllers\Playground\PageRouteTest" classname="Tests.Feature.Playground.Cms.Resource.Http.Controllers.Playground.PageRouteTest" assertions="3" time="0.235791"/>
        <testcase name="test_guest_cannot_render_revision_view" file="/app/vendor/gammamatrix/playground-test/src/Feature/Http/Controllers/Resource/Playground/RevisionTrait.php" line="38" class="Tests\Feature\Playground\Cms\Resource\Http\Controllers\Playground\PageRouteTest" classname="Tests.Feature.Playground.Cms.Resource.Http.Controllers.Playground.PageRouteTest" assertions="2" time="0.191231"/>
        <testcase name="test_revision_view_rendered_by_admin" file="/app/vendor/gammamatrix/playground-test/src/Feature/Http/Controllers/Resource/Playground/RevisionTrait.php" line="69" class="Tests\Feature\Playground\Cms\Resource\Http\Controllers\Playground\PageRouteTest" classname="Tests.Feature.Playground.Cms.Resource.Http.Controllers.Playground.PageRouteTest" assertions="2" time="0.233225"/>
        <testcase name="test_json_guest_cannot_see_info" file="/app/vendor/gammamatrix/playground-test/src/Feature/Http/Controllers/Resource/Playground/ShowJsonTrait.php" line="29" class="Tests\Feature\Playground\Cms\Resource\Http\Controllers\Playground\PageRouteTest" classname="Tests.Feature.Playground.Cms.Resource.Http.Controllers.Playground.PageRouteTest" assertions="1" time="0.201658"/>
        <testcase name="test_json_show_info_for_admin" file="/app/vendor/gammamatrix/playground-test/src/Feature/Http/Controllers/Resource/Playground/ShowJsonTrait.php" line="49" class="Tests\Feature\Playground\Cms\Resource\Http\Controllers\Playground\PageRouteTest" classname="Tests.Feature.Playground.Cms.Resource.Http.Controllers.Playground.PageRouteTest" assertions="74" time="0.195140"/>
        <testcase name="test_guest_cannot_render_show_view" file="/app/vendor/gammamatrix/playground-test/src/Feature/Http/Controllers/Resource/Playground/ShowTrait.php" line="29" class="Tests\Feature\Playground\Cms\Resource\Http\Controllers\Playground\PageRouteTest" classname="Tests.Feature.Playground.Cms.Resource.Http.Controllers.Playground.PageRouteTest" assertions="1" time="0.183499"/>
        <testcase name="test_show_view_rendered_by_admin" file="/app/vendor/gammamatrix/playground-test/src/Feature/Http/Controllers/Resource/Playground/ShowTrait.php" line="49" class="Tests\Feature\Playground\Cms\Resource\Http\Controllers\Playground\PageRouteTest" classname="Tests.Feature.Playground.Cms.Resource.Http.Controllers.Playground.PageRouteTest" assertions="2" time="0.213773"/>
        <testcase name="test_json_guest_cannot_store" file="/app/vendor/gammamatrix/playground-test/src/Feature/Http/Controllers/Resource/Playground/StoreJsonTrait.php" line="43" class="Tests\Feature\Playground\Cms\Resource\Http\Controllers\Playground\PageRouteTest" classname="Tests.Feature.Playground.Cms.Resource.Http.Controllers.Playground.PageRouteTest" assertions="3" time="0.178020"/>
        <testcase name="test_json_store_as_admin_without_payload_and_fail_validation" file="/app/vendor/gammamatrix/playground-test/src/Feature/Http/Controllers/Resource/Playground/StoreJsonTrait.php" line="66" class="Tests\Feature\Playground\Cms\Resource\Http\Controllers\Playground\PageRouteTest" classname="Tests.Feature.Playground.Cms.Resource.Http.Controllers.Playground.PageRouteTest" assertions="5" time="0.201298"/>
        <testcase name="test_json_store_as_admin_and_succeed" file="/app/vendor/gammamatrix/playground-test/src/Feature/Http/Controllers/Resource/Playground/StoreJsonTrait.php" line="92" class="Tests\Feature\Playground\Cms\Resource\Http\Controllers\Playground\PageRouteTest" classname="Tests.Feature.Playground.Cms.Resource.Http.Controllers.Playground.PageRouteTest" assertions="3" time="0.215855"/>
        <testcase name="test_guest_cannot_store" file="/app/vendor/gammamatrix/playground-test/src/Feature/Http/Controllers/Resource/Playground/StoreTrait.php" line="38" class="Tests\Feature\Playground\Cms\Resource\Http\Controllers\Playground\PageRouteTest" classname="Tests.Feature.Playground.Cms.Resource.Http.Controllers.Playground.PageRouteTest" assertions="3" time="0.185910"/>
        <testcase name="test_store_as_admin_without_payload_and_fail_validation" file="/app/vendor/gammamatrix/playground-test/src/Feature/Http/Controllers/Resource/Playground/StoreTrait.php" line="61" class="Tests\Feature\Playground\Cms\Resource\Http\Controllers\Playground\PageRouteTest" classname="Tests.Feature.Playground.Cms.Resource.Http.Controllers.Playground.PageRouteTest" assertions="5" time="0.188203"/>
        <testcase name="test_store_as_admin_and_succeed" file="/app/vendor/gammamatrix/playground-test/src/Feature/Http/Controllers/Resource/Playground/StoreTrait.php" line="90" class="Tests\Feature\Playground\Cms\Resource\Http\Controllers\Playground\PageRouteTest" classname="Tests.Feature.Playground.Cms.Resource.Http.Controllers.Playground.PageRouteTest" assertions="4" time="0.221333"/>
        <testcase name="test_store_as_admin_and_succeed_with_return_url" file="/app/vendor/gammamatrix/playground-test/src/Feature/Http/Controllers/Resource/Playground/StoreTrait.php" line="135" class="Tests\Feature\Playground\Cms\Resource\Http\Controllers\Playground\PageRouteTest" classname="Tests.Feature.Playground.Cms.Resource.Http.Controllers.Playground.PageRouteTest" assertions="4" time="0.227647"/>
        <testcase name="test_json_guest_cannot_unlock" file="/app/vendor/gammamatrix/playground-test/src/Feature/Http/Controllers/Resource/Playground/UnlockJsonTrait.php" line="36" class="Tests\Feature\Playground\Cms\Resource\Http\Controllers\Playground\PageRouteTest" classname="Tests.Feature.Playground.Cms.Resource.Http.Controllers.Playground.PageRouteTest" assertions="3" time="0.185177"/>
        <testcase name="test_json_unlock_as_admin_and_succeed" file="/app/vendor/gammamatrix/playground-test/src/Feature/Http/Controllers/Resource/Playground/UnlockJsonTrait.php" line="68" class="Tests\Feature\Playground\Cms\Resource\Http\Controllers\Playground\PageRouteTest" classname="Tests.Feature.Playground.Cms.Resource.Http.Controllers.Playground.PageRouteTest" assertions="75" time="0.201411"/>
        <testcase name="test_json_unlock_as_admin_and_succeed_with_no_redirect" file="/app/vendor/gammamatrix/playground-test/src/Feature/Http/Controllers/Resource/Playground/UnlockJsonTrait.php" line="104" class="Tests\Feature\Playground\Cms\Resource\Http\Controllers\Playground\PageRouteTest" classname="Tests.Feature.Playground.Cms.Resource.Http.Controllers.Playground.PageRouteTest" assertions="75" time="0.203615"/>
        <testcase name="test_json_unlock_as_user_and_get_denied" file="/app/vendor/gammamatrix/playground-test/src/Feature/Http/Controllers/Resource/Playground/UnlockJsonTrait.php" line="145" class="Tests\Feature\Playground\Cms\Resource\Http\Controllers\Playground\PageRouteTest" classname="Tests.Feature.Playground.Cms.Resource.Http.Controllers.Playground.PageRouteTest" assertions="3" time="0.202336"/>
        <testcase name="test_guest_cannot_unlock" file="/app/vendor/gammamatrix/playground-test/src/Feature/Http/Controllers/Resource/Playground/UnlockTrait.php" line="36" class="Tests\Feature\Playground\Cms\Resource\Http\Controllers\Playground\PageRouteTest" classname="Tests.Feature.Playground.Cms.Resource.Http.Controllers.Playground.PageRouteTest" assertions="3" time="0.196139"/>
        <testcase name="test_unlock_as_admin_and_succeed" file="/app/vendor/gammamatrix/playground-test/src/Feature/Http/Controllers/Resource/Playground/UnlockTrait.php" line="68" class="Tests\Feature\Playground\Cms\Resource\Http\Controllers\Playground\PageRouteTest" classname="Tests.Feature.Playground.Cms.Resource.Http.Controllers.Playground.PageRouteTest" assertions="4" time="0.198007"/>
        <testcase name="test_unlock_as_admin_and_succeed_with_redirect_to_index_with_sorted_by_unlocked_desc" file="/app/vendor/gammamatrix/playground-test/src/Feature/Http/Controllers/Resource/Playground/UnlockTrait.php" line="109" class="Tests\Feature\Playground\Cms\Resource\Http\Controllers\Playground\PageRouteTest" classname="Tests.Feature.Playground.Cms.Resource.Http.Controllers.Playground.PageRouteTest" assertions="4" time="0.198375"/>
        <testcase name="test_unlock_as_user_and_get_denied" file="/app/vendor/gammamatrix/playground-test/src/Feature/Http/Controllers/Resource/Playground/UnlockTrait.php" line="148" class="Tests\Feature\Playground\Cms\Resource\Http\Controllers\Playground\PageRouteTest" classname="Tests.Feature.Playground.Cms.Resource.Http.Controllers.Playground.PageRouteTest" assertions="3" time="0.209765"/>
        <testcase name="test_json_guest_cannot_update" file="/app/vendor/gammamatrix/playground-test/src/Feature/Http/Controllers/Resource/Playground/UpdateJsonTrait.php" line="45" class="Tests\Feature\Playground\Cms\Resource\Http\Controllers\Playground\PageRouteTest" classname="Tests.Feature.Playground.Cms.Resource.Http.Controllers.Playground.PageRouteTest" assertions="1" time="0.183423"/>
        <testcase name="test_json_update_as_admin_without_payload_and_fail_validation" file="/app/vendor/gammamatrix/playground-test/src/Feature/Http/Controllers/Resource/Playground/UpdateJsonTrait.php" line="65" class="Tests\Feature\Playground\Cms\Resource\Http\Controllers\Playground\PageRouteTest" classname="Tests.Feature.Playground.Cms.Resource.Http.Controllers.Playground.PageRouteTest" assertions="4" time="0.215840"/>
        <testcase name="test_json_admin_can_update" file="/app/vendor/gammamatrix/playground-test/src/Feature/Http/Controllers/Resource/Playground/UpdateJsonTrait.php" line="90" class="Tests\Feature\Playground\Cms\Resource\Http\Controllers\Playground\PageRouteTest" classname="Tests.Feature.Playground.Cms.Resource.Http.Controllers.Playground.PageRouteTest" assertions="77" time="0.307638"/>
        <testcase name="test_guest_cannot_update" file="/app/vendor/gammamatrix/playground-test/src/Feature/Http/Controllers/Resource/Playground/UpdateTrait.php" line="45" class="Tests\Feature\Playground\Cms\Resource\Http\Controllers\Playground\PageRouteTest" classname="Tests.Feature.Playground.Cms.Resource.Http.Controllers.Playground.PageRouteTest" assertions="1" time="0.185279"/>
        <testcase name="test_update_as_admin_without_payload_and_fail_validation" file="/app/vendor/gammamatrix/playground-test/src/Feature/Http/Controllers/Resource/Playground/UpdateTrait.php" line="65" class="Tests\Feature\Playground\Cms\Resource\Http\Controllers\Playground\PageRouteTest" classname="Tests.Feature.Playground.Cms.Resource.Http.Controllers.Playground.PageRouteTest" assertions="4" time="0.198614"/>
        <testcase name="test_admin_can_update" file="/app/vendor/gammamatrix/playground-test/src/Feature/Http/Controllers/Resource/Playground/UpdateTrait.php" line="90" class="Tests\Feature\Playground\Cms\Resource\Http\Controllers\Playground\PageRouteTest" classname="Tests.Feature.Playground.Cms.Resource.Http.Controllers.Playground.PageRouteTest" assertions="6" time="0.252806"/>
        <testcase name="test_admin_can_update_view_with_return_url" file="/app/vendor/gammamatrix/playground-test/src/Feature/Http/Controllers/Resource/Playground/UpdateTrait.php" line="133" class="Tests\Feature\Playground\Cms\Resource\Http\Controllers\Playground\PageRouteTest" classname="Tests.Feature.Playground.Cms.Resource.Http.Controllers.Playground.PageRouteTest" assertions="6" time="0.296868"/>
      </testsuite>
      <testsuite name="Tests\Feature\Playground\Cms\Resource\Http\Controllers\Playground\SnippetRouteTest" file="/app/vendor/gammamatrix/playground-cms-resource/tests/Feature/Http/Controllers/Playground/SnippetRouteTest.php" tests="91" assertions="1227" errors="0" failures="0" skipped="0" time="18.247012">
        <testcase name="test_json_guest_cannot_get_create_info" file="/app/vendor/gammamatrix/playground-test/src/Feature/Http/Controllers/Resource/Playground/CreateJsonTrait.php" line="38" class="Tests\Feature\Playground\Cms\Resource\Http\Controllers\Playground\SnippetRouteTest" classname="Tests.Feature.Playground.Cms.Resource.Http.Controllers.Playground.SnippetRouteTest" assertions="1" time="0.159641"/>
        <testcase name="test_json_admin_can_get_create_info" file="/app/vendor/gammamatrix/playground-test/src/Feature/Http/Controllers/Resource/Playground/CreateJsonTrait.php" line="53" class="Tests\Feature\Playground\Cms\Resource\Http\Controllers\Playground\SnippetRouteTest" classname="Tests.Feature.Playground.Cms.Resource.Http.Controllers.Playground.SnippetRouteTest" assertions="73" time="0.176886"/>
        <testcase name="test_json_get_create_info_as_admin_with_invalid_parameter_and_fail_validation" file="/app/vendor/gammamatrix/playground-test/src/Feature/Http/Controllers/Resource/Playground/CreateJsonTrait.php" line="73" class="Tests\Feature\Playground\Cms\Resource\Http\Controllers\Playground\SnippetRouteTest" classname="Tests.Feature.Playground.Cms.Resource.Http.Controllers.Playground.SnippetRouteTest" assertions="4" time="0.174746"/>
        <testcase name="test_guest_cannot_render_create_view" file="/app/vendor/gammamatrix/playground-test/src/Feature/Http/Controllers/Resource/Playground/CreateTrait.php" line="33" class="Tests\Feature\Playground\Cms\Resource\Http\Controllers\Playground\SnippetRouteTest" classname="Tests.Feature.Playground.Cms.Resource.Http.Controllers.Playground.SnippetRouteTest" assertions="1" time="0.158886"/>
        <testcase name="test_admin_can_render_create_view" file="/app/vendor/gammamatrix/playground-test/src/Feature/Http/Controllers/Resource/Playground/CreateTrait.php" line="47" class="Tests\Feature\Playground\Cms\Resource\Http\Controllers\Playground\SnippetRouteTest" classname="Tests.Feature.Playground.Cms.Resource.Http.Controllers.Playground.SnippetRouteTest" assertions="2" time="0.236312"/>
        <testcase name="test_admin_can_render_create_view_with_return_url" file="/app/vendor/gammamatrix/playground-test/src/Feature/Http/Controllers/Resource/Playground/CreateTrait.php" line="65" class="Tests\Feature\Playground\Cms\Resource\Http\Controllers\Playground\SnippetRouteTest" classname="Tests.Feature.Playground.Cms.Resource.Http.Controllers.Playground.SnippetRouteTest" assertions="3" time="0.202971"/>
        <testcase name="test_create_view_as_admin_with_invalid_parameter_and_fail_validation_and_redirect" file="/app/vendor/gammamatrix/playground-test/src/Feature/Http/Controllers/Resource/Playground/CreateTrait.php" line="92" class="Tests\Feature\Playground\Cms\Resource\Http\Controllers\Playground\SnippetRouteTest" classname="Tests.Feature.Playground.Cms.Resource.Http.Controllers.Playground.SnippetRouteTest" assertions="5" time="0.174903"/>
        <testcase name="test_json_guest_cannot_destroy" file="/app/vendor/gammamatrix/playground-test/src/Feature/Http/Controllers/Resource/Playground/DestroyJsonTrait.php" line="31" class="Tests\Feature\Playground\Cms\Resource\Http\Controllers\Playground\SnippetRouteTest" classname="Tests.Feature.Playground.Cms.Resource.Http.Controllers.Playground.SnippetRouteTest" assertions="3" time="0.168385"/>
        <testcase name="test_json_destroy_as_admin_and_succeed" file="/app/vendor/gammamatrix/playground-test/src/Feature/Http/Controllers/Resource/Playground/DestroyJsonTrait.php" line="61" class="Tests\Feature\Playground\Cms\Resource\Http\Controllers\Playground\SnippetRouteTest" classname="Tests.Feature.Playground.Cms.Resource.Http.Controllers.Playground.SnippetRouteTest" assertions="5" time="0.188432"/>
        <testcase name="test_json_destroy_as_admin_and_succeed_with_force_delete" file="/app/vendor/gammamatrix/playground-test/src/Feature/Http/Controllers/Resource/Playground/DestroyJsonTrait.php" line="100" class="Tests\Feature\Playground\Cms\Resource\Http\Controllers\Playground\SnippetRouteTest" classname="Tests.Feature.Playground.Cms.Resource.Http.Controllers.Playground.SnippetRouteTest" assertions="4" time="0.194904"/>
        <testcase name="test_json_destroy_as_admin_and_succeed_with_no_content" file="/app/vendor/gammamatrix/playground-test/src/Feature/Http/Controllers/Resource/Playground/DestroyJsonTrait.php" line="132" class="Tests\Feature\Playground\Cms\Resource\Http\Controllers\Playground\SnippetRouteTest" classname="Tests.Feature.Playground.Cms.Resource.Http.Controllers.Playground.SnippetRouteTest" assertions="5" time="0.179072"/>
        <testcase name="test_json_destroy_as_admin_and_succeed_and_ignore_redirect" file="/app/vendor/gammamatrix/playground-test/src/Feature/Http/Controllers/Resource/Playground/DestroyJsonTrait.php" line="167" class="Tests\Feature\Playground\Cms\Resource\Http\Controllers\Playground\SnippetRouteTest" classname="Tests.Feature.Playground.Cms.Resource.Http.Controllers.Playground.SnippetRouteTest" assertions="5" time="0.180979"/>
        <testcase name="test_json_destroy_as_user_and_get_denied_and_no_force_delete_allowed" file="/app/vendor/gammamatrix/playground-test/src/Feature/Http/Controllers/Resource/Playground/DestroyJsonTrait.php" line="209" class="Tests\Feature\Playground\Cms\Resource\Http\Controllers\Playground\SnippetRouteTest" classname="Tests.Feature.Playground.Cms.Resource.Http.Controllers.Playground.SnippetRouteTest" assertions="3" time="0.185222"/>
        <testcase name="test_guest_cannot_destroy" file="/app/vendor/gammamatrix/playground-test/src/Feature/Http/Controllers/Resource/Playground/DestroyTrait.php" line="31" class="Tests\Feature\Playground\Cms\Resource\Http\Controllers\Playground\SnippetRouteTest" classname="Tests.Feature.Playground.Cms.Resource.Http.Controllers.Playground.SnippetRouteTest" assertions="3" time="0.172229"/>
        <testcase name="test_destroy_as_admin_and_succeed" file="/app/vendor/gammamatrix/playground-test/src/Feature/Http/Controllers/Resource/Playground/DestroyTrait.php" line="61" class="Tests\Feature\Playground\Cms\Resource\Http\Controllers\Playground\SnippetRouteTest" classname="Tests.Feature.Playground.Cms.Resource.Http.Controllers.Playground.SnippetRouteTest" assertions="5" time="0.180293"/>
        <testcase name="test_destroy_as_admin_and_succeed_with_force_delete" file="/app/vendor/gammamatrix/playground-test/src/Feature/Http/Controllers/Resource/Playground/DestroyTrait.php" line="97" class="Tests\Feature\Playground\Cms\Resource\Http\Controllers\Playground\SnippetRouteTest" classname="Tests.Feature.Playground.Cms.Resource.Http.Controllers.Playground.SnippetRouteTest" assertions="4" time="0.191859"/>
        <testcase name="test_destroy_as_admin_and_succeed_with_redirect_to_index_with_trash" file="/app/vendor/gammamatrix/playground-test/src/Feature/Http/Controllers/Resource/Playground/DestroyTrait.php" line="129" class="Tests\Feature\Playground\Cms\Resource\Http\Controllers\Playground\SnippetRouteTest" classname="Tests.Feature.Playground.Cms.Resource.Http.Controllers.Playground.SnippetRouteTest" assertions="5" time="0.189211"/>
        <testcase name="test_destroy_as_user_and_get_denied_and_no_force_delete_allowed" file="/app/vendor/gammamatrix/playground-test/src/Feature/Http/Controllers/Resource/Playground/DestroyTrait.php" line="171" class="Tests\Feature\Playground\Cms\Resource\Http\Controllers\Playground\SnippetRouteTest" classname="Tests.Feature.Playground.Cms.Resource.Http.Controllers.Playground.SnippetRouteTest" assertions="3" time="0.180683"/>
        <testcase name="test_json_guest_cannot_get_edit_info" file="/app/vendor/gammamatrix/playground-test/src/Feature/Http/Controllers/Resource/Playground/EditJsonTrait.php" line="38" class="Tests\Feature\Playground\Cms\Resource\Http\Controllers\Playground\SnippetRouteTest" classname="Tests.Feature.Playground.Cms.Resource.Http.Controllers.Playground.SnippetRouteTest" assertions="1" time="0.179590"/>
        <testcase name="test_json_admin_can_get_edit_info" file="/app/vendor/gammamatrix/playground-test/src/Feature/Http/Controllers/Resource/Playground/EditJsonTrait.php" line="58" class="Tests\Feature\Playground\Cms\Resource\Http\Controllers\Playground\SnippetRouteTest" classname="Tests.Feature.Playground.Cms.Resource.Http.Controllers.Playground.SnippetRouteTest" assertions="4" time="0.190771"/>
        <testcase name="test_json_edit_as_admin_and_fail_validation_with_invalid_parameter" file="/app/vendor/gammamatrix/playground-test/src/Feature/Http/Controllers/Resource/Playground/EditJsonTrait.php" line="87" class="Tests\Feature\Playground\Cms\Resource\Http\Controllers\Playground\SnippetRouteTest" classname="Tests.Feature.Playground.Cms.Resource.Http.Controllers.Playground.SnippetRouteTest" assertions="4" time="0.204939"/>
        <testcase name="test_guest_cannot_render_edit_view" file="/app/vendor/gammamatrix/playground-test/src/Feature/Http/Controllers/Resource/Playground/EditTrait.php" line="33" class="Tests\Feature\Playground\Cms\Resource\Http\Controllers\Playground\SnippetRouteTest" classname="Tests.Feature.Playground.Cms.Resource.Http.Controllers.Playground.SnippetRouteTest" assertions="1" time="0.172706"/>
        <testcase name="test_admin_can_render_edit_view" file="/app/vendor/gammamatrix/playground-test/src/Feature/Http/Controllers/Resource/Playground/EditTrait.php" line="53" class="Tests\Feature\Playground\Cms\Resource\Http\Controllers\Playground\SnippetRouteTest" classname="Tests.Feature.Playground.Cms.Resource.Http.Controllers.Playground.SnippetRouteTest" assertions="2" time="0.210888"/>
        <testcase name="test_admin_can_render_edit_view_with_return_url" file="/app/vendor/gammamatrix/playground-test/src/Feature/Http/Controllers/Resource/Playground/EditTrait.php" line="77" class="Tests\Feature\Playground\Cms\Resource\Http\Controllers\Playground\SnippetRouteTest" classname="Tests.Feature.Playground.Cms.Resource.Http.Controllers.Playground.SnippetRouteTest" assertions="3" time="0.210119"/>
        <testcase name="test_edit_view_as_admin_with_invalid_parameter_and_fail_validation_and_redirect" file="/app/vendor/gammamatrix/playground-test/src/Feature/Http/Controllers/Resource/Playground/EditTrait.php" line="109" class="Tests\Feature\Playground\Cms\Resource\Http\Controllers\Playground\SnippetRouteTest" classname="Tests.Feature.Playground.Cms.Resource.Http.Controllers.Playground.SnippetRouteTest" assertions="4" time="0.191540"/>
        <testcase name="test_json_guest_cannot_get_index" file="/app/vendor/gammamatrix/playground-test/src/Feature/Http/Controllers/Resource/Playground/IndexJsonTrait.php" line="34" class="Tests\Feature\Playground\Cms\Resource\Http\Controllers\Playground\SnippetRouteTest" classname="Tests.Feature.Playground.Cms.Resource.Http.Controllers.Playground.SnippetRouteTest" assertions="1" time="0.182333"/>
        <testcase name="test_json_admin_can_get_index" file="/app/vendor/gammamatrix/playground-test/src/Feature/Http/Controllers/Resource/Playground/IndexJsonTrait.php" line="49" class="Tests\Feature\Playground\Cms\Resource\Http\Controllers\Playground\SnippetRouteTest" classname="Tests.Feature.Playground.Cms.Resource.Http.Controllers.Playground.SnippetRouteTest" assertions="80" time="0.202256"/>
        <testcase name="test_json_admin_can_get_index_with_filters" file="/app/vendor/gammamatrix/playground-test/src/Feature/Http/Controllers/Resource/Playground/IndexJsonTrait.php" line="85" class="Tests\Feature\Playground\Cms\Resource\Http\Controllers\Playground\SnippetRouteTest" classname="Tests.Feature.Playground.Cms.Resource.Http.Controllers.Playground.SnippetRouteTest" assertions="3" time="0.195404"/>
        <testcase name="test_guest_cannot_render_index_view" file="/app/vendor/gammamatrix/playground-test/src/Feature/Http/Controllers/Resource/Playground/IndexTrait.php" line="29" class="Tests\Feature\Playground\Cms\Resource\Http\Controllers\Playground\SnippetRouteTest" classname="Tests.Feature.Playground.Cms.Resource.Http.Controllers.Playground.SnippetRouteTest" assertions="1" time="0.174952"/>
        <testcase name="test_admin_can_render_index_view" file="/app/vendor/gammamatrix/playground-test/src/Feature/Http/Controllers/Resource/Playground/IndexTrait.php" line="44" class="Tests\Feature\Playground\Cms\Resource\Http\Controllers\Playground\SnippetRouteTest" classname="Tests.Feature.Playground.Cms.Resource.Http.Controllers.Playground.SnippetRouteTest" assertions="2" time="0.217377"/>
        <testcase name="test_admin_can_render_index_view_with_filters" file="/app/vendor/gammamatrix/playground-test/src/Feature/Http/Controllers/Resource/Playground/IndexTrait.php" line="77" class="Tests\Feature\Playground\Cms\Resource\Http\Controllers\Playground\SnippetRouteTest" classname="Tests.Feature.Playground.Cms.Resource.Http.Controllers.Playground.SnippetRouteTest" assertions="3" time="0.231383"/>
        <testcase name="test_json_guest_cannot_lock" file="/app/vendor/gammamatrix/playground-test/src/Feature/Http/Controllers/Resource/Playground/LockJsonTrait.php" line="36" class="Tests\Feature\Playground\Cms\Resource\Http\Controllers\Playground\SnippetRouteTest" classname="Tests.Feature.Playground.Cms.Resource.Http.Controllers.Playground.SnippetRouteTest" assertions="3" time="0.172161"/>
        <testcase name="test_json_lock_as_admin_and_succeed" file="/app/vendor/gammamatrix/playground-test/src/Feature/Http/Controllers/Resource/Playground/LockJsonTrait.php" line="66" class="Tests\Feature\Playground\Cms\Resource\Http\Controllers\Playground\SnippetRouteTest" classname="Tests.Feature.Playground.Cms.Resource.Http.Controllers.Playground.SnippetRouteTest" assertions="3" time="0.195036"/>
        <testcase name="test_json_lock_as_admin_and_succeed_with_no_redirect" file="/app/vendor/gammamatrix/playground-test/src/Feature/Http/Controllers/Resource/Playground/LockJsonTrait.php" line="98" class="Tests\Feature\Playground\Cms\Resource\Http\Controllers\Playground\SnippetRouteTest" classname="Tests.Feature.Playground.Cms.Resource.Http.Controllers.Playground.SnippetRouteTest" assertions="75" time="0.190787"/>
        <testcase name="test_json_lock_as_user_and_get_denied" file="/app/vendor/gammamatrix/playground-test/src/Feature/Http/Controllers/Resource/Playground/LockJsonTrait.php" line="143" class="Tests\Feature\Playground\Cms\Resource\Http\Controllers\Playground\SnippetRouteTest" classname="Tests.Feature.Playground.Cms.Resource.Http.Controllers.Playground.SnippetRouteTest" assertions="3" time="0.187589"/>
        <testcase name="test_guest_cannot_lock" file="/app/vendor/gammamatrix/playground-test/src/Feature/Http/Controllers/Resource/Playground/LockTrait.php" line="31" class="Tests\Feature\Playground\Cms\Resource\Http\Controllers\Playground\SnippetRouteTest" classname="Tests.Feature.Playground.Cms.Resource.Http.Controllers.Playground.SnippetRouteTest" assertions="3" time="0.184377"/>
        <testcase name="test_lock_as_admin_and_succeed" file="/app/vendor/gammamatrix/playground-test/src/Feature/Http/Controllers/Resource/Playground/LockTrait.php" line="61" class="Tests\Feature\Playground\Cms\Resource\Http\Controllers\Playground\SnippetRouteTest" classname="Tests.Feature.Playground.Cms.Resource.Http.Controllers.Playground.SnippetRouteTest" assertions="4" time="0.206597"/>
        <testcase name="test_lock_as_admin_and_succeed_with_redirect_to_index_with_sorted_by_locked_desc" file="/app/vendor/gammamatrix/playground-test/src/Feature/Http/Controllers/Resource/Playground/LockTrait.php" line="95" class="Tests\Feature\Playground\Cms\Resource\Http\Controllers\Playground\SnippetRouteTest" classname="Tests.Feature.Playground.Cms.Resource.Http.Controllers.Playground.SnippetRouteTest" assertions="4" time="0.189385"/>
        <testcase name="test_lock_as_user_and_get_denied" file="/app/vendor/gammamatrix/playground-test/src/Feature/Http/Controllers/Resource/Playground/LockTrait.php" line="132" class="Tests\Feature\Playground\Cms\Resource\Http\Controllers\Playground\SnippetRouteTest" classname="Tests.Feature.Playground.Cms.Resource.Http.Controllers.Playground.SnippetRouteTest" assertions="3" time="0.186097"/>
        <testcase name="test_json_guest_cannot_restore" file="/app/vendor/gammamatrix/playground-test/src/Feature/Http/Controllers/Resource/Playground/RestoreJsonTrait.php" line="32" class="Tests\Feature\Playground\Cms\Resource\Http\Controllers\Playground\SnippetRouteTest" classname="Tests.Feature.Playground.Cms.Resource.Http.Controllers.Playground.SnippetRouteTest" assertions="3" time="0.181306"/>
        <testcase name="test_json_restore_as_admin_and_succeed" file="/app/vendor/gammamatrix/playground-test/src/Feature/Http/Controllers/Resource/Playground/RestoreJsonTrait.php" line="64" class="Tests\Feature\Playground\Cms\Resource\Http\Controllers\Playground\SnippetRouteTest" classname="Tests.Feature.Playground.Cms.Resource.Http.Controllers.Playground.SnippetRouteTest" assertions="75" time="0.194757"/>
        <testcase name="test_json_restore_as_admin_and_succeed_with_no_redirect" file="/app/vendor/gammamatrix/playground-test/src/Feature/Http/Controllers/Resource/Playground/RestoreJsonTrait.php" line="100" class="Tests\Feature\Playground\Cms\Resource\Http\Controllers\Playground\SnippetRouteTest" classname="Tests.Feature.Playground.Cms.Resource.Http.Controllers.Playground.SnippetRouteTest" assertions="75" time="0.209373"/>
        <testcase name="test_json_restore_as_user_and_get_denied" file="/app/vendor/gammamatrix/playground-test/src/Feature/Http/Controllers/Resource/Playground/RestoreJsonTrait.php" line="143" class="Tests\Feature\Playground\Cms\Resource\Http\Controllers\Playground\SnippetRouteTest" classname="Tests.Feature.Playground.Cms.Resource.Http.Controllers.Playground.SnippetRouteTest" assertions="3" time="0.188023"/>
        <testcase name="test_json_guest_cannot_restore_revision" file="/app/vendor/gammamatrix/playground-test/src/Feature/Http/Controllers/Resource/Playground/RestoreRevisionJsonTrait.php" line="43" class="Tests\Feature\Playground\Cms\Resource\Http\Controllers\Playground\SnippetRouteTest" classname="Tests.Feature.Playground.Cms.Resource.Http.Controllers.Playground.SnippetRouteTest" assertions="3" time="0.187133"/>
        <testcase name="test_json_restore_revision_as_admin_and_succeed" file="/app/vendor/gammamatrix/playground-test/src/Feature/Http/Controllers/Resource/Playground/RestoreRevisionJsonTrait.php" line="79" class="Tests\Feature\Playground\Cms\Resource\Http\Controllers\Playground\SnippetRouteTest" classname="Tests.Feature.Playground.Cms.Resource.Http.Controllers.Playground.SnippetRouteTest" assertions="75" time="0.243679"/>
        <testcase name="test_json_restore_revision_as_admin_and_succeed_without_redirect" file="/app/vendor/gammamatrix/playground-test/src/Feature/Http/Controllers/Resource/Playground/RestoreRevisionJsonTrait.php" line="119" class="Tests\Feature\Playground\Cms\Resource\Http\Controllers\Playground\SnippetRouteTest" classname="Tests.Feature.Playground.Cms.Resource.Http.Controllers.Playground.SnippetRouteTest" assertions="75" time="0.255593"/>
        <testcase name="test_json_restore_revision_as_user_and_get_denied" file="/app/vendor/gammamatrix/playground-test/src/Feature/Http/Controllers/Resource/Playground/RestoreRevisionJsonTrait.php" line="171" class="Tests\Feature\Playground\Cms\Resource\Http\Controllers\Playground\SnippetRouteTest" classname="Tests.Feature.Playground.Cms.Resource.Http.Controllers.Playground.SnippetRouteTest" assertions="3" time="0.223274"/>
        <testcase name="test_guest_cannot_restore_revision" file="/app/vendor/gammamatrix/playground-test/src/Feature/Http/Controllers/Resource/Playground/RestoreRevisionTrait.php" line="38" class="Tests\Feature\Playground\Cms\Resource\Http\Controllers\Playground\SnippetRouteTest" classname="Tests.Feature.Playground.Cms.Resource.Http.Controllers.Playground.SnippetRouteTest" assertions="3" time="0.189396"/>
        <testcase name="test_restore_revision_as_admin_and_succeed" file="/app/vendor/gammamatrix/playground-test/src/Feature/Http/Controllers/Resource/Playground/RestoreRevisionTrait.php" line="74" class="Tests\Feature\Playground\Cms\Resource\Http\Controllers\Playground\SnippetRouteTest" classname="Tests.Feature.Playground.Cms.Resource.Http.Controllers.Playground.SnippetRouteTest" assertions="4" time="0.240758"/>
        <testcase name="test_restore_revision_as_admin_and_succeed_with_redirect_to_index_with_only_trash" file="/app/vendor/gammamatrix/playground-test/src/Feature/Http/Controllers/Resource/Playground/RestoreRevisionTrait.php" line="114" class="Tests\Feature\Playground\Cms\Resource\Http\Controllers\Playground\SnippetRouteTest" classname="Tests.Feature.Playground.Cms.Resource.Http.Controllers.Playground.SnippetRouteTest" assertions="4" time="0.275447"/>
        <testcase name="test_restore_revision_as_user_and_get_denied" file="/app/vendor/gammamatrix/playground-test/src/Feature/Http/Controllers/Resource/Playground/RestoreRevisionTrait.php" line="164" class="Tests\Feature\Playground\Cms\Resource\Http\Controllers\Playground\SnippetRouteTest" classname="Tests.Feature.Playground.Cms.Resource.Http.Controllers.Playground.SnippetRouteTest" assertions="3" time="0.211475"/>
        <testcase name="test_guest_cannot_restore" file="/app/vendor/gammamatrix/playground-test/src/Feature/Http/Controllers/Resource/Playground/RestoreTrait.php" line="32" class="Tests\Feature\Playground\Cms\Resource\Http\Controllers\Playground\SnippetRouteTest" classname="Tests.Feature.Playground.Cms.Resource.Http.Controllers.Playground.SnippetRouteTest" assertions="3" time="0.178562"/>
        <testcase name="test_restore_as_admin_and_succeed" file="/app/vendor/gammamatrix/playground-test/src/Feature/Http/Controllers/Resource/Playground/RestoreTrait.php" line="64" class="Tests\Feature\Playground\Cms\Resource\Http\Controllers\Playground\SnippetRouteTest" classname="Tests.Feature.Playground.Cms.Resource.Http.Controllers.Playground.SnippetRouteTest" assertions="4" time="0.193177"/>
        <testcase name="test_restore_as_admin_and_succeed_with_redirect_to_index_with_only_trash" file="/app/vendor/gammamatrix/playground-test/src/Feature/Http/Controllers/Resource/Playground/RestoreTrait.php" line="100" class="Tests\Feature\Playground\Cms\Resource\Http\Controllers\Playground\SnippetRouteTest" classname="Tests.Feature.Playground.Cms.Resource.Http.Controllers.Playground.SnippetRouteTest" assertions="4" time="0.192909"/>
        <testcase name="test_restore_as_user_and_get_denied" file="/app/vendor/gammamatrix/playground-test/src/Feature/Http/Controllers/Resource/Playground/RestoreTrait.php" line="146" class="Tests\Feature\Playground\Cms\Resource\Http\Controllers\Playground\SnippetRouteTest" classname="Tests.Feature.Playground.Cms.Resource.Http.Controllers.Playground.SnippetRouteTest" assertions="3" time="0.198544"/>
        <testcase name="test_json_guest_cannot_render_revision_view" file="/app/vendor/gammamatrix/playground-test/src/Feature/Http/Controllers/Resource/Playground/RevisionJsonTrait.php" line="38" class="Tests\Feature\Playground\Cms\Resource\Http\Controllers\Playground\SnippetRouteTest" classname="Tests.Feature.Playground.Cms.Resource.Http.Controllers.Playground.SnippetRouteTest" assertions="2" time="0.200030"/>
        <testcase name="test_json_admin_can_get_revision_info" file="/app/vendor/gammamatrix/playground-test/src/Feature/Http/Controllers/Resource/Playground/RevisionJsonTrait.php" line="69" class="Tests\Feature\Playground\Cms\Resource\Http\Controllers\Playground\SnippetRouteTest" classname="Tests.Feature.Playground.Cms.Resource.Http.Controllers.Playground.SnippetRouteTest" assertions="74" time="0.205946"/>
        <testcase name="test_json_guest_cannot_get_revisions" file="/app/vendor/gammamatrix/playground-test/src/Feature/Http/Controllers/Resource/Playground/RevisionsJsonTrait.php" line="34" class="Tests\Feature\Playground\Cms\Resource\Http\Controllers\Playground\SnippetRouteTest" classname="Tests.Feature.Playground.Cms.Resource.Http.Controllers.Playground.SnippetRouteTest" assertions="2" time="0.192902"/>
        <testcase name="test_json_admin_can_get_revisions" file="/app/vendor/gammamatrix/playground-test/src/Feature/Http/Controllers/Resource/Playground/RevisionsJsonTrait.php" line="63" class="Tests\Feature\Playground\Cms\Resource\Http\Controllers\Playground\SnippetRouteTest" classname="Tests.Feature.Playground.Cms.Resource.Http.Controllers.Playground.SnippetRouteTest" assertions="2" time="0.205926"/>
        <testcase name="test_json_admin_can_get_revisions_with_filters" file="/app/vendor/gammamatrix/playground-test/src/Feature/Http/Controllers/Resource/Playground/RevisionsJsonTrait.php" line="104" class="Tests\Feature\Playground\Cms\Resource\Http\Controllers\Playground\SnippetRouteTest" classname="Tests.Feature.Playground.Cms.Resource.Http.Controllers.Playground.SnippetRouteTest" assertions="81" time="0.213586"/>
        <testcase name="test_guest_cannot_render_revisions_view" file="/app/vendor/gammamatrix/playground-test/src/Feature/Http/Controllers/Resource/Playground/RevisionsTrait.php" line="34" class="Tests\Feature\Playground\Cms\Resource\Http\Controllers\Playground\SnippetRouteTest" classname="Tests.Feature.Playground.Cms.Resource.Http.Controllers.Playground.SnippetRouteTest" assertions="2" time="0.203570"/>
        <testcase name="test_admin_can_render_revisions_view" file="/app/vendor/gammamatrix/playground-test/src/Feature/Http/Controllers/Resource/Playground/RevisionsTrait.php" line="63" class="Tests\Feature\Playground\Cms\Resource\Http\Controllers\Playground\SnippetRouteTest" classname="Tests.Feature.Playground.Cms.Resource.Http.Controllers.Playground.SnippetRouteTest" assertions="2" time="0.237967"/>
        <testcase name="test_admin_can_render_revisions_view_with_filters" file="/app/vendor/gammamatrix/playground-test/src/Feature/Http/Controllers/Resource/Playground/RevisionsTrait.php" line="104" class="Tests\Feature\Playground\Cms\Resource\Http\Controllers\Playground\SnippetRouteTest" classname="Tests.Feature.Playground.Cms.Resource.Http.Controllers.Playground.SnippetRouteTest" assertions="3" time="0.241357"/>
        <testcase name="test_guest_cannot_render_revision_view" file="/app/vendor/gammamatrix/playground-test/src/Feature/Http/Controllers/Resource/Playground/RevisionTrait.php" line="38" class="Tests\Feature\Playground\Cms\Resource\Http\Controllers\Playground\SnippetRouteTest" classname="Tests.Feature.Playground.Cms.Resource.Http.Controllers.Playground.SnippetRouteTest" assertions="2" time="0.191913"/>
        <testcase name="test_revision_view_rendered_by_admin" file="/app/vendor/gammamatrix/playground-test/src/Feature/Http/Controllers/Resource/Playground/RevisionTrait.php" line="69" class="Tests\Feature\Playground\Cms\Resource\Http\Controllers\Playground\SnippetRouteTest" classname="Tests.Feature.Playground.Cms.Resource.Http.Controllers.Playground.SnippetRouteTest" assertions="2" time="0.221647"/>
        <testcase name="test_json_guest_cannot_see_info" file="/app/vendor/gammamatrix/playground-test/src/Feature/Http/Controllers/Resource/Playground/ShowJsonTrait.php" line="29" class="Tests\Feature\Playground\Cms\Resource\Http\Controllers\Playground\SnippetRouteTest" classname="Tests.Feature.Playground.Cms.Resource.Http.Controllers.Playground.SnippetRouteTest" assertions="1" time="0.195741"/>
        <testcase name="test_json_show_info_for_admin" file="/app/vendor/gammamatrix/playground-test/src/Feature/Http/Controllers/Resource/Playground/ShowJsonTrait.php" line="49" class="Tests\Feature\Playground\Cms\Resource\Http\Controllers\Playground\SnippetRouteTest" classname="Tests.Feature.Playground.Cms.Resource.Http.Controllers.Playground.SnippetRouteTest" assertions="74" time="0.194568"/>
        <testcase name="test_guest_cannot_render_show_view" file="/app/vendor/gammamatrix/playground-test/src/Feature/Http/Controllers/Resource/Playground/ShowTrait.php" line="29" class="Tests\Feature\Playground\Cms\Resource\Http\Controllers\Playground\SnippetRouteTest" classname="Tests.Feature.Playground.Cms.Resource.Http.Controllers.Playground.SnippetRouteTest" assertions="1" time="0.182520"/>
        <testcase name="test_show_view_rendered_by_admin" file="/app/vendor/gammamatrix/playground-test/src/Feature/Http/Controllers/Resource/Playground/ShowTrait.php" line="49" class="Tests\Feature\Playground\Cms\Resource\Http\Controllers\Playground\SnippetRouteTest" classname="Tests.Feature.Playground.Cms.Resource.Http.Controllers.Playground.SnippetRouteTest" assertions="2" time="0.217495"/>
        <testcase name="test_json_guest_cannot_store" file="/app/vendor/gammamatrix/playground-test/src/Feature/Http/Controllers/Resource/Playground/StoreJsonTrait.php" line="43" class="Tests\Feature\Playground\Cms\Resource\Http\Controllers\Playground\SnippetRouteTest" classname="Tests.Feature.Playground.Cms.Resource.Http.Controllers.Playground.SnippetRouteTest" assertions="3" time="0.178589"/>
        <testcase name="test_json_store_as_admin_without_payload_and_fail_validation" file="/app/vendor/gammamatrix/playground-test/src/Feature/Http/Controllers/Resource/Playground/StoreJsonTrait.php" line="66" class="Tests\Feature\Playground\Cms\Resource\Http\Controllers\Playground\SnippetRouteTest" classname="Tests.Feature.Playground.Cms.Resource.Http.Controllers.Playground.SnippetRouteTest" assertions="5" time="0.202766"/>
        <testcase name="test_json_store_as_admin_and_succeed" file="/app/vendor/gammamatrix/playground-test/src/Feature/Http/Controllers/Resource/Playground/StoreJsonTrait.php" line="92" class="Tests\Feature\Playground\Cms\Resource\Http\Controllers\Playground\SnippetRouteTest" classname="Tests.Feature.Playground.Cms.Resource.Http.Controllers.Playground.SnippetRouteTest" assertions="3" time="0.226776"/>
        <testcase name="test_guest_cannot_store" file="/app/vendor/gammamatrix/playground-test/src/Feature/Http/Controllers/Resource/Playground/StoreTrait.php" line="38" class="Tests\Feature\Playground\Cms\Resource\Http\Controllers\Playground\SnippetRouteTest" classname="Tests.Feature.Playground.Cms.Resource.Http.Controllers.Playground.SnippetRouteTest" assertions="3" time="0.177801"/>
        <testcase name="test_store_as_admin_without_payload_and_fail_validation" file="/app/vendor/gammamatrix/playground-test/src/Feature/Http/Controllers/Resource/Playground/StoreTrait.php" line="61" class="Tests\Feature\Playground\Cms\Resource\Http\Controllers\Playground\SnippetRouteTest" classname="Tests.Feature.Playground.Cms.Resource.Http.Controllers.Playground.SnippetRouteTest" assertions="5" time="0.189577"/>
        <testcase name="test_store_as_admin_and_succeed" file="/app/vendor/gammamatrix/playground-test/src/Feature/Http/Controllers/Resource/Playground/StoreTrait.php" line="90" class="Tests\Feature\Playground\Cms\Resource\Http\Controllers\Playground\SnippetRouteTest" classname="Tests.Feature.Playground.Cms.Resource.Http.Controllers.Playground.SnippetRouteTest" assertions="4" time="0.210383"/>
        <testcase name="test_store_as_admin_and_succeed_with_return_url" file="/app/vendor/gammamatrix/playground-test/src/Feature/Http/Controllers/Resource/Playground/StoreTrait.php" line="135" class="Tests\Feature\Playground\Cms\Resource\Http\Controllers\Playground\SnippetRouteTest" classname="Tests.Feature.Playground.Cms.Resource.Http.Controllers.Playground.SnippetRouteTest" assertions="4" time="0.229675"/>
        <testcase name="test_json_guest_cannot_unlock" file="/app/vendor/gammamatrix/playground-test/src/Feature/Http/Controllers/Resource/Playground/UnlockJsonTrait.php" line="36" class="Tests\Feature\Playground\Cms\Resource\Http\Controllers\Playground\SnippetRouteTest" classname="Tests.Feature.Playground.Cms.Resource.Http.Controllers.Playground.SnippetRouteTest" assertions="3" time="0.187841"/>
        <testcase name="test_json_unlock_as_admin_and_succeed" file="/app/vendor/gammamatrix/playground-test/src/Feature/Http/Controllers/Resource/Playground/UnlockJsonTrait.php" line="68" class="Tests\Feature\Playground\Cms\Resource\Http\Controllers\Playground\SnippetRouteTest" classname="Tests.Feature.Playground.Cms.Resource.Http.Controllers.Playground.SnippetRouteTest" assertions="75" time="0.199306"/>
        <testcase name="test_json_unlock_as_admin_and_succeed_with_no_redirect" file="/app/vendor/gammamatrix/playground-test/src/Feature/Http/Controllers/Resource/Playground/UnlockJsonTrait.php" line="104" class="Tests\Feature\Playground\Cms\Resource\Http\Controllers\Playground\SnippetRouteTest" classname="Tests.Feature.Playground.Cms.Resource.Http.Controllers.Playground.SnippetRouteTest" assertions="75" time="0.203757"/>
        <testcase name="test_json_unlock_as_user_and_get_denied" file="/app/vendor/gammamatrix/playground-test/src/Feature/Http/Controllers/Resource/Playground/UnlockJsonTrait.php" line="145" class="Tests\Feature\Playground\Cms\Resource\Http\Controllers\Playground\SnippetRouteTest" classname="Tests.Feature.Playground.Cms.Resource.Http.Controllers.Playground.SnippetRouteTest" assertions="3" time="0.198928"/>
        <testcase name="test_guest_cannot_unlock" file="/app/vendor/gammamatrix/playground-test/src/Feature/Http/Controllers/Resource/Playground/UnlockTrait.php" line="36" class="Tests\Feature\Playground\Cms\Resource\Http\Controllers\Playground\SnippetRouteTest" classname="Tests.Feature.Playground.Cms.Resource.Http.Controllers.Playground.SnippetRouteTest" assertions="3" time="0.208472"/>
        <testcase name="test_unlock_as_admin_and_succeed" file="/app/vendor/gammamatrix/playground-test/src/Feature/Http/Controllers/Resource/Playground/UnlockTrait.php" line="68" class="Tests\Feature\Playground\Cms\Resource\Http\Controllers\Playground\SnippetRouteTest" classname="Tests.Feature.Playground.Cms.Resource.Http.Controllers.Playground.SnippetRouteTest" assertions="4" time="0.197438"/>
        <testcase name="test_unlock_as_admin_and_succeed_with_redirect_to_index_with_sorted_by_unlocked_desc" file="/app/vendor/gammamatrix/playground-test/src/Feature/Http/Controllers/Resource/Playground/UnlockTrait.php" line="109" class="Tests\Feature\Playground\Cms\Resource\Http\Controllers\Playground\SnippetRouteTest" classname="Tests.Feature.Playground.Cms.Resource.Http.Controllers.Playground.SnippetRouteTest" assertions="4" time="0.197844"/>
        <testcase name="test_unlock_as_user_and_get_denied" file="/app/vendor/gammamatrix/playground-test/src/Feature/Http/Controllers/Resource/Playground/UnlockTrait.php" line="148" class="Tests\Feature\Playground\Cms\Resource\Http\Controllers\Playground\SnippetRouteTest" classname="Tests.Feature.Playground.Cms.Resource.Http.Controllers.Playground.SnippetRouteTest" assertions="3" time="0.203505"/>
        <testcase name="test_json_guest_cannot_update" file="/app/vendor/gammamatrix/playground-test/src/Feature/Http/Controllers/Resource/Playground/UpdateJsonTrait.php" line="45" class="Tests\Feature\Playground\Cms\Resource\Http\Controllers\Playground\SnippetRouteTest" classname="Tests.Feature.Playground.Cms.Resource.Http.Controllers.Playground.SnippetRouteTest" assertions="1" time="0.183447"/>
        <testcase name="test_json_update_as_admin_without_payload_and_fail_validation" file="/app/vendor/gammamatrix/playground-test/src/Feature/Http/Controllers/Resource/Playground/UpdateJsonTrait.php" line="65" class="Tests\Feature\Playground\Cms\Resource\Http\Controllers\Playground\SnippetRouteTest" classname="Tests.Feature.Playground.Cms.Resource.Http.Controllers.Playground.SnippetRouteTest" assertions="4" time="0.215822"/>
        <testcase name="test_json_admin_can_update" file="/app/vendor/gammamatrix/playground-test/src/Feature/Http/Controllers/Resource/Playground/UpdateJsonTrait.php" line="90" class="Tests\Feature\Playground\Cms\Resource\Http\Controllers\Playground\SnippetRouteTest" classname="Tests.Feature.Playground.Cms.Resource.Http.Controllers.Playground.SnippetRouteTest" assertions="77" time="0.264339"/>
        <testcase name="test_guest_cannot_update" file="/app/vendor/gammamatrix/playground-test/src/Feature/Http/Controllers/Resource/Playground/UpdateTrait.php" line="45" class="Tests\Feature\Playground\Cms\Resource\Http\Controllers\Playground\SnippetRouteTest" classname="Tests.Feature.Playground.Cms.Resource.Http.Controllers.Playground.SnippetRouteTest" assertions="1" time="0.190037"/>
        <testcase name="test_update_as_admin_without_payload_and_fail_validation" file="/app/vendor/gammamatrix/playground-test/src/Feature/Http/Controllers/Resource/Playground/UpdateTrait.php" line="65" class="Tests\Feature\Playground\Cms\Resource\Http\Controllers\Playground\SnippetRouteTest" classname="Tests.Feature.Playground.Cms.Resource.Http.Controllers.Playground.SnippetRouteTest" assertions="4" time="0.197794"/>
        <testcase name="test_admin_can_update" file="/app/vendor/gammamatrix/playground-test/src/Feature/Http/Controllers/Resource/Playground/UpdateTrait.php" line="90" class="Tests\Feature\Playground\Cms\Resource\Http\Controllers\Playground\SnippetRouteTest" classname="Tests.Feature.Playground.Cms.Resource.Http.Controllers.Playground.SnippetRouteTest" assertions="6" time="0.259914"/>
        <testcase name="test_admin_can_update_view_with_return_url" file="/app/vendor/gammamatrix/playground-test/src/Feature/Http/Controllers/Resource/Playground/UpdateTrait.php" line="133" class="Tests\Feature\Playground\Cms\Resource\Http\Controllers\Playground\SnippetRouteTest" classname="Tests.Feature.Playground.Cms.Resource.Http.Controllers.Playground.SnippetRouteTest" assertions="6" time="0.282529"/>
      </testsuite>
      <testsuite name="Tests\Feature\Playground\Cms\Resource\Http\Requests\FormRequest\InstanceTest" file="/app/vendor/gammamatrix/playground-cms-resource/tests/Feature/Http/Requests/FormRequest/InstanceTest.php" tests="1" assertions="1" errors="0" failures="0" skipped="0" time="0.101738">
        <testcase name="test_FormRequest_authorize_with_admin" file="/app/vendor/gammamatrix/playground-cms-resource/tests/Feature/Http/Requests/FormRequest/InstanceTest.php" line="21" class="Tests\Feature\Playground\Cms\Resource\Http\Requests\FormRequest\InstanceTest" classname="Tests.Feature.Playground.Cms.Resource.Http.Requests.FormRequest.InstanceTest" assertions="1" time="0.101738"/>
      </testsuite>
      <testsuite name="Tests\Feature\Playground\Login\Blade\Console\Commands\About\CommandTest" file="/app/vendor/gammamatrix/playground-login-blade/tests/Feature/Console/Commands/About/CommandTest.php" tests="1" assertions="2" errors="0" failures="0" skipped="0" time="0.238077">
        <testcase name="test_command_about_displays_package_information_and_succeed_with_code_0" file="/app/vendor/gammamatrix/playground-login-blade/tests/Feature/Console/Commands/About/CommandTest.php" line="19" class="Tests\Feature\Playground\Login\Blade\Console\Commands\About\CommandTest" classname="Tests.Feature.Playground.Login.Blade.Console.Commands.About.CommandTest" assertions="2" time="0.238077"/>
      </testsuite>
      <testsuite name="Tests\Feature\Playground\Login\Blade\Http\Controllers\Laravel\AuthenticationRouteTest" file="/app/vendor/gammamatrix/playground-login-blade/tests/Feature/Http/Controllers/Laravel/AuthenticationRouteTest.php" tests="11" assertions="38" errors="0" failures="0" skipped="0" time="2.674529">
        <testcase name="test_login_screen_can_be_rendered" file="/app/vendor/gammamatrix/playground-login-blade/tests/Feature/Http/Controllers/Laravel/AuthenticationRouteTest.php" line="34" class="Tests\Feature\Playground\Login\Blade\Http\Controllers\Laravel\AuthenticationRouteTest" classname="Tests.Feature.Playground.Login.Blade.Http.Controllers.Laravel.AuthenticationRouteTest" assertions="1" time="0.133839"/>
        <testcase name="test_users_can_authenticate_using_the_login_screen_laravel" file="/app/vendor/gammamatrix/playground-login-blade/tests/Feature/Http/Controllers/Laravel/AuthenticationRouteTest.php" line="41" class="Tests\Feature\Playground\Login\Blade\Http\Controllers\Laravel\AuthenticationRouteTest" classname="Tests.Feature.Playground.Login.Blade.Http.Controllers.Laravel.AuthenticationRouteTest" assertions="4" time="0.136793"/>
        <testcase name="test_users_can_authenticate_using_json" file="/app/vendor/gammamatrix/playground-login-blade/tests/Feature/Http/Controllers/Laravel/AuthenticationRouteTest.php" line="66" class="Tests\Feature\Playground\Login\Blade\Http\Controllers\Laravel\AuthenticationRouteTest" classname="Tests.Feature.Playground.Login.Blade.Http.Controllers.Laravel.AuthenticationRouteTest" assertions="4" time="0.081470"/>
        <testcase name="test_users_cannot_authenticate_with_invalid_password" file="/app/vendor/gammamatrix/playground-login-blade/tests/Feature/Http/Controllers/Laravel/AuthenticationRouteTest.php" line="86" class="Tests\Feature\Playground\Login\Blade\Http\Controllers\Laravel\AuthenticationRouteTest" classname="Tests.Feature.Playground.Login.Blade.Http.Controllers.Laravel.AuthenticationRouteTest" assertions="2" time="0.295937"/>
        <testcase name="test_users_can_logout_on_get_request" file="/app/vendor/gammamatrix/playground-login-blade/tests/Feature/Http/Controllers/Laravel/AuthenticationRouteTest.php" line="103" class="Tests\Feature\Playground\Login\Blade\Http\Controllers\Laravel\AuthenticationRouteTest" classname="Tests.Feature.Playground.Login.Blade.Http.Controllers.Laravel.AuthenticationRouteTest" assertions="2" time="0.078883"/>
        <testcase name="test_users_can_logout_on_get_request_using_json" file="/app/vendor/gammamatrix/playground-login-blade/tests/Feature/Http/Controllers/Laravel/AuthenticationRouteTest.php" line="120" class="Tests\Feature\Playground\Login\Blade\Http\Controllers\Laravel\AuthenticationRouteTest" classname="Tests.Feature.Playground.Login.Blade.Http.Controllers.Laravel.AuthenticationRouteTest" assertions="4" time="0.078831"/>
        <testcase name="test_users_can_logout_on_post_request" file="/app/vendor/gammamatrix/playground-login-blade/tests/Feature/Http/Controllers/Laravel/AuthenticationRouteTest.php" line="142" class="Tests\Feature\Playground\Login\Blade\Http\Controllers\Laravel\AuthenticationRouteTest" classname="Tests.Feature.Playground.Login.Blade.Http.Controllers.Laravel.AuthenticationRouteTest" assertions="2" time="0.078400"/>
        <testcase name="test_guests_can_logout_on_get_request" file="/app/vendor/gammamatrix/playground-login-blade/tests/Feature/Http/Controllers/Laravel/AuthenticationRouteTest.php" line="156" class="Tests\Feature\Playground\Login\Blade\Http\Controllers\Laravel\AuthenticationRouteTest" classname="Tests.Feature.Playground.Login.Blade.Http.Controllers.Laravel.AuthenticationRouteTest" assertions="2" time="0.074470"/>
        <testcase name="test_csfr_token_request" file="/app/vendor/gammamatrix/playground-login-blade/tests/Feature/Http/Controllers/Laravel/AuthenticationRouteTest.php" line="174" class="Tests\Feature\Playground\Login\Blade\Http\Controllers\Laravel\AuthenticationRouteTest" classname="Tests.Feature.Playground.Login.Blade.Http.Controllers.Laravel.AuthenticationRouteTest" assertions="3" time="0.084989"/>
        <testcase name="test_login_repeat_under_rate_limit_and_clear" file="/app/vendor/gammamatrix/playground-login-blade/tests/Feature/Http/Controllers/Laravel/AuthenticationRouteTest.php" line="187" class="Tests\Feature\Playground\Login\Blade\Http\Controllers\Laravel\AuthenticationRouteTest" classname="Tests.Feature.Playground.Login.Blade.Http.Controllers.Laravel.AuthenticationRouteTest" assertions="6" time="0.498601"/>
        <testcase name="test_login_repeat_and_hit_rate_limit" file="/app/vendor/gammamatrix/playground-login-blade/tests/Feature/Http/Controllers/Laravel/AuthenticationRouteTest.php" line="215" class="Tests\Feature\Playground\Login\Blade\Http\Controllers\Laravel\AuthenticationRouteTest" classname="Tests.Feature.Playground.Login.Blade.Http.Controllers.Laravel.AuthenticationRouteTest" assertions="8" time="1.132316"/>
      </testsuite>
      <testsuite name="Tests\Feature\Playground\Login\Blade\Http\Controllers\Laravel\EmailVerificationRouteTest" file="/app/vendor/gammamatrix/playground-login-blade/tests/Feature/Http/Controllers/Laravel/EmailVerificationRouteTest.php" tests="10" assertions="25" errors="0" failures="0" skipped="0" time="0.842796">
        <testcase name="test_email_verification_screen_can_be_rendered" file="/app/vendor/gammamatrix/playground-login-blade/tests/Feature/Http/Controllers/Laravel/EmailVerificationRouteTest.php" line="27" class="Tests\Feature\Playground\Login\Blade\Http\Controllers\Laravel\EmailVerificationRouteTest" classname="Tests.Feature.Playground.Login.Blade.Http.Controllers.Laravel.EmailVerificationRouteTest" assertions="1" time="0.098560"/>
        <testcase name="test_email_verification_screen_is_not_rendered_if_already_verified" file="/app/vendor/gammamatrix/playground-login-blade/tests/Feature/Http/Controllers/Laravel/EmailVerificationRouteTest.php" line="41" class="Tests\Feature\Playground\Login\Blade\Http\Controllers\Laravel\EmailVerificationRouteTest" classname="Tests.Feature.Playground.Login.Blade.Http.Controllers.Laravel.EmailVerificationRouteTest" assertions="1" time="0.076432"/>
        <testcase name="test_json_send_email_verification_notification_as_guest" file="/app/vendor/gammamatrix/playground-login-blade/tests/Feature/Http/Controllers/Laravel/EmailVerificationRouteTest.php" line="55" class="Tests\Feature\Playground\Login\Blade\Http\Controllers\Laravel\EmailVerificationRouteTest" classname="Tests.Feature.Playground.Login.Blade.Http.Controllers.Laravel.EmailVerificationRouteTest" assertions="4" time="0.074887"/>
        <testcase name="test_send_email_verification_notification_as_guest_and_redirect" file="/app/vendor/gammamatrix/playground-login-blade/tests/Feature/Http/Controllers/Laravel/EmailVerificationRouteTest.php" line="75" class="Tests\Feature\Playground\Login\Blade\Http\Controllers\Laravel\EmailVerificationRouteTest" classname="Tests.Feature.Playground.Login.Blade.Http.Controllers.Laravel.EmailVerificationRouteTest" assertions="4" time="0.074603"/>
        <testcase name="test_send_email_verification_notification_as_user" file="/app/vendor/gammamatrix/playground-login-blade/tests/Feature/Http/Controllers/Laravel/EmailVerificationRouteTest.php" line="88" class="Tests\Feature\Playground\Login\Blade\Http\Controllers\Laravel\EmailVerificationRouteTest" classname="Tests.Feature.Playground.Login.Blade.Http.Controllers.Laravel.EmailVerificationRouteTest" assertions="3" time="0.078442"/>
        <testcase name="test_send_email_verification_notification_when_already_verified" file="/app/vendor/gammamatrix/playground-login-blade/tests/Feature/Http/Controllers/Laravel/EmailVerificationRouteTest.php" line="117" class="Tests\Feature\Playground\Login\Blade\Http\Controllers\Laravel\EmailVerificationRouteTest" classname="Tests.Feature.Playground.Login.Blade.Http.Controllers.Laravel.EmailVerificationRouteTest" assertions="2" time="0.077808"/>
        <testcase name="test_email_can_be_verified" file="/app/vendor/gammamatrix/playground-login-blade/tests/Feature/Http/Controllers/Laravel/EmailVerificationRouteTest.php" line="137" class="Tests\Feature\Playground\Login\Blade\Http\Controllers\Laravel\EmailVerificationRouteTest" classname="Tests.Feature.Playground.Login.Blade.Http.Controllers.Laravel.EmailVerificationRouteTest" assertions="4" time="0.090281"/>
        <testcase name="test_email_is_not_verified_with_invalid_hash" file="/app/vendor/gammamatrix/playground-login-blade/tests/Feature/Http/Controllers/Laravel/EmailVerificationRouteTest.php" line="175" class="Tests\Feature\Playground\Login\Blade\Http\Controllers\Laravel\EmailVerificationRouteTest" classname="Tests.Feature.Playground.Login.Blade.Http.Controllers.Laravel.EmailVerificationRouteTest" assertions="1" time="0.090074"/>
        <testcase name="test_email_is_not_verified_with_invalid_user_id" file="/app/vendor/gammamatrix/playground-login-blade/tests/Feature/Http/Controllers/Laravel/EmailVerificationRouteTest.php" line="208" class="Tests\Feature\Playground\Login\Blade\Http\Controllers\Laravel\EmailVerificationRouteTest" classname="Tests.Feature.Playground.Login.Blade.Http.Controllers.Laravel.EmailVerificationRouteTest" assertions="1" time="0.082820"/>
        <testcase name="test_email_verified_with_already_verified" file="/app/vendor/gammamatrix/playground-login-blade/tests/Feature/Http/Controllers/Laravel/EmailVerificationRouteTest.php" line="241" class="Tests\Feature\Playground\Login\Blade\Http\Controllers\Laravel\EmailVerificationRouteTest" classname="Tests.Feature.Playground.Login.Blade.Http.Controllers.Laravel.EmailVerificationRouteTest" assertions="4" time="0.098890"/>
      </testsuite>
      <testsuite name="Tests\Feature\Playground\Login\Blade\Http\Controllers\Laravel\PasswordConfirmationRouteTest" file="/app/vendor/gammamatrix/playground-login-blade/tests/Feature/Http/Controllers/Laravel/PasswordConfirmationRouteTest.php" tests="3" assertions="4" errors="0" failures="0" skipped="0" time="0.459554">
        <testcase name="test_confirm_password_screen_can_be_rendered" file="/app/vendor/gammamatrix/playground-login-blade/tests/Feature/Http/Controllers/Laravel/PasswordConfirmationRouteTest.php" line="21" class="Tests\Feature\Playground\Login\Blade\Http\Controllers\Laravel\PasswordConfirmationRouteTest" classname="Tests.Feature.Playground.Login.Blade.Http.Controllers.Laravel.PasswordConfirmationRouteTest" assertions="1" time="0.097540"/>
        <testcase name="test_password_can_be_confirmed" file="/app/vendor/gammamatrix/playground-login-blade/tests/Feature/Http/Controllers/Laravel/PasswordConfirmationRouteTest.php" line="33" class="Tests\Feature\Playground\Login\Blade\Http\Controllers\Laravel\PasswordConfirmationRouteTest" classname="Tests.Feature.Playground.Login.Blade.Http.Controllers.Laravel.PasswordConfirmationRouteTest" assertions="2" time="0.080402"/>
        <testcase name="test_password_is_not_confirmed_with_invalid_password" file="/app/vendor/gammamatrix/playground-login-blade/tests/Feature/Http/Controllers/Laravel/PasswordConfirmationRouteTest.php" line="52" class="Tests\Feature\Playground\Login\Blade\Http\Controllers\Laravel\PasswordConfirmationRouteTest" classname="Tests.Feature.Playground.Login.Blade.Http.Controllers.Laravel.PasswordConfirmationRouteTest" assertions="1" time="0.281612"/>
      </testsuite>
      <testsuite name="Tests\Feature\Playground\Login\Blade\Http\Controllers\Laravel\PasswordResetRouteTest" file="/app/vendor/gammamatrix/playground-login-blade/tests/Feature/Http/Controllers/Laravel/PasswordResetRouteTest.php" tests="6" assertions="11" errors="0" failures="0" skipped="0" time="0.581355">
        <testcase name="test_reset_password_link_screen_can_be_rendered" file="/app/vendor/gammamatrix/playground-login-blade/tests/Feature/Http/Controllers/Laravel/PasswordResetRouteTest.php" line="23" class="Tests\Feature\Playground\Login\Blade\Http\Controllers\Laravel\PasswordResetRouteTest" classname="Tests.Feature.Playground.Login.Blade.Http.Controllers.Laravel.PasswordResetRouteTest" assertions="1" time="0.092812"/>
        <testcase name="test_reset_password_link_can_be_requested" file="/app/vendor/gammamatrix/playground-login-blade/tests/Feature/Http/Controllers/Laravel/PasswordResetRouteTest.php" line="30" class="Tests\Feature\Playground\Login\Blade\Http\Controllers\Laravel\PasswordResetRouteTest" classname="Tests.Feature.Playground.Login.Blade.Http.Controllers.Laravel.PasswordResetRouteTest" assertions="1" time="0.084629"/>
        <testcase name="test_reset_password_screen_can_be_rendered" file="/app/vendor/gammamatrix/playground-login-blade/tests/Feature/Http/Controllers/Laravel/PasswordResetRouteTest.php" line="44" class="Tests\Feature\Playground\Login\Blade\Http\Controllers\Laravel\PasswordResetRouteTest" classname="Tests.Feature.Playground.Login.Blade.Http.Controllers.Laravel.PasswordResetRouteTest" assertions="3" time="0.110999"/>
        <testcase name="test_password_can_be_reset_with_valid_token" file="/app/vendor/gammamatrix/playground-login-blade/tests/Feature/Http/Controllers/Laravel/PasswordResetRouteTest.php" line="66" class="Tests\Feature\Playground\Login\Blade\Http\Controllers\Laravel\PasswordResetRouteTest" classname="Tests.Feature.Playground.Login.Blade.Http.Controllers.Laravel.PasswordResetRouteTest" assertions="3" time="0.105867"/>
        <testcase name="test_password_reset_with_invalid_token" file="/app/vendor/gammamatrix/playground-login-blade/tests/Feature/Http/Controllers/Laravel/PasswordResetRouteTest.php" line="92" class="Tests\Feature\Playground\Login\Blade\Http\Controllers\Laravel\PasswordResetRouteTest" classname="Tests.Feature.Playground.Login.Blade.Http.Controllers.Laravel.PasswordResetRouteTest" assertions="2" time="0.106930"/>
        <testcase name="test_password_reset_with_invalid_user" file="/app/vendor/gammamatrix/playground-login-blade/tests/Feature/Http/Controllers/Laravel/PasswordResetRouteTest.php" line="117" class="Tests\Feature\Playground\Login\Blade\Http\Controllers\Laravel\PasswordResetRouteTest" classname="Tests.Feature.Playground.Login.Blade.Http.Controllers.Laravel.PasswordResetRouteTest" assertions="1" time="0.080117"/>
      </testsuite>
      <testsuite name="Tests\Feature\Playground\Login\Blade\Http\Controllers\Laravel\RegistrationRouteTest" file="/app/vendor/gammamatrix/playground-login-blade/tests/Feature/Http/Controllers/Laravel/RegistrationRouteTest.php" tests="2" assertions="4" errors="0" failures="0" skipped="0" time="0.181150">
        <testcase name="test_registration_screen_can_be_rendered" file="/app/vendor/gammamatrix/playground-login-blade/tests/Feature/Http/Controllers/Laravel/RegistrationRouteTest.php" line="20" class="Tests\Feature\Playground\Login\Blade\Http\Controllers\Laravel\RegistrationRouteTest" classname="Tests.Feature.Playground.Login.Blade.Http.Controllers.Laravel.RegistrationRouteTest" assertions="1" time="0.095103"/>
        <testcase name="test_new_users_can_register" file="/app/vendor/gammamatrix/playground-login-blade/tests/Feature/Http/Controllers/Laravel/RegistrationRouteTest.php" line="27" class="Tests\Feature\Playground\Login\Blade\Http\Controllers\Laravel\RegistrationRouteTest" classname="Tests.Feature.Playground.Login.Blade.Http.Controllers.Laravel.RegistrationRouteTest" assertions="3" time="0.086047"/>
      </testsuite>
      <testsuite name="Tests\Feature\Playground\Login\Blade\Http\Controllers\Playground\AuthenticationRouteTest" file="/app/vendor/gammamatrix/playground-login-blade/tests/Feature/Http/Controllers/Playground/AuthenticationRouteTest.php" tests="11" assertions="38" errors="0" failures="0" skipped="0" time="2.692623">
        <testcase name="test_login_screen_can_be_rendered" file="/app/vendor/gammamatrix/playground-login-blade/tests/Feature/Http/Controllers/Playground/AuthenticationRouteTest.php" line="34" class="Tests\Feature\Playground\Login\Blade\Http\Controllers\Playground\AuthenticationRouteTest" classname="Tests.Feature.Playground.Login.Blade.Http.Controllers.Playground.AuthenticationRouteTest" assertions="1" time="0.091731"/>
        <testcase name="test_users_can_authenticate_using_the_login_screen_playground" file="/app/vendor/gammamatrix/playground-login-blade/tests/Feature/Http/Controllers/Playground/AuthenticationRouteTest.php" line="41" class="Tests\Feature\Playground\Login\Blade\Http\Controllers\Playground\AuthenticationRouteTest" classname="Tests.Feature.Playground.Login.Blade.Http.Controllers.Playground.AuthenticationRouteTest" assertions="4" time="0.095712"/>
        <testcase name="test_users_can_authenticate_using_json" file="/app/vendor/gammamatrix/playground-login-blade/tests/Feature/Http/Controllers/Playground/AuthenticationRouteTest.php" line="66" class="Tests\Feature\Playground\Login\Blade\Http\Controllers\Playground\AuthenticationRouteTest" classname="Tests.Feature.Playground.Login.Blade.Http.Controllers.Playground.AuthenticationRouteTest" assertions="4" time="0.093422"/>
        <testcase name="test_users_cannot_authenticate_with_invalid_password" file="/app/vendor/gammamatrix/playground-login-blade/tests/Feature/Http/Controllers/Playground/AuthenticationRouteTest.php" line="86" class="Tests\Feature\Playground\Login\Blade\Http\Controllers\Playground\AuthenticationRouteTest" classname="Tests.Feature.Playground.Login.Blade.Http.Controllers.Playground.AuthenticationRouteTest" assertions="2" time="0.293490"/>
        <testcase name="test_users_can_logout_on_get_request" file="/app/vendor/gammamatrix/playground-login-blade/tests/Feature/Http/Controllers/Playground/AuthenticationRouteTest.php" line="103" class="Tests\Feature\Playground\Login\Blade\Http\Controllers\Playground\AuthenticationRouteTest" classname="Tests.Feature.Playground.Login.Blade.Http.Controllers.Playground.AuthenticationRouteTest" assertions="2" time="0.092756"/>
        <testcase name="test_users_can_logout_on_get_request_using_json" file="/app/vendor/gammamatrix/playground-login-blade/tests/Feature/Http/Controllers/Playground/AuthenticationRouteTest.php" line="120" class="Tests\Feature\Playground\Login\Blade\Http\Controllers\Playground\AuthenticationRouteTest" classname="Tests.Feature.Playground.Login.Blade.Http.Controllers.Playground.AuthenticationRouteTest" assertions="4" time="0.103983"/>
        <testcase name="test_users_can_logout_on_post_request" file="/app/vendor/gammamatrix/playground-login-blade/tests/Feature/Http/Controllers/Playground/AuthenticationRouteTest.php" line="142" class="Tests\Feature\Playground\Login\Blade\Http\Controllers\Playground\AuthenticationRouteTest" classname="Tests.Feature.Playground.Login.Blade.Http.Controllers.Playground.AuthenticationRouteTest" assertions="2" time="0.106716"/>
        <testcase name="test_guests_can_logout_on_get_request" file="/app/vendor/gammamatrix/playground-login-blade/tests/Feature/Http/Controllers/Playground/AuthenticationRouteTest.php" line="156" class="Tests\Feature\Playground\Login\Blade\Http\Controllers\Playground\AuthenticationRouteTest" classname="Tests.Feature.Playground.Login.Blade.Http.Controllers.Playground.AuthenticationRouteTest" assertions="2" time="0.085557"/>
        <testcase name="test_csfr_token_request" file="/app/vendor/gammamatrix/playground-login-blade/tests/Feature/Http/Controllers/Playground/AuthenticationRouteTest.php" line="174" class="Tests\Feature\Playground\Login\Blade\Http\Controllers\Playground\AuthenticationRouteTest" classname="Tests.Feature.Playground.Login.Blade.Http.Controllers.Playground.AuthenticationRouteTest" assertions="3" time="0.085228"/>
        <testcase name="test_login_repeat_under_rate_limit_and_clear" file="/app/vendor/gammamatrix/playground-login-blade/tests/Feature/Http/Controllers/Playground/AuthenticationRouteTest.php" line="187" class="Tests\Feature\Playground\Login\Blade\Http\Controllers\Playground\AuthenticationRouteTest" classname="Tests.Feature.Playground.Login.Blade.Http.Controllers.Playground.AuthenticationRouteTest" assertions="6" time="0.511979"/>
        <testcase name="test_login_repeat_and_hit_rate_limit" file="/app/vendor/gammamatrix/playground-login-blade/tests/Feature/Http/Controllers/Playground/AuthenticationRouteTest.php" line="215" class="Tests\Feature\Playground\Login\Blade\Http\Controllers\Playground\AuthenticationRouteTest" classname="Tests.Feature.Playground.Login.Blade.Http.Controllers.Playground.AuthenticationRouteTest" assertions="8" time="1.132047"/>
      </testsuite>
      <testsuite name="Tests\Feature\Playground\Login\Blade\Http\Controllers\Playground\EmailVerificationRouteTest" file="/app/vendor/gammamatrix/playground-login-blade/tests/Feature/Http/Controllers/Playground/EmailVerificationRouteTest.php" tests="10" assertions="25" errors="0" failures="0" skipped="0" time="0.944471">
        <testcase name="test_email_verification_screen_can_be_rendered" file="/app/vendor/gammamatrix/playground-login-blade/tests/Feature/Http/Controllers/Playground/EmailVerificationRouteTest.php" line="27" class="Tests\Feature\Playground\Login\Blade\Http\Controllers\Playground\EmailVerificationRouteTest" classname="Tests.Feature.Playground.Login.Blade.Http.Controllers.Playground.EmailVerificationRouteTest" assertions="1" time="0.111162"/>
        <testcase name="test_email_verification_screen_is_not_rendered_if_already_verified" file="/app/vendor/gammamatrix/playground-login-blade/tests/Feature/Http/Controllers/Playground/EmailVerificationRouteTest.php" line="41" class="Tests\Feature\Playground\Login\Blade\Http\Controllers\Playground\EmailVerificationRouteTest" classname="Tests.Feature.Playground.Login.Blade.Http.Controllers.Playground.EmailVerificationRouteTest" assertions="1" time="0.091075"/>
        <testcase name="test_json_send_email_verification_notification_as_guest" file="/app/vendor/gammamatrix/playground-login-blade/tests/Feature/Http/Controllers/Playground/EmailVerificationRouteTest.php" line="55" class="Tests\Feature\Playground\Login\Blade\Http\Controllers\Playground\EmailVerificationRouteTest" classname="Tests.Feature.Playground.Login.Blade.Http.Controllers.Playground.EmailVerificationRouteTest" assertions="4" time="0.082324"/>
        <testcase name="test_send_email_verification_notification_as_guest_and_redirect" file="/app/vendor/gammamatrix/playground-login-blade/tests/Feature/Http/Controllers/Playground/EmailVerificationRouteTest.php" line="75" class="Tests\Feature\Playground\Login\Blade\Http\Controllers\Playground\EmailVerificationRouteTest" classname="Tests.Feature.Playground.Login.Blade.Http.Controllers.Playground.EmailVerificationRouteTest" assertions="4" time="0.082836"/>
        <testcase name="test_send_email_verification_notification_as_user" file="/app/vendor/gammamatrix/playground-login-blade/tests/Feature/Http/Controllers/Playground/EmailVerificationRouteTest.php" line="88" class="Tests\Feature\Playground\Login\Blade\Http\Controllers\Playground\EmailVerificationRouteTest" classname="Tests.Feature.Playground.Login.Blade.Http.Controllers.Playground.EmailVerificationRouteTest" assertions="3" time="0.093201"/>
        <testcase name="test_send_email_verification_notification_when_already_verified" file="/app/vendor/gammamatrix/playground-login-blade/tests/Feature/Http/Controllers/Playground/EmailVerificationRouteTest.php" line="117" class="Tests\Feature\Playground\Login\Blade\Http\Controllers\Playground\EmailVerificationRouteTest" classname="Tests.Feature.Playground.Login.Blade.Http.Controllers.Playground.EmailVerificationRouteTest" assertions="2" time="0.090798"/>
        <testcase name="test_email_can_be_verified" file="/app/vendor/gammamatrix/playground-login-blade/tests/Feature/Http/Controllers/Playground/EmailVerificationRouteTest.php" line="137" class="Tests\Feature\Playground\Login\Blade\Http\Controllers\Playground\EmailVerificationRouteTest" classname="Tests.Feature.Playground.Login.Blade.Http.Controllers.Playground.EmailVerificationRouteTest" assertions="4" time="0.108185"/>
        <testcase name="test_email_is_not_verified_with_invalid_hash" file="/app/vendor/gammamatrix/playground-login-blade/tests/Feature/Http/Controllers/Playground/EmailVerificationRouteTest.php" line="175" class="Tests\Feature\Playground\Login\Blade\Http\Controllers\Playground\EmailVerificationRouteTest" classname="Tests.Feature.Playground.Login.Blade.Http.Controllers.Playground.EmailVerificationRouteTest" assertions="1" time="0.094690"/>
        <testcase name="test_email_is_not_verified_with_invalid_user_id" file="/app/vendor/gammamatrix/playground-login-blade/tests/Feature/Http/Controllers/Playground/EmailVerificationRouteTest.php" line="208" class="Tests\Feature\Playground\Login\Blade\Http\Controllers\Playground\EmailVerificationRouteTest" classname="Tests.Feature.Playground.Login.Blade.Http.Controllers.Playground.EmailVerificationRouteTest" assertions="1" time="0.095466"/>
        <testcase name="test_email_verified_with_already_verified" file="/app/vendor/gammamatrix/playground-login-blade/tests/Feature/Http/Controllers/Playground/EmailVerificationRouteTest.php" line="241" class="Tests\Feature\Playground\Login\Blade\Http\Controllers\Playground\EmailVerificationRouteTest" classname="Tests.Feature.Playground.Login.Blade.Http.Controllers.Playground.EmailVerificationRouteTest" assertions="4" time="0.094733"/>
      </testsuite>
      <testsuite name="Tests\Feature\Playground\Login\Blade\Http\Controllers\Playground\PasswordConfirmationRouteTest" file="/app/vendor/gammamatrix/playground-login-blade/tests/Feature/Http/Controllers/Playground/PasswordConfirmationRouteTest.php" tests="3" assertions="4" errors="0" failures="0" skipped="0" time="0.503905">
        <testcase name="test_confirm_password_screen_can_be_rendered" file="/app/vendor/gammamatrix/playground-login-blade/tests/Feature/Http/Controllers/Playground/PasswordConfirmationRouteTest.php" line="21" class="Tests\Feature\Playground\Login\Blade\Http\Controllers\Playground\PasswordConfirmationRouteTest" classname="Tests.Feature.Playground.Login.Blade.Http.Controllers.Playground.PasswordConfirmationRouteTest" assertions="1" time="0.117931"/>
        <testcase name="test_password_can_be_confirmed" file="/app/vendor/gammamatrix/playground-login-blade/tests/Feature/Http/Controllers/Playground/PasswordConfirmationRouteTest.php" line="33" class="Tests\Feature\Playground\Login\Blade\Http\Controllers\Playground\PasswordConfirmationRouteTest" classname="Tests.Feature.Playground.Login.Blade.Http.Controllers.Playground.PasswordConfirmationRouteTest" assertions="2" time="0.092298"/>
        <testcase name="test_password_is_not_confirmed_with_invalid_password" file="/app/vendor/gammamatrix/playground-login-blade/tests/Feature/Http/Controllers/Playground/PasswordConfirmationRouteTest.php" line="48" class="Tests\Feature\Playground\Login\Blade\Http\Controllers\Playground\PasswordConfirmationRouteTest" classname="Tests.Feature.Playground.Login.Blade.Http.Controllers.Playground.PasswordConfirmationRouteTest" assertions="1" time="0.293677"/>
      </testsuite>
      <testsuite name="Tests\Feature\Playground\Login\Blade\Http\Controllers\Playground\PasswordResetRouteTest" file="/app/vendor/gammamatrix/playground-login-blade/tests/Feature/Http/Controllers/Playground/PasswordResetRouteTest.php" tests="6" assertions="11" errors="0" failures="0" skipped="0" time="0.618595">
        <testcase name="test_reset_password_link_screen_can_be_rendered" file="/app/vendor/gammamatrix/playground-login-blade/tests/Feature/Http/Controllers/Playground/PasswordResetRouteTest.php" line="23" class="Tests\Feature\Playground\Login\Blade\Http\Controllers\Playground\PasswordResetRouteTest" classname="Tests.Feature.Playground.Login.Blade.Http.Controllers.Playground.PasswordResetRouteTest" assertions="1" time="0.089464"/>
        <testcase name="test_reset_password_link_can_be_requested" file="/app/vendor/gammamatrix/playground-login-blade/tests/Feature/Http/Controllers/Playground/PasswordResetRouteTest.php" line="30" class="Tests\Feature\Playground\Login\Blade\Http\Controllers\Playground\PasswordResetRouteTest" classname="Tests.Feature.Playground.Login.Blade.Http.Controllers.Playground.PasswordResetRouteTest" assertions="1" time="0.093873"/>
        <testcase name="test_reset_password_screen_can_be_rendered" file="/app/vendor/gammamatrix/playground-login-blade/tests/Feature/Http/Controllers/Playground/PasswordResetRouteTest.php" line="44" class="Tests\Feature\Playground\Login\Blade\Http\Controllers\Playground\PasswordResetRouteTest" classname="Tests.Feature.Playground.Login.Blade.Http.Controllers.Playground.PasswordResetRouteTest" assertions="3" time="0.106128"/>
        <testcase name="test_password_can_be_reset_with_valid_token" file="/app/vendor/gammamatrix/playground-login-blade/tests/Feature/Http/Controllers/Playground/PasswordResetRouteTest.php" line="66" class="Tests\Feature\Playground\Login\Blade\Http\Controllers\Playground\PasswordResetRouteTest" classname="Tests.Feature.Playground.Login.Blade.Http.Controllers.Playground.PasswordResetRouteTest" assertions="3" time="0.109327"/>
        <testcase name="test_password_reset_with_invalid_token" file="/app/vendor/gammamatrix/playground-login-blade/tests/Feature/Http/Controllers/Playground/PasswordResetRouteTest.php" line="92" class="Tests\Feature\Playground\Login\Blade\Http\Controllers\Playground\PasswordResetRouteTest" classname="Tests.Feature.Playground.Login.Blade.Http.Controllers.Playground.PasswordResetRouteTest" assertions="2" time="0.113244"/>
        <testcase name="test_password_reset_with_invalid_user" file="/app/vendor/gammamatrix/playground-login-blade/tests/Feature/Http/Controllers/Playground/PasswordResetRouteTest.php" line="117" class="Tests\Feature\Playground\Login\Blade\Http\Controllers\Playground\PasswordResetRouteTest" classname="Tests.Feature.Playground.Login.Blade.Http.Controllers.Playground.PasswordResetRouteTest" assertions="1" time="0.106558"/>
      </testsuite>
      <testsuite name="Tests\Feature\Playground\Login\Blade\Http\Controllers\Playground\RegistrationRouteTest" file="/app/vendor/gammamatrix/playground-login-blade/tests/Feature/Http/Controllers/Playground/RegistrationRouteTest.php" tests="2" assertions="4" errors="0" failures="0" skipped="0" time="0.186117">
        <testcase name="test_registration_screen_can_be_rendered" file="/app/vendor/gammamatrix/playground-login-blade/tests/Feature/Http/Controllers/Playground/RegistrationRouteTest.php" line="20" class="Tests\Feature\Playground\Login\Blade\Http\Controllers\Playground\RegistrationRouteTest" classname="Tests.Feature.Playground.Login.Blade.Http.Controllers.Playground.RegistrationRouteTest" assertions="1" time="0.091560"/>
        <testcase name="test_new_users_can_register" file="/app/vendor/gammamatrix/playground-login-blade/tests/Feature/Http/Controllers/Playground/RegistrationRouteTest.php" line="27" class="Tests\Feature\Playground\Login\Blade\Http\Controllers\Playground\RegistrationRouteTest" classname="Tests.Feature.Playground.Login.Blade.Http.Controllers.Playground.RegistrationRouteTest" assertions="3" time="0.094557"/>
      </testsuite>
      <testsuite name="Tests\Feature\Playground\Login\Blade\Http\Controllers\Sanctum\LogoutRouteTest" file="/app/vendor/gammamatrix/playground-login-blade/tests/Feature/Http/Controllers/Sanctum/LogoutRouteTest.php" tests="5" assertions="20" errors="0" failures="0" skipped="0" time="0.422380">
        <testcase name="test_sanctum_users_can_authenticate_and_logout_and_delete_token" file="/app/vendor/gammamatrix/playground-login-blade/tests/Feature/Http/Controllers/Sanctum/LogoutRouteTest.php" line="34" class="Tests\Feature\Playground\Login\Blade\Http\Controllers\Sanctum\LogoutRouteTest" classname="Tests.Feature.Playground.Login.Blade.Http.Controllers.Sanctum.LogoutRouteTest" assertions="5" time="0.092120"/>
        <testcase name="test_sanctum_users_can_logout_without_token_using_json" file="/app/vendor/gammamatrix/playground-login-blade/tests/Feature/Http/Controllers/Sanctum/LogoutRouteTest.php" line="61" class="Tests\Feature\Playground\Login\Blade\Http\Controllers\Sanctum\LogoutRouteTest" classname="Tests.Feature.Playground.Login.Blade.Http.Controllers.Sanctum.LogoutRouteTest" assertions="4" time="0.078788"/>
        <testcase name="test_sanctum_users_can_logout_all_tokens_without_token_using_json" file="/app/vendor/gammamatrix/playground-login-blade/tests/Feature/Http/Controllers/Sanctum/LogoutRouteTest.php" line="84" class="Tests\Feature\Playground\Login\Blade\Http\Controllers\Sanctum\LogoutRouteTest" classname="Tests.Feature.Playground.Login.Blade.Http.Controllers.Sanctum.LogoutRouteTest" assertions="4" time="0.079491"/>
        <testcase name="test_sanctum_users_can_logout_everywhere_tokens_without_token" file="/app/vendor/gammamatrix/playground-login-blade/tests/Feature/Http/Controllers/Sanctum/LogoutRouteTest.php" line="107" class="Tests\Feature\Playground\Login\Blade\Http\Controllers\Sanctum\LogoutRouteTest" classname="Tests.Feature.Playground.Login.Blade.Http.Controllers.Sanctum.LogoutRouteTest" assertions="2" time="0.081101"/>
        <testcase name="test_sanctum_users_can_authenticate_and_logout_and_delete_token_with_sessions" file="/app/vendor/gammamatrix/playground-login-blade/tests/Feature/Http/Controllers/Sanctum/LogoutRouteTest.php" line="125" class="Tests\Feature\Playground\Login\Blade\Http\Controllers\Sanctum\LogoutRouteTest" classname="Tests.Feature.Playground.Login.Blade.Http.Controllers.Sanctum.LogoutRouteTest" assertions="5" time="0.090880"/>
      </testsuite>
      <testsuite name="Tests\Feature\Playground\Http\Console\Commands\About\CommandTest" file="/app/vendor/gammamatrix/playground-http/tests/Feature/Console/Commands/About/CommandTest.php" tests="1" assertions="2" errors="0" failures="0" skipped="0" time="0.131421">
        <testcase name="test_command_about_displays_package_information_and_succeed_with_code_0" file="/app/vendor/gammamatrix/playground-http/tests/Feature/Console/Commands/About/CommandTest.php" line="19" class="Tests\Feature\Playground\Http\Console\Commands\About\CommandTest" classname="Tests.Feature.Playground.Http.Console.Commands.About.CommandTest" assertions="2" time="0.131421"/>
      </testsuite>
      <testsuite name="Tests\Feature\Playground\Site\Blade\Console\Commands\About\CommandTest" file="/app/vendor/gammamatrix/playground-site-blade/tests/Feature/Console/Commands/About/CommandTest.php" tests="1" assertions="2" errors="0" failures="0" skipped="0" time="0.289439">
        <testcase name="test_command_about_displays_package_information_and_succeed_with_code_0" file="/app/vendor/gammamatrix/playground-site-blade/tests/Feature/Console/Commands/About/CommandTest.php" line="19" class="Tests\Feature\Playground\Site\Blade\Console\Commands\About\CommandTest" classname="Tests.Feature.Playground.Site.Blade.Console.Commands.About.CommandTest" assertions="2" time="0.289439"/>
      </testsuite>
      <testsuite name="Tests\Feature\Playground\Site\Blade\Http\Controllers\Laravel\AboutRouteTest" file="/app/vendor/gammamatrix/playground-site-blade/tests/Feature/Http/Controllers/Laravel/AboutRouteTest.php" tests="4" assertions="4" errors="0" failures="0" skipped="0" time="0.659388">
        <testcase name="test_as_guest_and_succeed" file="/app/vendor/gammamatrix/playground-site-blade/tests/Feature/Http/Controllers/Laravel/AboutRouteTest.php" line="23" class="Tests\Feature\Playground\Site\Blade\Http\Controllers\Laravel\AboutRouteTest" classname="Tests.Feature.Playground.Site.Blade.Http.Controllers.Laravel.AboutRouteTest" assertions="1" time="0.201834"/>
        <testcase name="test_json_as_guest_and_succeed" file="/app/vendor/gammamatrix/playground-site-blade/tests/Feature/Http/Controllers/Laravel/AboutRouteTest.php" line="29" class="Tests\Feature\Playground\Site\Blade\Http\Controllers\Laravel\AboutRouteTest" classname="Tests.Feature.Playground.Site.Blade.Http.Controllers.Laravel.AboutRouteTest" assertions="1" time="0.143625"/>
        <testcase name="test_as_user_and_succeed" file="/app/vendor/gammamatrix/playground-site-blade/tests/Feature/Http/Controllers/Laravel/AboutRouteTest.php" line="35" class="Tests\Feature\Playground\Site\Blade\Http\Controllers\Laravel\AboutRouteTest" classname="Tests.Feature.Playground.Site.Blade.Http.Controllers.Laravel.AboutRouteTest" assertions="1" time="0.165254"/>
        <testcase name="test_json_as_user_and_succeed" file="/app/vendor/gammamatrix/playground-site-blade/tests/Feature/Http/Controllers/Laravel/AboutRouteTest.php" line="45" class="Tests\Feature\Playground\Site\Blade\Http\Controllers\Laravel\AboutRouteTest" classname="Tests.Feature.Playground.Site.Blade.Http.Controllers.Laravel.AboutRouteTest" assertions="1" time="0.148676"/>
      </testsuite>
      <testsuite name="Tests\Feature\Playground\Site\Blade\Http\Controllers\Laravel\BootstrapRouteTest" file="/app/vendor/gammamatrix/playground-site-blade/tests/Feature/Http/Controllers/Laravel/BootstrapRouteTest.php" tests="4" assertions="4" errors="0" failures="0" skipped="0" time="0.662560">
        <testcase name="test_as_guest_and_succeed" file="/app/vendor/gammamatrix/playground-site-blade/tests/Feature/Http/Controllers/Laravel/BootstrapRouteTest.php" line="23" class="Tests\Feature\Playground\Site\Blade\Http\Controllers\Laravel\BootstrapRouteTest" classname="Tests.Feature.Playground.Site.Blade.Http.Controllers.Laravel.BootstrapRouteTest" assertions="1" time="0.172491"/>
        <testcase name="test_json_as_guest_and_succeed" file="/app/vendor/gammamatrix/playground-site-blade/tests/Feature/Http/Controllers/Laravel/BootstrapRouteTest.php" line="29" class="Tests\Feature\Playground\Site\Blade\Http\Controllers\Laravel\BootstrapRouteTest" classname="Tests.Feature.Playground.Site.Blade.Http.Controllers.Laravel.BootstrapRouteTest" assertions="1" time="0.171105"/>
        <testcase name="test_as_wheel_and_succeed" file="/app/vendor/gammamatrix/playground-site-blade/tests/Feature/Http/Controllers/Laravel/BootstrapRouteTest.php" line="35" class="Tests\Feature\Playground\Site\Blade\Http\Controllers\Laravel\BootstrapRouteTest" classname="Tests.Feature.Playground.Site.Blade.Http.Controllers.Laravel.BootstrapRouteTest" assertions="1" time="0.161084"/>
        <testcase name="test_json_as_wheel_and_succeed" file="/app/vendor/gammamatrix/playground-site-blade/tests/Feature/Http/Controllers/Laravel/BootstrapRouteTest.php" line="45" class="Tests\Feature\Playground\Site\Blade\Http\Controllers\Laravel\BootstrapRouteTest" classname="Tests.Feature.Playground.Site.Blade.Http.Controllers.Laravel.BootstrapRouteTest" assertions="1" time="0.157880"/>
      </testsuite>
      <testsuite name="Tests\Feature\Playground\Site\Blade\Http\Controllers\Laravel\PublicDashboardRouteTest" file="/app/vendor/gammamatrix/playground-site-blade/tests/Feature/Http/Controllers/Laravel/PublicDashboardRouteTest.php" tests="4" assertions="6" errors="0" failures="0" skipped="0" time="0.618345">
        <testcase name="test_as_guest_and_fail_when_disabled_for_guest_and_no_redirect" file="/app/vendor/gammamatrix/playground-site-blade/tests/Feature/Http/Controllers/Laravel/PublicDashboardRouteTest.php" line="34" class="Tests\Feature\Playground\Site\Blade\Http\Controllers\Laravel\PublicDashboardRouteTest" classname="Tests.Feature.Playground.Site.Blade.Http.Controllers.Laravel.PublicDashboardRouteTest" assertions="1" time="0.155858"/>
        <testcase name="test_as_guest_and_redirect_when_disabled_for_all" file="/app/vendor/gammamatrix/playground-site-blade/tests/Feature/Http/Controllers/Laravel/PublicDashboardRouteTest.php" line="47" class="Tests\Feature\Playground\Site\Blade\Http\Controllers\Laravel\PublicDashboardRouteTest" classname="Tests.Feature.Playground.Site.Blade.Http.Controllers.Laravel.PublicDashboardRouteTest" assertions="2" time="0.152776"/>
        <testcase name="test_as_guest_and_redirect_when_disabled_for_guest" file="/app/vendor/gammamatrix/playground-site-blade/tests/Feature/Http/Controllers/Laravel/PublicDashboardRouteTest.php" line="56" class="Tests\Feature\Playground\Site\Blade\Http\Controllers\Laravel\PublicDashboardRouteTest" classname="Tests.Feature.Playground.Site.Blade.Http.Controllers.Laravel.PublicDashboardRouteTest" assertions="2" time="0.147056"/>
        <testcase name="test_as_guest_and_succeed" file="/app/vendor/gammamatrix/playground-site-blade/tests/Feature/Http/Controllers/Laravel/PublicDashboardRouteTest.php" line="66" class="Tests\Feature\Playground\Site\Blade\Http\Controllers\Laravel\PublicDashboardRouteTest" classname="Tests.Feature.Playground.Site.Blade.Http.Controllers.Laravel.PublicDashboardRouteTest" assertions="1" time="0.162655"/>
      </testsuite>
      <testsuite name="Tests\Feature\Playground\Site\Blade\Http\Controllers\Laravel\PublicHomeRouteTest" file="/app/vendor/gammamatrix/playground-site-blade/tests/Feature/Http/Controllers/Laravel/PublicHomeRouteTest.php" tests="4" assertions="4" errors="0" failures="0" skipped="0" time="0.609395">
        <testcase name="test_as_guest_and_succeed" file="/app/vendor/gammamatrix/playground-site-blade/tests/Feature/Http/Controllers/Laravel/PublicHomeRouteTest.php" line="34" class="Tests\Feature\Playground\Site\Blade\Http\Controllers\Laravel\PublicHomeRouteTest" classname="Tests.Feature.Playground.Site.Blade.Http.Controllers.Laravel.PublicHomeRouteTest" assertions="1" time="0.161045"/>
        <testcase name="test_json_as_guest_and_succeed" file="/app/vendor/gammamatrix/playground-site-blade/tests/Feature/Http/Controllers/Laravel/PublicHomeRouteTest.php" line="40" class="Tests\Feature\Playground\Site\Blade\Http\Controllers\Laravel\PublicHomeRouteTest" classname="Tests.Feature.Playground.Site.Blade.Http.Controllers.Laravel.PublicHomeRouteTest" assertions="1" time="0.143634"/>
        <testcase name="test_as_admin_and_succeed" file="/app/vendor/gammamatrix/playground-site-blade/tests/Feature/Http/Controllers/Laravel/PublicHomeRouteTest.php" line="46" class="Tests\Feature\Playground\Site\Blade\Http\Controllers\Laravel\PublicHomeRouteTest" classname="Tests.Feature.Playground.Site.Blade.Http.Controllers.Laravel.PublicHomeRouteTest" assertions="1" time="0.156623"/>
        <testcase name="test_json_as_admin_and_succeed" file="/app/vendor/gammamatrix/playground-site-blade/tests/Feature/Http/Controllers/Laravel/PublicHomeRouteTest.php" line="56" class="Tests\Feature\Playground\Site\Blade\Http\Controllers\Laravel\PublicHomeRouteTest" classname="Tests.Feature.Playground.Site.Blade.Http.Controllers.Laravel.PublicHomeRouteTest" assertions="1" time="0.148092"/>
      </testsuite>
      <testsuite name="Tests\Feature\Playground\Site\Blade\Http\Controllers\Laravel\PublicSitemapRouteTest" file="/app/vendor/gammamatrix/playground-site-blade/tests/Feature/Http/Controllers/Laravel/PublicSitemapRouteTest.php" tests="9" assertions="12" errors="0" failures="0" skipped="0" time="1.423755">
        <testcase name="test_as_guest_and_fail_when_disabled_for_guest_and_no_redirect" file="/app/vendor/gammamatrix/playground-site-blade/tests/Feature/Http/Controllers/Laravel/PublicSitemapRouteTest.php" line="23" class="Tests\Feature\Playground\Site\Blade\Http\Controllers\Laravel\PublicSitemapRouteTest" classname="Tests.Feature.Playground.Site.Blade.Http.Controllers.Laravel.PublicSitemapRouteTest" assertions="1" time="0.171117"/>
        <testcase name="test_as_guest_and_redirect_when_disabled_for_all" file="/app/vendor/gammamatrix/playground-site-blade/tests/Feature/Http/Controllers/Laravel/PublicSitemapRouteTest.php" line="33" class="Tests\Feature\Playground\Site\Blade\Http\Controllers\Laravel\PublicSitemapRouteTest" classname="Tests.Feature.Playground.Site.Blade.Http.Controllers.Laravel.PublicSitemapRouteTest" assertions="2" time="0.143516"/>
        <testcase name="test_as_guest_and_redirect_when_disabled_for_guest" file="/app/vendor/gammamatrix/playground-site-blade/tests/Feature/Http/Controllers/Laravel/PublicSitemapRouteTest.php" line="42" class="Tests\Feature\Playground\Site\Blade\Http\Controllers\Laravel\PublicSitemapRouteTest" classname="Tests.Feature.Playground.Site.Blade.Http.Controllers.Laravel.PublicSitemapRouteTest" assertions="2" time="0.161738"/>
        <testcase name="test_as_guest_and_succeed" file="/app/vendor/gammamatrix/playground-site-blade/tests/Feature/Http/Controllers/Laravel/PublicSitemapRouteTest.php" line="52" class="Tests\Feature\Playground\Site\Blade\Http\Controllers\Laravel\PublicSitemapRouteTest" classname="Tests.Feature.Playground.Site.Blade.Http.Controllers.Laravel.PublicSitemapRouteTest" assertions="1" time="0.157949"/>
        <testcase name="test_as_user_and_succeed" file="/app/vendor/gammamatrix/playground-site-blade/tests/Feature/Http/Controllers/Laravel/PublicSitemapRouteTest.php" line="62" class="Tests\Feature\Playground\Site\Blade\Http\Controllers\Laravel\PublicSitemapRouteTest" classname="Tests.Feature.Playground.Site.Blade.Http.Controllers.Laravel.PublicSitemapRouteTest" assertions="1" time="0.157075"/>
        <testcase name="test_as_support_and_fail_when_disabled_for_all" file="/app/vendor/gammamatrix/playground-site-blade/tests/Feature/Http/Controllers/Laravel/PublicSitemapRouteTest.php" line="76" class="Tests\Feature\Playground\Site\Blade\Http\Controllers\Laravel\PublicSitemapRouteTest" classname="Tests.Feature.Playground.Site.Blade.Http.Controllers.Laravel.PublicSitemapRouteTest" assertions="2" time="0.147986"/>
        <testcase name="test_as_user_and_fail_when_disabled_for_all_and_no_redirect" file="/app/vendor/gammamatrix/playground-site-blade/tests/Feature/Http/Controllers/Laravel/PublicSitemapRouteTest.php" line="89" class="Tests\Feature\Playground\Site\Blade\Http\Controllers\Laravel\PublicSitemapRouteTest" classname="Tests.Feature.Playground.Site.Blade.Http.Controllers.Laravel.PublicSitemapRouteTest" assertions="1" time="0.150976"/>
        <testcase name="test_as_admin_and_succeed" file="/app/vendor/gammamatrix/playground-site-blade/tests/Feature/Http/Controllers/Laravel/PublicSitemapRouteTest.php" line="102" class="Tests\Feature\Playground\Site\Blade\Http\Controllers\Laravel\PublicSitemapRouteTest" classname="Tests.Feature.Playground.Site.Blade.Http.Controllers.Laravel.PublicSitemapRouteTest" assertions="1" time="0.157895"/>
        <testcase name="test_as_user_and_succeed_with_package_sitemaps" file="/app/vendor/gammamatrix/playground-site-blade/tests/Feature/Http/Controllers/Laravel/PublicSitemapRouteTest.php" line="115" class="Tests\Feature\Playground\Site\Blade\Http\Controllers\Laravel\PublicSitemapRouteTest" classname="Tests.Feature.Playground.Site.Blade.Http.Controllers.Laravel.PublicSitemapRouteTest" assertions="1" time="0.175504"/>
      </testsuite>
      <testsuite name="Tests\Feature\Playground\Site\Blade\Http\Controllers\Laravel\ThemeRouteTest" file="/app/vendor/gammamatrix/playground-site-blade/tests/Feature/Http/Controllers/Laravel/ThemeRouteTest.php" tests="4" assertions="7" errors="0" failures="0" skipped="0" time="0.602235">
        <testcase name="test_as_guest_and_succeed" file="/app/vendor/gammamatrix/playground-site-blade/tests/Feature/Http/Controllers/Laravel/ThemeRouteTest.php" line="23" class="Tests\Feature\Playground\Site\Blade\Http\Controllers\Laravel\ThemeRouteTest" classname="Tests.Feature.Playground.Site.Blade.Http.Controllers.Laravel.ThemeRouteTest" assertions="2" time="0.146146"/>
        <testcase name="test_as_guest_with_preview_and_succeed" file="/app/vendor/gammamatrix/playground-site-blade/tests/Feature/Http/Controllers/Laravel/ThemeRouteTest.php" line="29" class="Tests\Feature\Playground\Site\Blade\Http\Controllers\Laravel\ThemeRouteTest" classname="Tests.Feature.Playground.Site.Blade.Http.Controllers.Laravel.ThemeRouteTest" assertions="1" time="0.154899"/>
        <testcase name="test_as_user_and_succeed" file="/app/vendor/gammamatrix/playground-site-blade/tests/Feature/Http/Controllers/Laravel/ThemeRouteTest.php" line="35" class="Tests\Feature\Playground\Site\Blade\Http\Controllers\Laravel\ThemeRouteTest" classname="Tests.Feature.Playground.Site.Blade.Http.Controllers.Laravel.ThemeRouteTest" assertions="2" time="0.150216"/>
        <testcase name="test_as_admin_and_succeed_with_theme_and_redirect" file="/app/vendor/gammamatrix/playground-site-blade/tests/Feature/Http/Controllers/Laravel/ThemeRouteTest.php" line="47" class="Tests\Feature\Playground\Site\Blade\Http\Controllers\Laravel\ThemeRouteTest" classname="Tests.Feature.Playground.Site.Blade.Http.Controllers.Laravel.ThemeRouteTest" assertions="2" time="0.150974"/>
      </testsuite>
      <testsuite name="Tests\Feature\Playground\Site\Blade\Http\Controllers\Laravel\UserDashboardRouteTest" file="/app/vendor/gammamatrix/playground-site-blade/tests/Feature/Http/Controllers/Laravel/UserDashboardRouteTest.php" tests="8" assertions="16" errors="0" failures="0" skipped="0" time="1.209044">
        <testcase name="test_as_guest_and_fail_when_disabled_for_guest_and_no_redirect_with_auth_middleware" file="/app/vendor/gammamatrix/playground-site-blade/tests/Feature/Http/Controllers/Laravel/UserDashboardRouteTest.php" line="22" class="Tests\Feature\Playground\Site\Blade\Http\Controllers\Laravel\UserDashboardRouteTest" classname="Tests.Feature.Playground.Site.Blade.Http.Controllers.Laravel.UserDashboardRouteTest" assertions="3" time="0.143786"/>
        <testcase name="test_as_guest_and_redirect" file="/app/vendor/gammamatrix/playground-site-blade/tests/Feature/Http/Controllers/Laravel/UserDashboardRouteTest.php" line="35" class="Tests\Feature\Playground\Site\Blade\Http\Controllers\Laravel\UserDashboardRouteTest" classname="Tests.Feature.Playground.Site.Blade.Http.Controllers.Laravel.UserDashboardRouteTest" assertions="3" time="0.145225"/>
        <testcase name="test_as_guest_and_redirect_when_disabled_for_guest" file="/app/vendor/gammamatrix/playground-site-blade/tests/Feature/Http/Controllers/Laravel/UserDashboardRouteTest.php" line="43" class="Tests\Feature\Playground\Site\Blade\Http\Controllers\Laravel\UserDashboardRouteTest" classname="Tests.Feature.Playground.Site.Blade.Http.Controllers.Laravel.UserDashboardRouteTest" assertions="3" time="0.162829"/>
        <testcase name="test_as_guest_and_fail" file="/app/vendor/gammamatrix/playground-site-blade/tests/Feature/Http/Controllers/Laravel/UserDashboardRouteTest.php" line="55" class="Tests\Feature\Playground\Site\Blade\Http\Controllers\Laravel\UserDashboardRouteTest" classname="Tests.Feature.Playground.Site.Blade.Http.Controllers.Laravel.UserDashboardRouteTest" assertions="2" time="0.143938"/>
        <testcase name="test_as_user_and_succeed" file="/app/vendor/gammamatrix/playground-site-blade/tests/Feature/Http/Controllers/Laravel/UserDashboardRouteTest.php" line="68" class="Tests\Feature\Playground\Site\Blade\Http\Controllers\Laravel\UserDashboardRouteTest" classname="Tests.Feature.Playground.Site.Blade.Http.Controllers.Laravel.UserDashboardRouteTest" assertions="1" time="0.167793"/>
        <testcase name="test_as_user_and_fail_when_disabled_for_all" file="/app/vendor/gammamatrix/playground-site-blade/tests/Feature/Http/Controllers/Laravel/UserDashboardRouteTest.php" line="82" class="Tests\Feature\Playground\Site\Blade\Http\Controllers\Laravel\UserDashboardRouteTest" classname="Tests.Feature.Playground.Site.Blade.Http.Controllers.Laravel.UserDashboardRouteTest" assertions="2" time="0.147234"/>
        <testcase name="test_as_user_and_fail_when_disabled_for_all_and_no_redirect" file="/app/vendor/gammamatrix/playground-site-blade/tests/Feature/Http/Controllers/Laravel/UserDashboardRouteTest.php" line="95" class="Tests\Feature\Playground\Site\Blade\Http\Controllers\Laravel\UserDashboardRouteTest" classname="Tests.Feature.Playground.Site.Blade.Http.Controllers.Laravel.UserDashboardRouteTest" assertions="1" time="0.149802"/>
        <testcase name="test_json_as_admin_and_succeed" file="/app/vendor/gammamatrix/playground-site-blade/tests/Feature/Http/Controllers/Laravel/UserDashboardRouteTest.php" line="108" class="Tests\Feature\Playground\Site\Blade\Http\Controllers\Laravel\UserDashboardRouteTest" classname="Tests.Feature.Playground.Site.Blade.Http.Controllers.Laravel.UserDashboardRouteTest" assertions="1" time="0.148437"/>
      </testsuite>
      <testsuite name="Tests\Feature\Playground\Site\Blade\Http\Controllers\Laravel\UserHomeRouteTest" file="/app/vendor/gammamatrix/playground-site-blade/tests/Feature/Http/Controllers/Laravel/UserHomeRouteTest.php" tests="4" assertions="7" errors="0" failures="0" skipped="0" time="0.612149">
        <testcase name="test_route_home_as_guest_and_fail" file="/app/vendor/gammamatrix/playground-site-blade/tests/Feature/Http/Controllers/Laravel/UserHomeRouteTest.php" line="22" class="Tests\Feature\Playground\Site\Blade\Http\Controllers\Laravel\UserHomeRouteTest" classname="Tests.Feature.Playground.Site.Blade.Http.Controllers.Laravel.UserHomeRouteTest" assertions="3" time="0.162255"/>
        <testcase name="test_route_json_home_as_guest_and_fail" file="/app/vendor/gammamatrix/playground-site-blade/tests/Feature/Http/Controllers/Laravel/UserHomeRouteTest.php" line="30" class="Tests\Feature\Playground\Site\Blade\Http\Controllers\Laravel\UserHomeRouteTest" classname="Tests.Feature.Playground.Site.Blade.Http.Controllers.Laravel.UserHomeRouteTest" assertions="2" time="0.143473"/>
        <testcase name="test_route_home_as_user_admin_and_succeed" file="/app/vendor/gammamatrix/playground-site-blade/tests/Feature/Http/Controllers/Laravel/UserHomeRouteTest.php" line="40" class="Tests\Feature\Playground\Site\Blade\Http\Controllers\Laravel\UserHomeRouteTest" classname="Tests.Feature.Playground.Site.Blade.Http.Controllers.Laravel.UserHomeRouteTest" assertions="1" time="0.157286"/>
        <testcase name="test_route_json_home_as_admin_and_succeed" file="/app/vendor/gammamatrix/playground-site-blade/tests/Feature/Http/Controllers/Laravel/UserHomeRouteTest.php" line="50" class="Tests\Feature\Playground\Site\Blade\Http\Controllers\Laravel\UserHomeRouteTest" classname="Tests.Feature.Playground.Site.Blade.Http.Controllers.Laravel.UserHomeRouteTest" assertions="1" time="0.149134"/>
      </testsuite>
      <testsuite name="Tests\Feature\Playground\Site\Blade\Http\Controllers\Laravel\UserSitemapRouteTest" file="/app/vendor/gammamatrix/playground-site-blade/tests/Feature/Http/Controllers/Laravel/UserSitemapRouteTest.php" tests="9" assertions="12" errors="0" failures="0" skipped="0" time="1.387462">
        <testcase name="test_route_sitemap_as_guest_and_fail_when_disabled_for_guest_and_no_redirect" file="/app/vendor/gammamatrix/playground-site-blade/tests/Feature/Http/Controllers/Laravel/UserSitemapRouteTest.php" line="34" class="Tests\Feature\Playground\Site\Blade\Http\Controllers\Laravel\UserSitemapRouteTest" classname="Tests.Feature.Playground.Site.Blade.Http.Controllers.Laravel.UserSitemapRouteTest" assertions="1" time="0.153899"/>
        <testcase name="test_route_sitemap_as_guest_and_redirect_when_disabled_for_all" file="/app/vendor/gammamatrix/playground-site-blade/tests/Feature/Http/Controllers/Laravel/UserSitemapRouteTest.php" line="44" class="Tests\Feature\Playground\Site\Blade\Http\Controllers\Laravel\UserSitemapRouteTest" classname="Tests.Feature.Playground.Site.Blade.Http.Controllers.Laravel.UserSitemapRouteTest" assertions="2" time="0.144173"/>
        <testcase name="test_route_sitemap_as_guest_and_redirect_when_disabled_for_guest" file="/app/vendor/gammamatrix/playground-site-blade/tests/Feature/Http/Controllers/Laravel/UserSitemapRouteTest.php" line="53" class="Tests\Feature\Playground\Site\Blade\Http\Controllers\Laravel\UserSitemapRouteTest" classname="Tests.Feature.Playground.Site.Blade.Http.Controllers.Laravel.UserSitemapRouteTest" assertions="2" time="0.142987"/>
        <testcase name="test_route_json_sitemap_as_guest_and_fail" file="/app/vendor/gammamatrix/playground-site-blade/tests/Feature/Http/Controllers/Laravel/UserSitemapRouteTest.php" line="63" class="Tests\Feature\Playground\Site\Blade\Http\Controllers\Laravel\UserSitemapRouteTest" classname="Tests.Feature.Playground.Site.Blade.Http.Controllers.Laravel.UserSitemapRouteTest" assertions="1" time="0.171402"/>
        <testcase name="test_route_sitemap_as_user_and_succeed" file="/app/vendor/gammamatrix/playground-site-blade/tests/Feature/Http/Controllers/Laravel/UserSitemapRouteTest.php" line="73" class="Tests\Feature\Playground\Site\Blade\Http\Controllers\Laravel\UserSitemapRouteTest" classname="Tests.Feature.Playground.Site.Blade.Http.Controllers.Laravel.UserSitemapRouteTest" assertions="1" time="0.160497"/>
        <testcase name="test_route_sitemap_as_support_and_fail_when_disabled_for_all" file="/app/vendor/gammamatrix/playground-site-blade/tests/Feature/Http/Controllers/Laravel/UserSitemapRouteTest.php" line="87" class="Tests\Feature\Playground\Site\Blade\Http\Controllers\Laravel\UserSitemapRouteTest" classname="Tests.Feature.Playground.Site.Blade.Http.Controllers.Laravel.UserSitemapRouteTest" assertions="2" time="0.147965"/>
        <testcase name="test_route_sitemap_as_user_and_fail_when_disabled_for_all_and_no_redirect" file="/app/vendor/gammamatrix/playground-site-blade/tests/Feature/Http/Controllers/Laravel/UserSitemapRouteTest.php" line="100" class="Tests\Feature\Playground\Site\Blade\Http\Controllers\Laravel\UserSitemapRouteTest" classname="Tests.Feature.Playground.Site.Blade.Http.Controllers.Laravel.UserSitemapRouteTest" assertions="1" time="0.149794"/>
        <testcase name="test_route_json_sitemap_as_admin_and_succeed" file="/app/vendor/gammamatrix/playground-site-blade/tests/Feature/Http/Controllers/Laravel/UserSitemapRouteTest.php" line="113" class="Tests\Feature\Playground\Site\Blade\Http\Controllers\Laravel\UserSitemapRouteTest" classname="Tests.Feature.Playground.Site.Blade.Http.Controllers.Laravel.UserSitemapRouteTest" assertions="1" time="0.157584"/>
        <testcase name="test_route_sitemap_as_user_and_succeed_with_package_sitemaps" file="/app/vendor/gammamatrix/playground-site-blade/tests/Feature/Http/Controllers/Laravel/UserSitemapRouteTest.php" line="128" class="Tests\Feature\Playground\Site\Blade\Http\Controllers\Laravel\UserSitemapRouteTest" classname="Tests.Feature.Playground.Site.Blade.Http.Controllers.Laravel.UserSitemapRouteTest" assertions="1" time="0.159162"/>
      </testsuite>
      <testsuite name="Tests\Feature\Playground\Site\Blade\Http\Controllers\Laravel\WelcomeRouteTest" file="/app/vendor/gammamatrix/playground-site-blade/tests/Feature/Http/Controllers/Laravel/WelcomeRouteTest.php" tests="4" assertions="4" errors="0" failures="0" skipped="0" time="0.620602">
        <testcase name="test_as_guest_and_succeed" file="/app/vendor/gammamatrix/playground-site-blade/tests/Feature/Http/Controllers/Laravel/WelcomeRouteTest.php" line="22" class="Tests\Feature\Playground\Site\Blade\Http\Controllers\Laravel\WelcomeRouteTest" classname="Tests.Feature.Playground.Site.Blade.Http.Controllers.Laravel.WelcomeRouteTest" assertions="1" time="0.180906"/>
        <testcase name="test_json_as_guest_and_succeed" file="/app/vendor/gammamatrix/playground-site-blade/tests/Feature/Http/Controllers/Laravel/WelcomeRouteTest.php" line="28" class="Tests\Feature\Playground\Site\Blade\Http\Controllers\Laravel\WelcomeRouteTest" classname="Tests.Feature.Playground.Site.Blade.Http.Controllers.Laravel.WelcomeRouteTest" assertions="1" time="0.144374"/>
        <testcase name="test_as_user_and_succeed" file="/app/vendor/gammamatrix/playground-site-blade/tests/Feature/Http/Controllers/Laravel/WelcomeRouteTest.php" line="34" class="Tests\Feature\Playground\Site\Blade\Http\Controllers\Laravel\WelcomeRouteTest" classname="Tests.Feature.Playground.Site.Blade.Http.Controllers.Laravel.WelcomeRouteTest" assertions="1" time="0.147302"/>
        <testcase name="test_json_as_manager_admin_and_succeed" file="/app/vendor/gammamatrix/playground-site-blade/tests/Feature/Http/Controllers/Laravel/WelcomeRouteTest.php" line="44" class="Tests\Feature\Playground\Site\Blade\Http\Controllers\Laravel\WelcomeRouteTest" classname="Tests.Feature.Playground.Site.Blade.Http.Controllers.Laravel.WelcomeRouteTest" assertions="1" time="0.148020"/>
      </testsuite>
      <testsuite name="Tests\Feature\Playground\Site\Blade\Http\Controllers\Playground\AboutRouteTest" file="/app/vendor/gammamatrix/playground-site-blade/tests/Feature/Http/Controllers/Playground/AboutRouteTest.php" tests="10" assertions="16" errors="0" failures="0" skipped="0" time="1.697767">
        <testcase name="test_as_guest_and_succeed" file="/app/vendor/gammamatrix/playground-site-blade/tests/Feature/Http/Controllers/Playground/AboutRouteTest.php" line="23" class="Tests\Feature\Playground\Site\Blade\Http\Controllers\Playground\AboutRouteTest" classname="Tests.Feature.Playground.Site.Blade.Http.Controllers.Playground.AboutRouteTest" assertions="1" time="0.164415"/>
        <testcase name="test_json_as_guest_and_succeed" file="/app/vendor/gammamatrix/playground-site-blade/tests/Feature/Http/Controllers/Playground/AboutRouteTest.php" line="29" class="Tests\Feature\Playground\Site\Blade\Http\Controllers\Playground\AboutRouteTest" classname="Tests.Feature.Playground.Site.Blade.Http.Controllers.Playground.AboutRouteTest" assertions="1" time="0.151645"/>
        <testcase name="test_as_user_and_succeed" file="/app/vendor/gammamatrix/playground-site-blade/tests/Feature/Http/Controllers/Playground/AboutRouteTest.php" line="35" class="Tests\Feature\Playground\Site\Blade\Http\Controllers\Playground\AboutRouteTest" classname="Tests.Feature.Playground.Site.Blade.Http.Controllers.Playground.AboutRouteTest" assertions="1" time="0.172231"/>
        <testcase name="test_json_as_user_and_succeed" file="/app/vendor/gammamatrix/playground-site-blade/tests/Feature/Http/Controllers/Playground/AboutRouteTest.php" line="45" class="Tests\Feature\Playground\Site\Blade\Http\Controllers\Playground\AboutRouteTest" classname="Tests.Feature.Playground.Site.Blade.Http.Controllers.Playground.AboutRouteTest" assertions="1" time="0.181444"/>
        <testcase name="test_as_client_and_succeed" file="/app/vendor/gammamatrix/playground-site-blade/tests/Feature/Http/Controllers/Playground/AboutRouteTest.php" line="55" class="Tests\Feature\Playground\Site\Blade\Http\Controllers\Playground\AboutRouteTest" classname="Tests.Feature.Playground.Site.Blade.Http.Controllers.Playground.AboutRouteTest" assertions="2" time="0.184830"/>
        <testcase name="test_json_as_client_and_succeed" file="/app/vendor/gammamatrix/playground-site-blade/tests/Feature/Http/Controllers/Playground/AboutRouteTest.php" line="66" class="Tests\Feature\Playground\Site\Blade\Http\Controllers\Playground\AboutRouteTest" classname="Tests.Feature.Playground.Site.Blade.Http.Controllers.Playground.AboutRouteTest" assertions="2" time="0.160837"/>
        <testcase name="test_as_manager_and_succeed" file="/app/vendor/gammamatrix/playground-site-blade/tests/Feature/Http/Controllers/Playground/AboutRouteTest.php" line="77" class="Tests\Feature\Playground\Site\Blade\Http\Controllers\Playground\AboutRouteTest" classname="Tests.Feature.Playground.Site.Blade.Http.Controllers.Playground.AboutRouteTest" assertions="2" time="0.172513"/>
        <testcase name="test_json_as_manager_and_succeed" file="/app/vendor/gammamatrix/playground-site-blade/tests/Feature/Http/Controllers/Playground/AboutRouteTest.php" line="88" class="Tests\Feature\Playground\Site\Blade\Http\Controllers\Playground\AboutRouteTest" classname="Tests.Feature.Playground.Site.Blade.Http.Controllers.Playground.AboutRouteTest" assertions="2" time="0.162116"/>
        <testcase name="test_as_admin_and_succeed" file="/app/vendor/gammamatrix/playground-site-blade/tests/Feature/Http/Controllers/Playground/AboutRouteTest.php" line="99" class="Tests\Feature\Playground\Site\Blade\Http\Controllers\Playground\AboutRouteTest" classname="Tests.Feature.Playground.Site.Blade.Http.Controllers.Playground.AboutRouteTest" assertions="2" time="0.171467"/>
        <testcase name="test_json_as_admin_and_succeed" file="/app/vendor/gammamatrix/playground-site-blade/tests/Feature/Http/Controllers/Playground/AboutRouteTest.php" line="110" class="Tests\Feature\Playground\Site\Blade\Http\Controllers\Playground\AboutRouteTest" classname="Tests.Feature.Playground.Site.Blade.Http.Controllers.Playground.AboutRouteTest" assertions="2" time="0.176269"/>
      </testsuite>
      <testsuite name="Tests\Feature\Playground\Site\Blade\Http\Controllers\Playground\BootstrapRouteTest" file="/app/vendor/gammamatrix/playground-site-blade/tests/Feature/Http/Controllers/Playground/BootstrapRouteTest.php" tests="4" assertions="4" errors="0" failures="0" skipped="0" time="0.685549">
        <testcase name="test_as_guest_and_succeed" file="/app/vendor/gammamatrix/playground-site-blade/tests/Feature/Http/Controllers/Playground/BootstrapRouteTest.php" line="23" class="Tests\Feature\Playground\Site\Blade\Http\Controllers\Playground\BootstrapRouteTest" classname="Tests.Feature.Playground.Site.Blade.Http.Controllers.Playground.BootstrapRouteTest" assertions="1" time="0.165186"/>
        <testcase name="test_json_as_guest_and_succeed" file="/app/vendor/gammamatrix/playground-site-blade/tests/Feature/Http/Controllers/Playground/BootstrapRouteTest.php" line="29" class="Tests\Feature\Playground\Site\Blade\Http\Controllers\Playground\BootstrapRouteTest" classname="Tests.Feature.Playground.Site.Blade.Http.Controllers.Playground.BootstrapRouteTest" assertions="1" time="0.164549"/>
        <testcase name="test_as_wheel_and_succeed" file="/app/vendor/gammamatrix/playground-site-blade/tests/Feature/Http/Controllers/Playground/BootstrapRouteTest.php" line="35" class="Tests\Feature\Playground\Site\Blade\Http\Controllers\Playground\BootstrapRouteTest" classname="Tests.Feature.Playground.Site.Blade.Http.Controllers.Playground.BootstrapRouteTest" assertions="1" time="0.183099"/>
        <testcase name="test_json_as_wheel_and_succeed" file="/app/vendor/gammamatrix/playground-site-blade/tests/Feature/Http/Controllers/Playground/BootstrapRouteTest.php" line="45" class="Tests\Feature\Playground\Site\Blade\Http\Controllers\Playground\BootstrapRouteTest" classname="Tests.Feature.Playground.Site.Blade.Http.Controllers.Playground.BootstrapRouteTest" assertions="1" time="0.172714"/>
      </testsuite>
      <testsuite name="Tests\Feature\Playground\Site\Blade\Http\Controllers\Playground\PublicDashboardRouteTest" file="/app/vendor/gammamatrix/playground-site-blade/tests/Feature/Http/Controllers/Playground/PublicDashboardRouteTest.php" tests="4" assertions="6" errors="0" failures="0" skipped="0" time="0.616909">
        <testcase name="test_as_guest_and_fail_when_disabled_for_guest_and_no_redirect" file="/app/vendor/gammamatrix/playground-site-blade/tests/Feature/Http/Controllers/Playground/PublicDashboardRouteTest.php" line="34" class="Tests\Feature\Playground\Site\Blade\Http\Controllers\Playground\PublicDashboardRouteTest" classname="Tests.Feature.Playground.Site.Blade.Http.Controllers.Playground.PublicDashboardRouteTest" assertions="1" time="0.154244"/>
        <testcase name="test_as_guest_and_redirect_when_disabled_for_all" file="/app/vendor/gammamatrix/playground-site-blade/tests/Feature/Http/Controllers/Playground/PublicDashboardRouteTest.php" line="47" class="Tests\Feature\Playground\Site\Blade\Http\Controllers\Playground\PublicDashboardRouteTest" classname="Tests.Feature.Playground.Site.Blade.Http.Controllers.Playground.PublicDashboardRouteTest" assertions="2" time="0.154939"/>
        <testcase name="test_as_guest_and_redirect_when_disabled_for_guest" file="/app/vendor/gammamatrix/playground-site-blade/tests/Feature/Http/Controllers/Playground/PublicDashboardRouteTest.php" line="56" class="Tests\Feature\Playground\Site\Blade\Http\Controllers\Playground\PublicDashboardRouteTest" classname="Tests.Feature.Playground.Site.Blade.Http.Controllers.Playground.PublicDashboardRouteTest" assertions="2" time="0.154669"/>
        <testcase name="test_as_guest_and_succeed" file="/app/vendor/gammamatrix/playground-site-blade/tests/Feature/Http/Controllers/Playground/PublicDashboardRouteTest.php" line="66" class="Tests\Feature\Playground\Site\Blade\Http\Controllers\Playground\PublicDashboardRouteTest" classname="Tests.Feature.Playground.Site.Blade.Http.Controllers.Playground.PublicDashboardRouteTest" assertions="1" time="0.153057"/>
      </testsuite>
      <testsuite name="Tests\Feature\Playground\Site\Blade\Http\Controllers\Playground\PublicHomeRouteTest" file="/app/vendor/gammamatrix/playground-site-blade/tests/Feature/Http/Controllers/Playground/PublicHomeRouteTest.php" tests="4" assertions="4" errors="0" failures="0" skipped="0" time="0.672931">
        <testcase name="test_as_guest_and_succeed" file="/app/vendor/gammamatrix/playground-site-blade/tests/Feature/Http/Controllers/Playground/PublicHomeRouteTest.php" line="34" class="Tests\Feature\Playground\Site\Blade\Http\Controllers\Playground\PublicHomeRouteTest" classname="Tests.Feature.Playground.Site.Blade.Http.Controllers.Playground.PublicHomeRouteTest" assertions="1" time="0.163023"/>
        <testcase name="test_json_as_guest_and_succeed" file="/app/vendor/gammamatrix/playground-site-blade/tests/Feature/Http/Controllers/Playground/PublicHomeRouteTest.php" line="40" class="Tests\Feature\Playground\Site\Blade\Http\Controllers\Playground\PublicHomeRouteTest" classname="Tests.Feature.Playground.Site.Blade.Http.Controllers.Playground.PublicHomeRouteTest" assertions="1" time="0.153462"/>
        <testcase name="test_as_admin_and_succeed" file="/app/vendor/gammamatrix/playground-site-blade/tests/Feature/Http/Controllers/Playground/PublicHomeRouteTest.php" line="46" class="Tests\Feature\Playground\Site\Blade\Http\Controllers\Playground\PublicHomeRouteTest" classname="Tests.Feature.Playground.Site.Blade.Http.Controllers.Playground.PublicHomeRouteTest" assertions="1" time="0.181587"/>
        <testcase name="test_json_as_admin_and_succeed" file="/app/vendor/gammamatrix/playground-site-blade/tests/Feature/Http/Controllers/Playground/PublicHomeRouteTest.php" line="56" class="Tests\Feature\Playground\Site\Blade\Http\Controllers\Playground\PublicHomeRouteTest" classname="Tests.Feature.Playground.Site.Blade.Http.Controllers.Playground.PublicHomeRouteTest" assertions="1" time="0.174859"/>
      </testsuite>
      <testsuite name="Tests\Feature\Playground\Site\Blade\Http\Controllers\Playground\PublicSitemapRouteTest" file="/app/vendor/gammamatrix/playground-site-blade/tests/Feature/Http/Controllers/Playground/PublicSitemapRouteTest.php" tests="9" assertions="12" errors="0" failures="0" skipped="0" time="1.489949">
        <testcase name="test_as_guest_and_fail_when_disabled_for_guest_and_no_redirect" file="/app/vendor/gammamatrix/playground-site-blade/tests/Feature/Http/Controllers/Playground/PublicSitemapRouteTest.php" line="23" class="Tests\Feature\Playground\Site\Blade\Http\Controllers\Playground\PublicSitemapRouteTest" classname="Tests.Feature.Playground.Site.Blade.Http.Controllers.Playground.PublicSitemapRouteTest" assertions="1" time="0.153785"/>
        <testcase name="test_as_guest_and_redirect_when_disabled_for_all" file="/app/vendor/gammamatrix/playground-site-blade/tests/Feature/Http/Controllers/Playground/PublicSitemapRouteTest.php" line="33" class="Tests\Feature\Playground\Site\Blade\Http\Controllers\Playground\PublicSitemapRouteTest" classname="Tests.Feature.Playground.Site.Blade.Http.Controllers.Playground.PublicSitemapRouteTest" assertions="2" time="0.151467"/>
        <testcase name="test_as_guest_and_redirect_when_disabled_for_guest" file="/app/vendor/gammamatrix/playground-site-blade/tests/Feature/Http/Controllers/Playground/PublicSitemapRouteTest.php" line="42" class="Tests\Feature\Playground\Site\Blade\Http\Controllers\Playground\PublicSitemapRouteTest" classname="Tests.Feature.Playground.Site.Blade.Http.Controllers.Playground.PublicSitemapRouteTest" assertions="2" time="0.154642"/>
        <testcase name="test_as_guest_and_succeed" file="/app/vendor/gammamatrix/playground-site-blade/tests/Feature/Http/Controllers/Playground/PublicSitemapRouteTest.php" line="52" class="Tests\Feature\Playground\Site\Blade\Http\Controllers\Playground\PublicSitemapRouteTest" classname="Tests.Feature.Playground.Site.Blade.Http.Controllers.Playground.PublicSitemapRouteTest" assertions="1" time="0.161853"/>
        <testcase name="test_as_user_and_succeed" file="/app/vendor/gammamatrix/playground-site-blade/tests/Feature/Http/Controllers/Playground/PublicSitemapRouteTest.php" line="62" class="Tests\Feature\Playground\Site\Blade\Http\Controllers\Playground\PublicSitemapRouteTest" classname="Tests.Feature.Playground.Site.Blade.Http.Controllers.Playground.PublicSitemapRouteTest" assertions="1" time="0.169033"/>
        <testcase name="test_as_support_and_fail_when_disabled_for_all" file="/app/vendor/gammamatrix/playground-site-blade/tests/Feature/Http/Controllers/Playground/PublicSitemapRouteTest.php" line="76" class="Tests\Feature\Playground\Site\Blade\Http\Controllers\Playground\PublicSitemapRouteTest" classname="Tests.Feature.Playground.Site.Blade.Http.Controllers.Playground.PublicSitemapRouteTest" assertions="2" time="0.181982"/>
        <testcase name="test_as_user_and_fail_when_disabled_for_all_and_no_redirect" file="/app/vendor/gammamatrix/playground-site-blade/tests/Feature/Http/Controllers/Playground/PublicSitemapRouteTest.php" line="89" class="Tests\Feature\Playground\Site\Blade\Http\Controllers\Playground\PublicSitemapRouteTest" classname="Tests.Feature.Playground.Site.Blade.Http.Controllers.Playground.PublicSitemapRouteTest" assertions="1" time="0.173313"/>
        <testcase name="test_as_admin_and_succeed" file="/app/vendor/gammamatrix/playground-site-blade/tests/Feature/Http/Controllers/Playground/PublicSitemapRouteTest.php" line="102" class="Tests\Feature\Playground\Site\Blade\Http\Controllers\Playground\PublicSitemapRouteTest" classname="Tests.Feature.Playground.Site.Blade.Http.Controllers.Playground.PublicSitemapRouteTest" assertions="1" time="0.173615"/>
        <testcase name="test_as_user_and_succeed_with_package_sitemaps" file="/app/vendor/gammamatrix/playground-site-blade/tests/Feature/Http/Controllers/Playground/PublicSitemapRouteTest.php" line="115" class="Tests\Feature\Playground\Site\Blade\Http\Controllers\Playground\PublicSitemapRouteTest" classname="Tests.Feature.Playground.Site.Blade.Http.Controllers.Playground.PublicSitemapRouteTest" assertions="1" time="0.170258"/>
      </testsuite>
      <testsuite name="Tests\Feature\Playground\Site\Blade\Http\Controllers\Playground\ThemeRouteTest" file="/app/vendor/gammamatrix/playground-site-blade/tests/Feature/Http/Controllers/Playground/ThemeRouteTest.php" tests="4" assertions="7" errors="0" failures="0" skipped="0" time="0.663246">
        <testcase name="test_as_guest_and_succeed" file="/app/vendor/gammamatrix/playground-site-blade/tests/Feature/Http/Controllers/Playground/ThemeRouteTest.php" line="23" class="Tests\Feature\Playground\Site\Blade\Http\Controllers\Playground\ThemeRouteTest" classname="Tests.Feature.Playground.Site.Blade.Http.Controllers.Playground.ThemeRouteTest" assertions="2" time="0.153776"/>
        <testcase name="test_as_guest_with_preview_and_succeed" file="/app/vendor/gammamatrix/playground-site-blade/tests/Feature/Http/Controllers/Playground/ThemeRouteTest.php" line="29" class="Tests\Feature\Playground\Site\Blade\Http\Controllers\Playground\ThemeRouteTest" classname="Tests.Feature.Playground.Site.Blade.Http.Controllers.Playground.ThemeRouteTest" assertions="1" time="0.161189"/>
        <testcase name="test_as_user_and_succeed" file="/app/vendor/gammamatrix/playground-site-blade/tests/Feature/Http/Controllers/Playground/ThemeRouteTest.php" line="35" class="Tests\Feature\Playground\Site\Blade\Http\Controllers\Playground\ThemeRouteTest" classname="Tests.Feature.Playground.Site.Blade.Http.Controllers.Playground.ThemeRouteTest" assertions="2" time="0.183696"/>
        <testcase name="test_as_admin_and_succeed_with_theme_and_redirect" file="/app/vendor/gammamatrix/playground-site-blade/tests/Feature/Http/Controllers/Playground/ThemeRouteTest.php" line="47" class="Tests\Feature\Playground\Site\Blade\Http\Controllers\Playground\ThemeRouteTest" classname="Tests.Feature.Playground.Site.Blade.Http.Controllers.Playground.ThemeRouteTest" assertions="2" time="0.164584"/>
      </testsuite>
      <testsuite name="Tests\Feature\Playground\Site\Blade\Http\Controllers\Playground\UserDashboardRouteTest" file="/app/vendor/gammamatrix/playground-site-blade/tests/Feature/Http/Controllers/Playground/UserDashboardRouteTest.php" tests="8" assertions="16" errors="0" failures="0" skipped="0" time="1.305065">
        <testcase name="test_as_guest_and_fail_when_disabled_for_guest_and_no_redirect_with_auth_middleware" file="/app/vendor/gammamatrix/playground-site-blade/tests/Feature/Http/Controllers/Playground/UserDashboardRouteTest.php" line="22" class="Tests\Feature\Playground\Site\Blade\Http\Controllers\Playground\UserDashboardRouteTest" classname="Tests.Feature.Playground.Site.Blade.Http.Controllers.Playground.UserDashboardRouteTest" assertions="3" time="0.151014"/>
        <testcase name="test_as_guest_and_redirect" file="/app/vendor/gammamatrix/playground-site-blade/tests/Feature/Http/Controllers/Playground/UserDashboardRouteTest.php" line="35" class="Tests\Feature\Playground\Site\Blade\Http\Controllers\Playground\UserDashboardRouteTest" classname="Tests.Feature.Playground.Site.Blade.Http.Controllers.Playground.UserDashboardRouteTest" assertions="3" time="0.163126"/>
        <testcase name="test_as_guest_and_redirect_when_disabled_for_guest" file="/app/vendor/gammamatrix/playground-site-blade/tests/Feature/Http/Controllers/Playground/UserDashboardRouteTest.php" line="43" class="Tests\Feature\Playground\Site\Blade\Http\Controllers\Playground\UserDashboardRouteTest" classname="Tests.Feature.Playground.Site.Blade.Http.Controllers.Playground.UserDashboardRouteTest" assertions="3" time="0.153821"/>
        <testcase name="test_as_guest_and_fail" file="/app/vendor/gammamatrix/playground-site-blade/tests/Feature/Http/Controllers/Playground/UserDashboardRouteTest.php" line="55" class="Tests\Feature\Playground\Site\Blade\Http\Controllers\Playground\UserDashboardRouteTest" classname="Tests.Feature.Playground.Site.Blade.Http.Controllers.Playground.UserDashboardRouteTest" assertions="2" time="0.151550"/>
        <testcase name="test_as_user_and_succeed" file="/app/vendor/gammamatrix/playground-site-blade/tests/Feature/Http/Controllers/Playground/UserDashboardRouteTest.php" line="68" class="Tests\Feature\Playground\Site\Blade\Http\Controllers\Playground\UserDashboardRouteTest" classname="Tests.Feature.Playground.Site.Blade.Http.Controllers.Playground.UserDashboardRouteTest" assertions="1" time="0.196052"/>
        <testcase name="test_as_user_and_fail_when_disabled_for_all" file="/app/vendor/gammamatrix/playground-site-blade/tests/Feature/Http/Controllers/Playground/UserDashboardRouteTest.php" line="82" class="Tests\Feature\Playground\Site\Blade\Http\Controllers\Playground\UserDashboardRouteTest" classname="Tests.Feature.Playground.Site.Blade.Http.Controllers.Playground.UserDashboardRouteTest" assertions="2" time="0.162928"/>
        <testcase name="test_as_user_and_fail_when_disabled_for_all_and_no_redirect" file="/app/vendor/gammamatrix/playground-site-blade/tests/Feature/Http/Controllers/Playground/UserDashboardRouteTest.php" line="95" class="Tests\Feature\Playground\Site\Blade\Http\Controllers\Playground\UserDashboardRouteTest" classname="Tests.Feature.Playground.Site.Blade.Http.Controllers.Playground.UserDashboardRouteTest" assertions="1" time="0.165189"/>
        <testcase name="test_json_as_admin_and_succeed" file="/app/vendor/gammamatrix/playground-site-blade/tests/Feature/Http/Controllers/Playground/UserDashboardRouteTest.php" line="108" class="Tests\Feature\Playground\Site\Blade\Http\Controllers\Playground\UserDashboardRouteTest" classname="Tests.Feature.Playground.Site.Blade.Http.Controllers.Playground.UserDashboardRouteTest" assertions="1" time="0.161386"/>
      </testsuite>
      <testsuite name="Tests\Feature\Playground\Site\Blade\Http\Controllers\Playground\UserHomeRouteTest" file="/app/vendor/gammamatrix/playground-site-blade/tests/Feature/Http/Controllers/Playground/UserHomeRouteTest.php" tests="4" assertions="7" errors="0" failures="0" skipped="0" time="0.667718">
        <testcase name="test_route_home_as_guest_and_fail" file="/app/vendor/gammamatrix/playground-site-blade/tests/Feature/Http/Controllers/Playground/UserHomeRouteTest.php" line="22" class="Tests\Feature\Playground\Site\Blade\Http\Controllers\Playground\UserHomeRouteTest" classname="Tests.Feature.Playground.Site.Blade.Http.Controllers.Playground.UserHomeRouteTest" assertions="3" time="0.151708"/>
        <testcase name="test_route_json_home_as_guest_and_fail" file="/app/vendor/gammamatrix/playground-site-blade/tests/Feature/Http/Controllers/Playground/UserHomeRouteTest.php" line="30" class="Tests\Feature\Playground\Site\Blade\Http\Controllers\Playground\UserHomeRouteTest" classname="Tests.Feature.Playground.Site.Blade.Http.Controllers.Playground.UserHomeRouteTest" assertions="2" time="0.160841"/>
        <testcase name="test_route_home_as_user_admin_and_succeed" file="/app/vendor/gammamatrix/playground-site-blade/tests/Feature/Http/Controllers/Playground/UserHomeRouteTest.php" line="40" class="Tests\Feature\Playground\Site\Blade\Http\Controllers\Playground\UserHomeRouteTest" classname="Tests.Feature.Playground.Site.Blade.Http.Controllers.Playground.UserHomeRouteTest" assertions="1" time="0.192029"/>
        <testcase name="test_route_json_home_as_admin_and_succeed" file="/app/vendor/gammamatrix/playground-site-blade/tests/Feature/Http/Controllers/Playground/UserHomeRouteTest.php" line="50" class="Tests\Feature\Playground\Site\Blade\Http\Controllers\Playground\UserHomeRouteTest" classname="Tests.Feature.Playground.Site.Blade.Http.Controllers.Playground.UserHomeRouteTest" assertions="1" time="0.163140"/>
      </testsuite>
      <testsuite name="Tests\Feature\Playground\Site\Blade\Http\Controllers\Playground\UserSitemapRouteTest" file="/app/vendor/gammamatrix/playground-site-blade/tests/Feature/Http/Controllers/Playground/UserSitemapRouteTest.php" tests="9" assertions="12" errors="0" failures="0" skipped="0" time="1.498205">
        <testcase name="test_route_sitemap_as_guest_and_fail_when_disabled_for_guest_and_no_redirect" file="/app/vendor/gammamatrix/playground-site-blade/tests/Feature/Http/Controllers/Playground/UserSitemapRouteTest.php" line="34" class="Tests\Feature\Playground\Site\Blade\Http\Controllers\Playground\UserSitemapRouteTest" classname="Tests.Feature.Playground.Site.Blade.Http.Controllers.Playground.UserSitemapRouteTest" assertions="1" time="0.154037"/>
        <testcase name="test_route_sitemap_as_guest_and_redirect_when_disabled_for_all" file="/app/vendor/gammamatrix/playground-site-blade/tests/Feature/Http/Controllers/Playground/UserSitemapRouteTest.php" line="44" class="Tests\Feature\Playground\Site\Blade\Http\Controllers\Playground\UserSitemapRouteTest" classname="Tests.Feature.Playground.Site.Blade.Http.Controllers.Playground.UserSitemapRouteTest" assertions="2" time="0.153175"/>
        <testcase name="test_route_sitemap_as_guest_and_redirect_when_disabled_for_guest" file="/app/vendor/gammamatrix/playground-site-blade/tests/Feature/Http/Controllers/Playground/UserSitemapRouteTest.php" line="53" class="Tests\Feature\Playground\Site\Blade\Http\Controllers\Playground\UserSitemapRouteTest" classname="Tests.Feature.Playground.Site.Blade.Http.Controllers.Playground.UserSitemapRouteTest" assertions="2" time="0.152649"/>
        <testcase name="test_route_json_sitemap_as_guest_and_fail" file="/app/vendor/gammamatrix/playground-site-blade/tests/Feature/Http/Controllers/Playground/UserSitemapRouteTest.php" line="63" class="Tests\Feature\Playground\Site\Blade\Http\Controllers\Playground\UserSitemapRouteTest" classname="Tests.Feature.Playground.Site.Blade.Http.Controllers.Playground.UserSitemapRouteTest" assertions="1" time="0.162061"/>
        <testcase name="test_route_sitemap_as_user_and_succeed" file="/app/vendor/gammamatrix/playground-site-blade/tests/Feature/Http/Controllers/Playground/UserSitemapRouteTest.php" line="73" class="Tests\Feature\Playground\Site\Blade\Http\Controllers\Playground\UserSitemapRouteTest" classname="Tests.Feature.Playground.Site.Blade.Http.Controllers.Playground.UserSitemapRouteTest" assertions="1" time="0.192482"/>
        <testcase name="test_route_sitemap_as_support_and_fail_when_disabled_for_all" file="/app/vendor/gammamatrix/playground-site-blade/tests/Feature/Http/Controllers/Playground/UserSitemapRouteTest.php" line="87" class="Tests\Feature\Playground\Site\Blade\Http\Controllers\Playground\UserSitemapRouteTest" classname="Tests.Feature.Playground.Site.Blade.Http.Controllers.Playground.UserSitemapRouteTest" assertions="2" time="0.164383"/>
        <testcase name="test_route_sitemap_as_user_and_fail_when_disabled_for_all_and_no_redirect" file="/app/vendor/gammamatrix/playground-site-blade/tests/Feature/Http/Controllers/Playground/UserSitemapRouteTest.php" line="100" class="Tests\Feature\Playground\Site\Blade\Http\Controllers\Playground\UserSitemapRouteTest" classname="Tests.Feature.Playground.Site.Blade.Http.Controllers.Playground.UserSitemapRouteTest" assertions="1" time="0.175261"/>
        <testcase name="test_route_json_sitemap_as_admin_and_succeed" file="/app/vendor/gammamatrix/playground-site-blade/tests/Feature/Http/Controllers/Playground/UserSitemapRouteTest.php" line="113" class="Tests\Feature\Playground\Site\Blade\Http\Controllers\Playground\UserSitemapRouteTest" classname="Tests.Feature.Playground.Site.Blade.Http.Controllers.Playground.UserSitemapRouteTest" assertions="1" time="0.171870"/>
        <testcase name="test_route_sitemap_as_user_and_succeed_with_package_sitemaps" file="/app/vendor/gammamatrix/playground-site-blade/tests/Feature/Http/Controllers/Playground/UserSitemapRouteTest.php" line="128" class="Tests\Feature\Playground\Site\Blade\Http\Controllers\Playground\UserSitemapRouteTest" classname="Tests.Feature.Playground.Site.Blade.Http.Controllers.Playground.UserSitemapRouteTest" assertions="1" time="0.172286"/>
      </testsuite>
      <testsuite name="Tests\Feature\Playground\Site\Blade\Http\Controllers\Playground\WelcomeRouteTest" file="/app/vendor/gammamatrix/playground-site-blade/tests/Feature/Http/Controllers/Playground/WelcomeRouteTest.php" tests="4" assertions="4" errors="0" failures="0" skipped="0" time="0.656991">
        <testcase name="test_as_guest_and_succeed" file="/app/vendor/gammamatrix/playground-site-blade/tests/Feature/Http/Controllers/Playground/WelcomeRouteTest.php" line="22" class="Tests\Feature\Playground\Site\Blade\Http\Controllers\Playground\WelcomeRouteTest" classname="Tests.Feature.Playground.Site.Blade.Http.Controllers.Playground.WelcomeRouteTest" assertions="1" time="0.160782"/>
        <testcase name="test_json_as_guest_and_succeed" file="/app/vendor/gammamatrix/playground-site-blade/tests/Feature/Http/Controllers/Playground/WelcomeRouteTest.php" line="28" class="Tests\Feature\Playground\Site\Blade\Http\Controllers\Playground\WelcomeRouteTest" classname="Tests.Feature.Playground.Site.Blade.Http.Controllers.Playground.WelcomeRouteTest" assertions="1" time="0.175555"/>
        <testcase name="test_as_user_and_succeed" file="/app/vendor/gammamatrix/playground-site-blade/tests/Feature/Http/Controllers/Playground/WelcomeRouteTest.php" line="34" class="Tests\Feature\Playground\Site\Blade\Http\Controllers\Playground\WelcomeRouteTest" classname="Tests.Feature.Playground.Site.Blade.Http.Controllers.Playground.WelcomeRouteTest" assertions="1" time="0.160121"/>
        <testcase name="test_json_as_manager_admin_and_succeed" file="/app/vendor/gammamatrix/playground-site-blade/tests/Feature/Http/Controllers/Playground/WelcomeRouteTest.php" line="44" class="Tests\Feature\Playground\Site\Blade\Http\Controllers\Playground\WelcomeRouteTest" classname="Tests.Feature.Playground.Site.Blade.Http.Controllers.Playground.WelcomeRouteTest" assertions="1" time="0.160533"/>
      </testsuite>
      <testsuite name="Tests\Feature\Playground\Test\Console\Commands\About\CommandTest" file="/app/vendor/gammamatrix/playground-test/tests/Feature/Console/Commands/About/CommandTest.php" tests="1" assertions="2" errors="0" failures="0" skipped="0" time="0.151992">
        <testcase name="test_command_about_displays_package_information_and_succeed_with_code_0" file="/app/vendor/gammamatrix/playground-test/tests/Feature/Console/Commands/About/CommandTest.php" line="19" class="Tests\Feature\Playground\Test\Console\Commands\About\CommandTest" classname="Tests.Feature.Playground.Test.Console.Commands.About.CommandTest" assertions="2" time="0.151992"/>
      </testsuite>
    </testsuite>
  </testsuite>
</testsuites>
